Archive member included to satisfy reference by file (symbol)

c:/st/stm32cubeide_1.4.0/stm32cubeide/plugins/com.st.stm32cube.ide.mcu.externaltools.gnu-tools-for-stm32.10.3-2021.10.win32_1.0.0.202111181127/tools/bin/../lib/gcc/arm-none-eabi/10.3.1/../../../../arm-none-eabi/lib/thumb/v7e-m+fp/hard\libc_nano.a(lib_a-errno.o)
                              ./Core/Src/syscalls.o (__errno)
c:/st/stm32cubeide_1.4.0/stm32cubeide/plugins/com.st.stm32cube.ide.mcu.externaltools.gnu-tools-for-stm32.10.3-2021.10.win32_1.0.0.202111181127/tools/bin/../lib/gcc/arm-none-eabi/10.3.1/../../../../arm-none-eabi/lib/thumb/v7e-m+fp/hard\libc_nano.a(lib_a-exit.o)
                              c:/st/stm32cubeide_1.4.0/stm32cubeide/plugins/com.st.stm32cube.ide.mcu.externaltools.gnu-tools-for-stm32.10.3-2021.10.win32_1.0.0.202111181127/tools/bin/../lib/gcc/arm-none-eabi/10.3.1/../../../../arm-none-eabi/lib/thumb/v7e-m+fp/hard/crt0.o (exit)
c:/st/stm32cubeide_1.4.0/stm32cubeide/plugins/com.st.stm32cube.ide.mcu.externaltools.gnu-tools-for-stm32.10.3-2021.10.win32_1.0.0.202111181127/tools/bin/../lib/gcc/arm-none-eabi/10.3.1/../../../../arm-none-eabi/lib/thumb/v7e-m+fp/hard\libc_nano.a(lib_a-impure.o)
                              c:/st/stm32cubeide_1.4.0/stm32cubeide/plugins/com.st.stm32cube.ide.mcu.externaltools.gnu-tools-for-stm32.10.3-2021.10.win32_1.0.0.202111181127/tools/bin/../lib/gcc/arm-none-eabi/10.3.1/../../../../arm-none-eabi/lib/thumb/v7e-m+fp/hard\libc_nano.a(lib_a-exit.o) (_global_impure_ptr)
c:/st/stm32cubeide_1.4.0/stm32cubeide/plugins/com.st.stm32cube.ide.mcu.externaltools.gnu-tools-for-stm32.10.3-2021.10.win32_1.0.0.202111181127/tools/bin/../lib/gcc/arm-none-eabi/10.3.1/../../../../arm-none-eabi/lib/thumb/v7e-m+fp/hard\libc_nano.a(lib_a-init.o)
                              c:/st/stm32cubeide_1.4.0/stm32cubeide/plugins/com.st.stm32cube.ide.mcu.externaltools.gnu-tools-for-stm32.10.3-2021.10.win32_1.0.0.202111181127/tools/bin/../lib/gcc/arm-none-eabi/10.3.1/../../../../arm-none-eabi/lib/thumb/v7e-m+fp/hard/crt0.o (__libc_init_array)
c:/st/stm32cubeide_1.4.0/stm32cubeide/plugins/com.st.stm32cube.ide.mcu.externaltools.gnu-tools-for-stm32.10.3-2021.10.win32_1.0.0.202111181127/tools/bin/../lib/gcc/arm-none-eabi/10.3.1/../../../../arm-none-eabi/lib/thumb/v7e-m+fp/hard\libc_nano.a(lib_a-memcmp.o)
                              ./Middlewares/ST/STM32_WPAN/ble/core/template/osal.o (memcmp)
c:/st/stm32cubeide_1.4.0/stm32cubeide/plugins/com.st.stm32cube.ide.mcu.externaltools.gnu-tools-for-stm32.10.3-2021.10.win32_1.0.0.202111181127/tools/bin/../lib/gcc/arm-none-eabi/10.3.1/../../../../arm-none-eabi/lib/thumb/v7e-m+fp/hard\libc_nano.a(lib_a-memcpy-stub.o)
                              ./Middlewares/ST/STM32_WPAN/ble/core/template/osal.o (memcpy)
c:/st/stm32cubeide_1.4.0/stm32cubeide/plugins/com.st.stm32cube.ide.mcu.externaltools.gnu-tools-for-stm32.10.3-2021.10.win32_1.0.0.202111181127/tools/bin/../lib/gcc/arm-none-eabi/10.3.1/../../../../arm-none-eabi/lib/thumb/v7e-m+fp/hard\libc_nano.a(lib_a-memset.o)
                              c:/st/stm32cubeide_1.4.0/stm32cubeide/plugins/com.st.stm32cube.ide.mcu.externaltools.gnu-tools-for-stm32.10.3-2021.10.win32_1.0.0.202111181127/tools/bin/../lib/gcc/arm-none-eabi/10.3.1/../../../../arm-none-eabi/lib/thumb/v7e-m+fp/hard/crt0.o (memset)
c:/st/stm32cubeide_1.4.0/stm32cubeide/plugins/com.st.stm32cube.ide.mcu.externaltools.gnu-tools-for-stm32.10.3-2021.10.win32_1.0.0.202111181127/tools/bin/../lib/gcc/arm-none-eabi/10.3.1/../../../../arm-none-eabi/lib/thumb/v7e-m+fp/hard\libc_nano.a(lib_a-printf.o)
                              ./Middlewares/ST/STM32_WPAN/utilities/dbg_trace.o (printf)
c:/st/stm32cubeide_1.4.0/stm32cubeide/plugins/com.st.stm32cube.ide.mcu.externaltools.gnu-tools-for-stm32.10.3-2021.10.win32_1.0.0.202111181127/tools/bin/../lib/gcc/arm-none-eabi/10.3.1/../../../../arm-none-eabi/lib/thumb/v7e-m+fp/hard\libc_nano.a(lib_a-strlen.o)
                              ./STM32_WPAN/App/app_ble.o (strlen)
c:/st/stm32cubeide_1.4.0/stm32cubeide/plugins/com.st.stm32cube.ide.mcu.externaltools.gnu-tools-for-stm32.10.3-2021.10.win32_1.0.0.202111181127/tools/bin/../lib/gcc/arm-none-eabi/10.3.1/../../../../arm-none-eabi/lib/thumb/v7e-m+fp/hard\libc_nano.a(lib_a-strrchr.o)
                              ./Middlewares/ST/STM32_WPAN/utilities/dbg_trace.o (strrchr)
c:/st/stm32cubeide_1.4.0/stm32cubeide/plugins/com.st.stm32cube.ide.mcu.externaltools.gnu-tools-for-stm32.10.3-2021.10.win32_1.0.0.202111181127/tools/bin/../lib/gcc/arm-none-eabi/10.3.1/../../../../arm-none-eabi/lib/thumb/v7e-m+fp/hard\libc_nano.a(lib_a-vprintf.o)
                              ./Middlewares/ST/STM32_WPAN/utilities/dbg_trace.o (vprintf)
c:/st/stm32cubeide_1.4.0/stm32cubeide/plugins/com.st.stm32cube.ide.mcu.externaltools.gnu-tools-for-stm32.10.3-2021.10.win32_1.0.0.202111181127/tools/bin/../lib/gcc/arm-none-eabi/10.3.1/../../../../arm-none-eabi/lib/thumb/v7e-m+fp/hard\libc_nano.a(lib_a-findfp.o)
[...]
Memory Configuration

Name             Origin             Length             Attributes
FLASH            0x0000000008000000 0x0000000000080000 xr
RAM1             0x0000000020000004 0x000000000002fffc xrw
RAM_SHARED       0x0000000020030000 0x0000000000002800 xrw
*default*        0x0000000000000000 0xffffffffffffffff

Linker script and memory map

LOAD c:/st/stm32cubeide_1.4.0/stm32cubeide/plugins/com.st.stm32cube.ide.mcu.externaltools.gnu-tools-for-stm32.10.3-2021.10.win32_1.0.0.202111181127/tools/bin/../lib/gcc/arm-none-eabi/10.3.1/thumb/v7e-m+fp/hard/crti.o
LOAD c:/st/stm32cubeide_1.4.0/stm32cubeide/plugins/com.st.stm32cube.ide.mcu.externaltools.gnu-tools-for-stm32.10.3-2021.10.win32_1.0.0.202111181127/tools/bin/../lib/gcc/arm-none-eabi/10.3.1/thumb/v7e-m+fp/hard/crtbegin.o
LOAD c:/st/stm32cubeide_1.4.0/stm32cubeide/plugins/com.st.stm32cube.ide.mcu.externaltools.gnu-tools-for-stm32.10.3-2021.10.win32_1.0.0.202111181127/tools/bin/../lib/gcc/arm-none-eabi/10.3.1/../../../../arm-none-eabi/lib/thumb/v7e-m+fp/hard/crt0.o
LOAD ./Core/Src/app_debug.o
LOAD ./Core/Src/app_entry.o
LOAD ./Core/Src/hw_timerserver.o
LOAD ./Core/Src/main.o
LOAD ./Core/Src/stm32_lpm_if.o
LOAD ./Core/Src/stm32wbxx_hal_msp.o
LOAD ./Core/Src/stm32wbxx_it.o
LOAD ./Core/Src/syscalls.o
LOAD ./Core/Src/sysmem.o
LOAD ./Core/Src/system_stm32wbxx.o
LOAD ./Core/Startup/startup_stm32wb55rgvx.o
LOAD ./Drivers/STM32WBxx_HAL_Driver/Src/stm32wbxx_hal.o
LOAD ./Drivers/STM32WBxx_HAL_Driver/Src/stm32wbxx_hal_cortex.o
LOAD ./Drivers/STM32WBxx_HAL_Driver/Src/stm32wbxx_hal_dma.o
LOAD ./Drivers/STM32WBxx_HAL_Driver/Src/stm32wbxx_hal_dma_ex.o
LOAD ./Drivers/STM32WBxx_HAL_Driver/Src/stm32wbxx_hal_exti.o
LOAD ./Drivers/STM32WBxx_HAL_Driver/Src/stm32wbxx_hal_flash.o
LOAD ./Drivers/STM32WBxx_HAL_Driver/Src/stm32wbxx_hal_flash_ex.o
LOAD ./Drivers/STM32WBxx_HAL_Driver/Src/stm32wbxx_hal_gpio.o
LOAD ./Drivers/STM32WBxx_HAL_Driver/Src/stm32wbxx_hal_hsem.o
LOAD ./Drivers/STM32WBxx_HAL_Driver/Src/stm32wbxx_hal_ipcc.o
LOAD ./Drivers/STM32WBxx_HAL_Driver/Src/stm32wbxx_hal_pwr.o
LOAD ./Drivers/STM32WBxx_HAL_Driver/Src/stm32wbxx_hal_pwr_ex.o
LOAD ./Drivers/STM32WBxx_HAL_Driver/Src/stm32wbxx_hal_rcc.o
LOAD ./Drivers/STM32WBxx_HAL_Driver/Src/stm32wbxx_hal_rcc_ex.o
LOAD ./Drivers/STM32WBxx_HAL_Driver/Src/stm32wbxx_hal_rtc.o
LOAD ./Drivers/STM32WBxx_HAL_Driver/Src/stm32wbxx_hal_rtc_ex.o
LOAD ./Drivers/STM32WBxx_HAL_Driver/Src/stm32wbxx_hal_tim.o
LOAD ./Drivers/STM32WBxx_HAL_Driver/Src/stm32wbxx_hal_tim_ex.o
LOAD ./Middlewares/ST/STM32_WPAN/ble/core/auto/ble_events.o
LOAD ./Middlewares/ST/STM32_WPAN/ble/core/auto/ble_gap_aci.o
LOAD ./Middlewares/ST/STM32_WPAN/ble/core/auto/ble_gatt_aci.o
LOAD ./Middlewares/ST/STM32_WPAN/ble/core/auto/ble_hal_aci.o
LOAD ./Middlewares/ST/STM32_WPAN/ble/core/auto/ble_hci_le.o
LOAD ./Middlewares/ST/STM32_WPAN/ble/core/auto/ble_l2cap_aci.o
LOAD ./Middlewares/ST/STM32_WPAN/ble/core/template/osal.o
LOAD ./Middlewares/ST/STM32_WPAN/ble/svc/Src/svc_ctl.o
LOAD ./Middlewares/ST/STM32_WPAN/interface/patterns/ble_thread/shci/shci.o
LOAD ./Middlewares/ST/STM32_WPAN/interface/patterns/ble_thread/tl/hci_tl.o
LOAD ./Middlewares/ST/STM32_WPAN/interface/patterns/ble_thread/tl/hci_tl_if.o
LOAD ./Middlewares/ST/STM32_WPAN/interface/patterns/ble_thread/tl/shci_tl.o
LOAD ./Middlewares/ST/STM32_WPAN/interface/patterns/ble_thread/tl/shci_tl_if.o
LOAD ./Middlewares/ST/STM32_WPAN/interface/patterns/ble_thread/tl/tl_mbox.o
LOAD ./Middlewares/ST/STM32_WPAN/utilities/dbg_trace.o
LOAD ./Middlewares/ST/STM32_WPAN/utilities/otp.o
LOAD ./Middlewares/ST/STM32_WPAN/utilities/stm_list.o
LOAD ./Middlewares/ST/STM32_WPAN/utilities/stm_queue.o
LOAD ./STM32_WPAN/App/app_ble.o
LOAD ./STM32_WPAN/App/custom_app.o
LOAD ./STM32_WPAN/App/custom_stm.o
LOAD ./STM32_WPAN/Target/hw_ipcc.o
LOAD ./Utilities/lpm/tiny_lpm/stm32_lpm.o
LOAD ./Utilities/sequencer/stm32_seq.o
START GROUP
LOAD c:/st/stm32cubeide_1.4.0/stm32cubeide/plugins/com.st.stm32cube.ide.mcu.externaltools.gnu-tools-for-stm32.10.3-2021.10.win32_1.0.0.202111181127/tools/bin/../lib/gcc/arm-none-eabi/10.3.1/../../../../arm-none-eabi/lib/thumb/v7e-m+fp/hard\libc_nano.a
LOAD c:/st/stm32cubeide_1.4.0/stm32cubeide/plugins/com.st.stm32cube.ide.mcu.externaltools.gnu-tools-for-stm32.10.3-2021.10.win32_1.0.0.202111181127/tools/bin/../lib/gcc/arm-none-eabi/10.3.1/../../../../arm-none-eabi/lib/thumb/v7e-m+fp/hard\libm.a
END GROUP
START GROUP
LOAD c:/st/stm32cubeide_1.4.0/stm32cubeide/plugins/com.st.stm32cube.ide.mcu.externaltools.gnu-tools-for-stm32.10.3-2021.10.win32_1.0.0.202111181127/tools/bin/../lib/gcc/arm-none-eabi/10.3.1/thumb/v7e-m+fp/hard\libgcc.a
LOAD c:/st/stm32cubeide_1.4.0/stm32cubeide/plugins/com.st.stm32cube.ide.mcu.externaltools.gnu-tools-for-stm32.10.3-2021.10.win32_1.0.0.202111181127/tools/bin/../lib/gcc/arm-none-eabi/10.3.1/../../../../arm-none-eabi/lib/thumb/v7e-m+fp/hard\libc_nano.a
END GROUP
START GROUP
LOAD c:/st/stm32cubeide_1.4.0/stm32cubeide/plugins/com.st.stm32cube.ide.mcu.externaltools.gnu-tools-for-stm32.10.3-2021.10.win32_1.0.0.202111181127/tools/bin/../lib/gcc/arm-none-eabi/10.3.1/thumb/v7e-m+fp/hard\libgcc.a
LOAD c:/st/stm32cubeide_1.4.0/stm32cubeide/plugins/com.st.stm32cube.ide.mcu.externaltools.gnu-tools-for-stm32.10.3-2021.10.win32_1.0.0.202111181127/tools/bin/../lib/gcc/arm-none-eabi/10.3.1/../../../../arm-none-eabi/lib/thumb/v7e-m+fp/hard\libc_nano.a
LOAD c:/st/stm32cubeide_1.4.0/stm32cubeide/plugins/com.st.stm32cube.ide.mcu.externaltools.gnu-tools-for-stm32.10.3-2021.10.win32_1.0.0.202111181127/tools/bin/../lib/gcc/arm-none-eabi/10.3.1/../../../../arm-none-eabi/lib/thumb/v7e-m+fp/hard\libnosys.a
END GROUP
START GROUP
LOAD c:/st/stm32cubeide_1.4.0/stm32cubeide/plugins/com.st.stm32cube.ide.mcu.externaltools.gnu-tools-for-stm32.10.3-2021.10.win32_1.0.0.202111181127/tools/bin/../lib/gcc/arm-none-eabi/10.3.1/thumb/v7e-m+fp/hard\libgcc.a
LOAD c:/st/stm32cubeide_1.4.0/stm32cubeide/plugins/com.st.stm32cube.ide.mcu.externaltools.gnu-tools-for-stm32.10.3-2021.10.win32_1.0.0.202111181127/tools/bin/../lib/gcc/arm-none-eabi/10.3.1/../../../../arm-none-eabi/lib/thumb/v7e-m+fp/hard\libc_nano.a
LOAD c:/st/stm32cubeide_1.4.0/stm32cubeide/plugins/com.st.stm32cube.ide.mcu.externaltools.gnu-tools-for-stm32.10.3-2021.10.win32_1.0.0.202111181127/tools/bin/../lib/gcc/arm-none-eabi/10.3.1/../../../../arm-none-eabi/lib/thumb/v7e-m+fp/hard\libnosys.a
END GROUP
LOAD c:/st/stm32cubeide_1.4.0/stm32cubeide/plugins/com.st.stm32cube.ide.mcu.externaltools.gnu-tools-for-stm32.10.3-2021.10.win32_1.0.0.202111181127/tools/bin/../lib/gcc/arm-none-eabi/10.3.1/thumb/v7e-m+fp/hard/crtend.o
LOAD c:/st/stm32cubeide_1.4.0/stm32cubeide/plugins/com.st.stm32cube.ide.mcu.externaltools.gnu-tools-for-stm32.10.3-2021.10.win32_1.0.0.202111181127/tools/bin/../lib/gcc/arm-none-eabi/10.3.1/thumb/v7e-m+fp/hard/crtn.o
                0x0000000020030000                _estack = (ORIGIN (RAM1) + LENGTH (RAM1))
                0x0000000000000200                _Min_Heap_Size = 0x200
                0x0000000000000400                _Min_Stack_Size = 0x400

.isr_vector     0x0000000008000000      0x13c
                0x0000000008000000                . = ALIGN (0x4)
 *(.isr_vector)
 .isr_vector    0x0000000008000000      0x13c ./Core/Startup/startup_stm32wb55rgvx.o
                0x0000000008000000                g_pfnVectors
                0x000000000800013c                . = ALIGN (0x4)

.text           0x000000000800013c     0x758c
                0x000000000800013c                . = ALIGN (0x4)
 *(.text)
 .text          0x000000000800013c       0x40 c:/st/stm32cubeide_1.4.0/stm32cubeide/plugins/com.st.stm32cube.ide.mcu.externaltools.gnu-tools-for-stm32.10.3-2021.10.win32_1.0.0.202111181127/tools/bin/../lib/gcc/arm-none-eabi/10.3.1/thumb/v7e-m+fp/hard/crtbegin.o
 .text          0x000000000800017c       0x10 c:/st/stm32cubeide_1.4.0/stm32cubeide/plugins/com.st.stm32cube.ide.mcu.externaltools.gnu-tools-for-stm32.10.3-2021.10.win32_1.0.0.202111181127/tools/bin/../lib/gcc/arm-none-eabi/10.3.1/../../../../arm-none-eabi/lib/thumb/v7e-m+fp/hard\libc_nano.a(lib_a-strlen.o)
                0x000000000800017c                strlen
 *(.text*)
 .text.APPD_EnableCPU2
                0x000000000800018c       0x38 ./Core/Src/app_debug.o
                0x000000000800018c                APPD_EnableCPU2
 .text.LL_C2_PWR_SetPowerMode
                0x00000000080001c4       0x2c ./Core/Src/app_entry.o
 .text.LL_EXTI_EnableIT_32_63
                0x00000000080001f0       0x28 ./Core/Src/app_entry.o
 .text.LL_RCC_HSE_SetCapacitorTuning
                0x0000000008000218       0x3c ./Core/Src/app_entry.o
 .text.LL_RCC_SetClkAfterWakeFromStop
                0x0000000008000254       0x28 ./Core/Src/app_entry.o
 .text.LL_RCC_ForceBackupDomainReset
                0x000000000800027c       0x22 ./Core/Src/app_entry.o
 .text.LL_RCC_ReleaseBackupDomainReset
                0x000000000800029e       0x22 ./Core/Src/app_entry.o
 .text.LL_RCC_IsActiveFlag_PINRST
                0x00000000080002c0       0x26 ./Core/Src/app_entry.o
 .text.LL_RCC_IsActiveFlag_SFTRST
                0x00000000080002e6       0x26 ./Core/Src/app_entry.o
 .text.LL_AHB3_GRP1_EnableClock
                0x000000000800030c       0x32 ./Core/Src/app_entry.o
 *fill*         0x000000000800033e        0x2 
 .text.LL_DBGMCU_GetRevisionID
                0x0000000008000340       0x1c ./Core/Src/app_entry.o
 .text.LL_C1_IPCC_DisableTransmitChannel
                0x000000000800035c       0x24 ./Core/Src/app_entry.o
 .text.LL_C1_IPCC_DisableReceiveChannel
                0x0000000008000380       0x22 ./Core/Src/app_entry.o
 .text.LL_C2_IPCC_DisableTransmitChannel
                0x00000000080003a2       0x24 ./Core/Src/app_entry.o
 .text.LL_C2_IPCC_DisableReceiveChannel
                0x00000000080003c6       0x22 ./Core/Src/app_entry.o
 .text.LL_C1_IPCC_ClearFlag_CHx
                0x00000000080003e8       0x1c ./Core/Src/app_entry.o
 .text.LL_C2_IPCC_ClearFlag_CHx
                0x0000000008000404       0x1c ./Core/Src/app_entry.o
 .text.LL_RTC_EnableWriteProtection
                0x0000000008000420       0x1a ./Core/Src/app_entry.o
 .text.LL_RTC_DisableWriteProtection
                0x000000000800043a       0x20 ./Core/Src/app_entry.o
 .text.LL_RTC_WAKEUP_SetClock
                0x000000000800045a       0x26 ./Core/Src/app_entry.o
 .text.MX_APPE_Config
                0x0000000008000480       0x1c ./Core/Src/app_entry.o
                0x0000000008000480                MX_APPE_Config
 .text.MX_APPE_Init
                0x000000000800049c       0x20 ./Core/Src/app_entry.o
                0x000000000800049c                MX_APPE_Init
 .text.Init_Smps
                0x00000000080004bc        0xe ./Core/Src/app_entry.o
                0x00000000080004bc                Init_Smps
 .text.Init_Exti
                0x00000000080004ca        0xe ./Core/Src/app_entry.o
                0x00000000080004ca                Init_Exti
 .text.Reset_Device
                0x00000000080004d8       0x10 ./Core/Src/app_entry.o
 .text.Reset_BackupDomain
                0x00000000080004e8       0x2e ./Core/Src/app_entry.o
 *fill*         0x0000000008000516        0x2 
 .text.Reset_IPCC
                0x0000000008000518       0x44 ./Core/Src/app_entry.o
 .text.Config_HSE
                0x000000000800055c       0x28 ./Core/Src/app_entry.o
 .text.System_Init
                0x0000000008000584       0x14 ./Core/Src/app_entry.o
 .text.Init_Rtc
                0x0000000008000598       0x20 ./Core/Src/app_entry.o
 .text.SystemPower_Config
                0x00000000080005b8       0x1a ./Core/Src/app_entry.o
 *fill*         0x00000000080005d2        0x2 
 .text.appe_Tl_Init
                0x00000000080005d4       0x6c ./Core/Src/app_entry.o
 .text.APPE_SysStatusNot
                0x0000000008000640       0x16 ./Core/Src/app_entry.o
 *fill*         0x0000000008000656        0x2 
 .text.APPE_SysUserEvtRx
                0x0000000008000658       0x6c ./Core/Src/app_entry.o
 .text.APPE_SysEvtError
                0x00000000080006c4       0x22 ./Core/Src/app_entry.o
 .text.APPE_SysEvtReadyProcessing
                0x00000000080006e6       0x78 ./Core/Src/app_entry.o
 .text.MX_APPE_Process
                0x000000000800075e       0x10 ./Core/Src/app_entry.o
                0x000000000800075e                MX_APPE_Process
 .text.UTIL_SEQ_Idle
                0x000000000800076e        0xe ./Core/Src/app_entry.o
                0x000000000800076e                UTIL_SEQ_Idle
 .text.UTIL_SEQ_EvtIdle
                0x000000000800077c       0x1a ./Core/Src/app_entry.o
                0x000000000800077c                UTIL_SEQ_EvtIdle
 .text.shci_notify_asynch_evt
                0x0000000008000796       0x18 ./Core/Src/app_entry.o
                0x0000000008000796                shci_notify_asynch_evt
 .text.shci_cmd_resp_release
                0x00000000080007ae       0x16 ./Core/Src/app_entry.o
                0x00000000080007ae                shci_cmd_resp_release
 .text.shci_cmd_resp_wait
                0x00000000080007c4       0x16 ./Core/Src/app_entry.o
                0x00000000080007c4                shci_cmd_resp_wait
 *fill*         0x00000000080007da        0x2 
 .text.LL_EXTI_EnableIT_0_31
                0x00000000080007dc       0x28 ./Core/Src/hw_timerserver.o
 .text.LL_EXTI_EnableRisingTrig_0_31
                0x0000000008000804       0x24 ./Core/Src/hw_timerserver.o
 .text.ReadRtcSsrValue
                0x0000000008000828       0x40 ./Core/Src/hw_timerserver.o
 .text.LinkTimerAfter
                0x0000000008000868       0x8c ./Core/Src/hw_timerserver.o
 .text.LinkTimerBefore
                0x00000000080008f4       0xc0 ./Core/Src/hw_timerserver.o
 .text.linkTimer
                0x00000000080009b4      0x154 ./Core/Src/hw_timerserver.o
 .text.UnlinkTimer
                0x0000000008000b08      0x108 ./Core/Src/hw_timerserver.o
 .text.ReturnTimeElapsed
                0x0000000008000c10       0x80 ./Core/Src/hw_timerserver.o
 .text.RestartWakeupCounter
                0x0000000008000c90       0xbc ./Core/Src/hw_timerserver.o
 .text.RescheduleTimerList
                0x0000000008000d4c      0x13c ./Core/Src/hw_timerserver.o
 .text.HW_TS_RTC_Wakeup_Handler
                0x0000000008000e88      0x1a8 ./Core/Src/hw_timerserver.o
                0x0000000008000e88                HW_TS_RTC_Wakeup_Handler
 .text.HW_TS_Init
                0x0000000008001030      0x1cc ./Core/Src/hw_timerserver.o
                0x0000000008001030                HW_TS_Init
 .text.HW_TS_Stop
                0x00000000080011fc      0x118 ./Core/Src/hw_timerserver.o
                0x00000000080011fc                HW_TS_Stop
 .text.HW_TS_Start
                0x0000000008001314      0x110 ./Core/Src/hw_timerserver.o
                0x0000000008001314                HW_TS_Start
 .text.HW_TS_RTC_Int_AppNot
                0x0000000008001424       0x1a ./Core/Src/hw_timerserver.o
                0x0000000008001424                HW_TS_RTC_Int_AppNot
 .text.LL_RCC_LSE_SetDriveCapability
                0x000000000800143e       0x2c ./Core/Src/main.o
 .text.LL_AHB2_GRP1_EnableClock
                0x000000000800146a       0x32 ./Core/Src/main.o
 .text.main     0x000000000800149c       0x2e ./Core/Src/main.o
                0x000000000800149c                main
 *fill*         0x00000000080014ca        0x2 
 .text.SystemClock_Config
                0x00000000080014cc       0xc4 ./Core/Src/main.o
                0x00000000080014cc                SystemClock_Config
 .text.PeriphCommonClock_Config
                0x0000000008001590       0x40 ./Core/Src/main.o
                0x0000000008001590                PeriphCommonClock_Config
 .text.MX_IPCC_Init
                0x00000000080015d0       0x28 ./Core/Src/main.o
 .text.MX_RF_Init
                0x00000000080015f8        0xe ./Core/Src/main.o
 *fill*         0x0000000008001606        0x2 
 .text.MX_RTC_Init
                0x0000000008001608       0x68 ./Core/Src/main.o
 .text.MX_GPIO_Init
                0x0000000008001670       0xd0 ./Core/Src/main.o
 .text.Error_Handler
                0x0000000008001740        0xa ./Core/Src/main.o
                0x0000000008001740                Error_Handler
 .text.LL_RCC_EnableRTC
                0x000000000800174a       0x22 ./Core/Src/stm32wbxx_hal_msp.o
 .text.LL_AHB3_GRP1_EnableClock
                0x000000000800176c       0x32 ./Core/Src/stm32wbxx_hal_msp.o
 .text.LL_APB1_GRP1_EnableClock
                0x000000000800179e       0x32 ./Core/Src/stm32wbxx_hal_msp.o
 .text.HAL_MspInit
                0x00000000080017d0       0x20 ./Core/Src/stm32wbxx_hal_msp.o
                0x00000000080017d0                HAL_MspInit
 .text.HAL_IPCC_MspInit
                0x00000000080017f0       0x48 ./Core/Src/stm32wbxx_hal_msp.o
                0x00000000080017f0                HAL_IPCC_MspInit
 .text.HAL_RTC_MspInit
                0x0000000008001838       0x68 ./Core/Src/stm32wbxx_hal_msp.o
                0x0000000008001838                HAL_RTC_MspInit
 .text.NMI_Handler
                0x00000000080018a0        0x6 ./Core/Src/stm32wbxx_it.o
                0x00000000080018a0                NMI_Handler
 .text.HardFault_Handler
                0x00000000080018a6        0x6 ./Core/Src/stm32wbxx_it.o
                0x00000000080018a6                HardFault_Handler
 .text.MemManage_Handler
                0x00000000080018ac        0x6 ./Core/Src/stm32wbxx_it.o
                0x00000000080018ac                MemManage_Handler
 .text.BusFault_Handler
                0x00000000080018b2        0x6 ./Core/Src/stm32wbxx_it.o
                0x00000000080018b2                BusFault_Handler
 .text.UsageFault_Handler
                0x00000000080018b8        0x6 ./Core/Src/stm32wbxx_it.o
                0x00000000080018b8                UsageFault_Handler
 .text.SVC_Handler
                0x00000000080018be        0xe ./Core/Src/stm32wbxx_it.o
                0x00000000080018be                SVC_Handler
 .text.DebugMon_Handler
                0x00000000080018cc        0xe ./Core/Src/stm32wbxx_it.o
                0x00000000080018cc                DebugMon_Handler
 .text.PendSV_Handler
                0x00000000080018da        0xe ./Core/Src/stm32wbxx_it.o
                0x00000000080018da                PendSV_Handler
 .text.SysTick_Handler
                0x00000000080018e8        0xc ./Core/Src/stm32wbxx_it.o
                0x00000000080018e8                SysTick_Handler
 .text.RTC_WKUP_IRQHandler
                0x00000000080018f4        0xc ./Core/Src/stm32wbxx_it.o
                0x00000000080018f4                RTC_WKUP_IRQHandler
 .text.IPCC_C1_RX_IRQHandler
                0x0000000008001900        0xc ./Core/Src/stm32wbxx_it.o
                0x0000000008001900                IPCC_C1_RX_IRQHandler
 .text.IPCC_C1_TX_IRQHandler
                0x000000000800190c        0xc ./Core/Src/stm32wbxx_it.o
                0x000000000800190c                IPCC_C1_TX_IRQHandler
 .text.HSEM_IRQHandler
                0x0000000008001918        0xc ./Core/Src/stm32wbxx_it.o
                0x0000000008001918                HSEM_IRQHandler
 .text.SystemInit
                0x0000000008001924       0xa4 ./Core/Src/system_stm32wbxx.o
                0x0000000008001924                SystemInit
 .text.data_initializers
                0x00000000080019c8       0x18 ./Core/Startup/startup_stm32wb55rgvx.o
 .text.Reset_Handler
                0x00000000080019e0       0x54 ./Core/Startup/startup_stm32wb55rgvx.o
                0x00000000080019e0                Reset_Handler
 .text.Default_Handler
                0x0000000008001a34        0x2 ./Core/Startup/startup_stm32wb55rgvx.o
                0x0000000008001a34                RTC_Alarm_IRQHandler
                0x0000000008001a34                EXTI2_IRQHandler
                0x0000000008001a34                TIM1_CC_IRQHandler
                0x0000000008001a34                TSC_IRQHandler
                0x0000000008001a34                USB_HP_IRQHandler
                0x0000000008001a34                EXTI3_IRQHandler
                0x0000000008001a34                LPTIM2_IRQHandler
                0x0000000008001a34                I2C3_ER_IRQHandler
                0x0000000008001a34                EXTI0_IRQHandler
                0x0000000008001a34                FPU_IRQHandler
                0x0000000008001a34                TIM1_UP_TIM16_IRQHandler
                0x0000000008001a34                AES1_IRQHandler
                0x0000000008001a34                SPI1_IRQHandler
                0x0000000008001a34                PWR_SOTF_BLEACT_802ACT_RFPHASE_IRQHandler
                0x0000000008001a34                DMA2_Channel2_IRQHandler
                0x0000000008001a34                DMA1_Channel4_IRQHandler
                0x0000000008001a34                ADC1_IRQHandler
                0x0000000008001a34                PKA_IRQHandler
                0x0000000008001a34                DMA1_Channel7_IRQHandler
                0x0000000008001a34                LCD_IRQHandler
                0x0000000008001a34                DMA2_Channel1_IRQHandler
                0x0000000008001a34                QUADSPI_IRQHandler
                0x0000000008001a34                I2C1_EV_IRQHandler
                0x0000000008001a34                DMAMUX1_OVR_IRQHandler
                0x0000000008001a34                DMA1_Channel6_IRQHandler
                0x0000000008001a34                DMA2_Channel4_IRQHandler
                0x0000000008001a34                RCC_IRQHandler
                0x0000000008001a34                DMA1_Channel1_IRQHandler
                0x0000000008001a34                Default_Handler
                0x0000000008001a34                DMA2_Channel7_IRQHandler
                0x0000000008001a34                EXTI15_10_IRQHandler
                0x0000000008001a34                C2SEV_PWR_C2H_IRQHandler
                0x0000000008001a34                AES2_IRQHandler
                0x0000000008001a34                I2C3_EV_IRQHandler
                0x0000000008001a34                EXTI9_5_IRQHandler
                0x0000000008001a34                PVD_PVM_IRQHandler
                0x0000000008001a34                SPI2_IRQHandler
                0x0000000008001a34                DMA2_Channel5_IRQHandler
                0x0000000008001a34                CRS_IRQHandler
                0x0000000008001a34                DMA1_Channel5_IRQHandler
                0x0000000008001a34                USB_LP_IRQHandler
                0x0000000008001a34                EXTI4_IRQHandler
                0x0000000008001a34                RNG_IRQHandler
                0x0000000008001a34                TIM1_TRG_COM_TIM17_IRQHandler
                0x0000000008001a34                TAMP_STAMP_LSECSS_IRQHandler
                0x0000000008001a34                DMA1_Channel3_IRQHandler
                0x0000000008001a34                COMP_IRQHandler
                0x0000000008001a34                WWDG_IRQHandler
                0x0000000008001a34                LPUART1_IRQHandler
                0x0000000008001a34                DMA2_Channel6_IRQHandler
                0x0000000008001a34                TIM2_IRQHandler
                0x0000000008001a34                TIM1_BRK_IRQHandler
                0x0000000008001a34                EXTI1_IRQHandler
                0x0000000008001a34                DMA1_Channel2_IRQHandler
                0x0000000008001a34                FLASH_IRQHandler
                0x0000000008001a34                USART1_IRQHandler
                0x0000000008001a34                I2C1_ER_IRQHandler
                0x0000000008001a34                LPTIM1_IRQHandler
                0x0000000008001a34                SAI1_IRQHandler
                0x0000000008001a34                DMA2_Channel3_IRQHandler
 *fill*         0x0000000008001a36        0x2 
 .text.HAL_Init
                0x0000000008001a38       0x40 ./Drivers/STM32WBxx_HAL_Driver/Src/stm32wbxx_hal.o
                0x0000000008001a38                HAL_Init
 .text.HAL_InitTick
                0x0000000008001a78       0x74 ./Drivers/STM32WBxx_HAL_Driver/Src/stm32wbxx_hal.o
                0x0000000008001a78                HAL_InitTick
 .text.HAL_IncTick
                0x0000000008001aec       0x28 ./Drivers/STM32WBxx_HAL_Driver/Src/stm32wbxx_hal.o
                0x0000000008001aec                HAL_IncTick
 .text.HAL_GetTick
                0x0000000008001b14       0x18 ./Drivers/STM32WBxx_HAL_Driver/Src/stm32wbxx_hal.o
                0x0000000008001b14                HAL_GetTick
 .text.HAL_GetTickPrio
                0x0000000008001b2c       0x18 ./Drivers/STM32WBxx_HAL_Driver/Src/stm32wbxx_hal.o
                0x0000000008001b2c                HAL_GetTickPrio
 .text.__NVIC_SetPriorityGrouping
                0x0000000008001b44       0x48 ./Drivers/STM32WBxx_HAL_Driver/Src/stm32wbxx_hal_cortex.o
 .text.__NVIC_GetPriorityGrouping
                0x0000000008001b8c       0x1c ./Drivers/STM32WBxx_HAL_Driver/Src/stm32wbxx_hal_cortex.o
 .text.__NVIC_EnableIRQ
                0x0000000008001ba8       0x3c ./Drivers/STM32WBxx_HAL_Driver/Src/stm32wbxx_hal_cortex.o
 .text.__NVIC_DisableIRQ
                0x0000000008001be4       0x48 ./Drivers/STM32WBxx_HAL_Driver/Src/stm32wbxx_hal_cortex.o
 .text.__NVIC_SetPendingIRQ
                0x0000000008001c2c       0x3c ./Drivers/STM32WBxx_HAL_Driver/Src/stm32wbxx_hal_cortex.o
 .text.__NVIC_ClearPendingIRQ
                0x0000000008001c68       0x3c ./Drivers/STM32WBxx_HAL_Driver/Src/stm32wbxx_hal_cortex.o
 .text.__NVIC_SetPriority
                0x0000000008001ca4       0x54 ./Drivers/STM32WBxx_HAL_Driver/Src/stm32wbxx_hal_cortex.o
 .text.NVIC_EncodePriority
                0x0000000008001cf8       0x66 ./Drivers/STM32WBxx_HAL_Driver/Src/stm32wbxx_hal_cortex.o
 *fill*         0x0000000008001d5e        0x2 
 .text.SysTick_Config
                0x0000000008001d60       0x44 ./Drivers/STM32WBxx_HAL_Driver/Src/stm32wbxx_hal_cortex.o
 .text.HAL_NVIC_SetPriorityGrouping
                0x0000000008001da4       0x16 ./Drivers/STM32WBxx_HAL_Driver/Src/stm32wbxx_hal_cortex.o
                0x0000000008001da4                HAL_NVIC_SetPriorityGrouping
 .text.HAL_NVIC_SetPriority
                0x0000000008001dba       0x34 ./Drivers/STM32WBxx_HAL_Driver/Src/stm32wbxx_hal_cortex.o
                0x0000000008001dba                HAL_NVIC_SetPriority
 .text.HAL_NVIC_EnableIRQ
                0x0000000008001dee       0x1c ./Drivers/STM32WBxx_HAL_Driver/Src/stm32wbxx_hal_cortex.o
                0x0000000008001dee                HAL_NVIC_EnableIRQ
 .text.HAL_NVIC_DisableIRQ
                0x0000000008001e0a       0x1c ./Drivers/STM32WBxx_HAL_Driver/Src/stm32wbxx_hal_cortex.o
                0x0000000008001e0a                HAL_NVIC_DisableIRQ
 .text.HAL_SYSTICK_Config
                0x0000000008001e26       0x18 ./Drivers/STM32WBxx_HAL_Driver/Src/stm32wbxx_hal_cortex.o
                0x0000000008001e26                HAL_SYSTICK_Config
 .text.HAL_NVIC_SetPendingIRQ
                0x0000000008001e3e       0x1c ./Drivers/STM32WBxx_HAL_Driver/Src/stm32wbxx_hal_cortex.o
                0x0000000008001e3e                HAL_NVIC_SetPendingIRQ
 .text.HAL_NVIC_ClearPendingIRQ
                0x0000000008001e5a       0x1c ./Drivers/STM32WBxx_HAL_Driver/Src/stm32wbxx_hal_cortex.o
                0x0000000008001e5a                HAL_NVIC_ClearPendingIRQ
 *fill*         0x0000000008001e76        0x2 
 .text.HAL_GPIO_Init
                0x0000000008001e78      0x2e0 ./Drivers/STM32WBxx_HAL_Driver/Src/stm32wbxx_hal_gpio.o
                0x0000000008001e78                HAL_GPIO_Init
 .text.HAL_GPIO_ReadPin
                0x0000000008002158       0x30 ./Drivers/STM32WBxx_HAL_Driver/Src/stm32wbxx_hal_gpio.o
                0x0000000008002158                HAL_GPIO_ReadPin
 .text.HAL_GPIO_WritePin
                0x0000000008002188       0x30 ./Drivers/STM32WBxx_HAL_Driver/Src/stm32wbxx_hal_gpio.o
                0x0000000008002188                HAL_GPIO_WritePin
 .text.HAL_GPIO_TogglePin
                0x00000000080021b8       0x34 ./Drivers/STM32WBxx_HAL_Driver/Src/stm32wbxx_hal_gpio.o
                0x00000000080021b8                HAL_GPIO_TogglePin
 .text.HAL_HSEM_IRQHandler
                0x00000000080021ec       0x34 ./Drivers/STM32WBxx_HAL_Driver/Src/stm32wbxx_hal_hsem.o
                0x00000000080021ec                HAL_HSEM_IRQHandler
 .text.HAL_HSEM_FreeCallback
                0x0000000008002220       0x14 ./Drivers/STM32WBxx_HAL_Driver/Src/stm32wbxx_hal_hsem.o
                0x0000000008002220                HAL_HSEM_FreeCallback
 .text.HAL_IPCC_Init
                0x0000000008002234       0x64 ./Drivers/STM32WBxx_HAL_Driver/Src/stm32wbxx_hal_ipcc.o
                0x0000000008002234                HAL_IPCC_Init
 .text.HAL_IPCC_RxCallback
                0x0000000008002298       0x1a ./Drivers/STM32WBxx_HAL_Driver/Src/stm32wbxx_hal_ipcc.o
                0x0000000008002298                HAL_IPCC_RxCallback
 .text.HAL_IPCC_TxCallback
                0x00000000080022b2       0x1a ./Drivers/STM32WBxx_HAL_Driver/Src/stm32wbxx_hal_ipcc.o
                0x00000000080022b2                HAL_IPCC_TxCallback
 .text.IPCC_SetDefaultCallbacks
                0x00000000080022cc       0x4c ./Drivers/STM32WBxx_HAL_Driver/Src/stm32wbxx_hal_ipcc.o
                0x00000000080022cc                IPCC_SetDefaultCallbacks
 .text.IPCC_Reset_Register
                0x0000000008002318       0x28 ./Drivers/STM32WBxx_HAL_Driver/Src/stm32wbxx_hal_ipcc.o
                0x0000000008002318                IPCC_Reset_Register
 .text.HAL_PWR_EnableBkUpAccess
                0x0000000008002340       0x20 ./Drivers/STM32WBxx_HAL_Driver/Src/stm32wbxx_hal_pwr.o
                0x0000000008002340                HAL_PWR_EnableBkUpAccess
 .text.HAL_PWREx_GetVoltageRange
                0x0000000008002360       0x1c ./Drivers/STM32WBxx_HAL_Driver/Src/stm32wbxx_hal_pwr_ex.o
                0x0000000008002360                HAL_PWREx_GetVoltageRange
 .text.LL_RCC_HSE_IsEnabledDiv2
                0x000000000800237c       0x24 ./Drivers/STM32WBxx_HAL_Driver/Src/stm32wbxx_hal_rcc.o
 .text.LL_RCC_HSE_Enable
                0x00000000080023a0       0x1e ./Drivers/STM32WBxx_HAL_Driver/Src/stm32wbxx_hal_rcc.o
 .text.LL_RCC_HSE_Disable
                0x00000000080023be       0x1e ./Drivers/STM32WBxx_HAL_Driver/Src/stm32wbxx_hal_rcc.o
 .text.LL_RCC_HSE_IsReady
                0x00000000080023dc       0x24 ./Drivers/STM32WBxx_HAL_Driver/Src/stm32wbxx_hal_rcc.o
 .text.LL_RCC_HSI_Enable
                0x0000000008002400       0x1e ./Drivers/STM32WBxx_HAL_Driver/Src/stm32wbxx_hal_rcc.o
 .text.LL_RCC_HSI_Disable
                0x000000000800241e       0x1e ./Drivers/STM32WBxx_HAL_Driver/Src/stm32wbxx_hal_rcc.o
 .text.LL_RCC_HSI_IsReady
                0x000000000800243c       0x24 ./Drivers/STM32WBxx_HAL_Driver/Src/stm32wbxx_hal_rcc.o
 .text.LL_RCC_HSI_SetCalibTrimming
                0x0000000008002460       0x2a ./Drivers/STM32WBxx_HAL_Driver/Src/stm32wbxx_hal_rcc.o
 .text.LL_RCC_HSI48_Enable
                0x000000000800248a       0x22 ./Drivers/STM32WBxx_HAL_Driver/Src/stm32wbxx_hal_rcc.o
 .text.LL_RCC_HSI48_Disable
                0x00000000080024ac       0x22 ./Drivers/STM32WBxx_HAL_Driver/Src/stm32wbxx_hal_rcc.o
 .text.LL_RCC_HSI48_IsReady
                0x00000000080024ce       0x24 ./Drivers/STM32WBxx_HAL_Driver/Src/stm32wbxx_hal_rcc.o
 .text.LL_RCC_LSE_Enable
                0x00000000080024f2       0x22 ./Drivers/STM32WBxx_HAL_Driver/Src/stm32wbxx_hal_rcc.o
 .text.LL_RCC_LSE_Disable
                0x0000000008002514       0x22 ./Drivers/STM32WBxx_HAL_Driver/Src/stm32wbxx_hal_rcc.o
 .text.LL_RCC_LSE_EnableBypass
                0x0000000008002536       0x22 ./Drivers/STM32WBxx_HAL_Driver/Src/stm32wbxx_hal_rcc.o
 .text.LL_RCC_LSE_DisableBypass
                0x0000000008002558       0x22 ./Drivers/STM32WBxx_HAL_Driver/Src/stm32wbxx_hal_rcc.o
 .text.LL_RCC_LSE_IsReady
                0x000000000800257a       0x24 ./Drivers/STM32WBxx_HAL_Driver/Src/stm32wbxx_hal_rcc.o
 .text.LL_RCC_LSI1_Enable
                0x000000000800259e       0x22 ./Drivers/STM32WBxx_HAL_Driver/Src/stm32wbxx_hal_rcc.o
 .text.LL_RCC_LSI1_Disable
                0x00000000080025c0       0x22 ./Drivers/STM32WBxx_HAL_Driver/Src/stm32wbxx_hal_rcc.o
 .text.LL_RCC_LSI1_IsReady
                0x00000000080025e2       0x24 ./Drivers/STM32WBxx_HAL_Driver/Src/stm32wbxx_hal_rcc.o
 .text.LL_RCC_LSI2_Enable
                0x0000000008002606       0x22 ./Drivers/STM32WBxx_HAL_Driver/Src/stm32wbxx_hal_rcc.o
 .text.LL_RCC_LSI2_Disable
                0x0000000008002628       0x22 ./Drivers/STM32WBxx_HAL_Driver/Src/stm32wbxx_hal_rcc.o
 .text.LL_RCC_LSI2_IsReady
                0x000000000800264a       0x24 ./Drivers/STM32WBxx_HAL_Driver/Src/stm32wbxx_hal_rcc.o
 .text.LL_RCC_LSI2_SetTrimming
                0x000000000800266e       0x2e ./Drivers/STM32WBxx_HAL_Driver/Src/stm32wbxx_hal_rcc.o
 .text.LL_RCC_MSI_Enable
                0x000000000800269c       0x1e ./Drivers/STM32WBxx_HAL_Driver/Src/stm32wbxx_hal_rcc.o
 .text.LL_RCC_MSI_Disable
                0x00000000080026ba       0x1e ./Drivers/STM32WBxx_HAL_Driver/Src/stm32wbxx_hal_rcc.o
 .text.LL_RCC_MSI_IsReady
                0x00000000080026d8       0x22 ./Drivers/STM32WBxx_HAL_Driver/Src/stm32wbxx_hal_rcc.o
 .text.LL_RCC_MSI_SetRange
                0x00000000080026fa       0x28 ./Drivers/STM32WBxx_HAL_Driver/Src/stm32wbxx_hal_rcc.o
 .text.LL_RCC_MSI_GetRange
                0x0000000008002722       0x2a ./Drivers/STM32WBxx_HAL_Driver/Src/stm32wbxx_hal_rcc.o
 .text.LL_RCC_MSI_SetCalibTrimming
                0x000000000800274c       0x2a ./Drivers/STM32WBxx_HAL_Driver/Src/stm32wbxx_hal_rcc.o
 .text.LL_RCC_SetSysClkSource
                0x0000000008002776       0x28 ./Drivers/STM32WBxx_HAL_Driver/Src/stm32wbxx_hal_rcc.o
 .text.LL_RCC_GetSysClkSource
                0x000000000800279e       0x18 ./Drivers/STM32WBxx_HAL_Driver/Src/stm32wbxx_hal_rcc.o
 .text.LL_RCC_SetAHBPrescaler
                0x00000000080027b6       0x28 ./Drivers/STM32WBxx_HAL_Driver/Src/stm32wbxx_hal_rcc.o
 .text.LL_C2_RCC_SetAHBPrescaler
                0x00000000080027de       0x2c ./Drivers/STM32WBxx_HAL_Driver/Src/stm32wbxx_hal_rcc.o
 .text.LL_RCC_SetAHB4Prescaler
                0x000000000800280a       0x2e ./Drivers/STM32WBxx_HAL_Driver/Src/stm32wbxx_hal_rcc.o
 .text.LL_RCC_SetAPB1Prescaler
                0x0000000008002838       0x28 ./Drivers/STM32WBxx_HAL_Driver/Src/stm32wbxx_hal_rcc.o
 .text.LL_RCC_SetAPB2Prescaler
                0x0000000008002860       0x28 ./Drivers/STM32WBxx_HAL_Driver/Src/stm32wbxx_hal_rcc.o
 .text.LL_RCC_GetAHBPrescaler
                0x0000000008002888       0x18 ./Drivers/STM32WBxx_HAL_Driver/Src/stm32wbxx_hal_rcc.o
 .text.LL_RCC_GetAHB4Prescaler
                0x00000000080028a0       0x1c ./Drivers/STM32WBxx_HAL_Driver/Src/stm32wbxx_hal_rcc.o
 .text.LL_RCC_PLL_Enable
                0x00000000080028bc       0x1e ./Drivers/STM32WBxx_HAL_Driver/Src/stm32wbxx_hal_rcc.o
 .text.LL_RCC_PLL_Disable
                0x00000000080028da       0x1e ./Drivers/STM32WBxx_HAL_Driver/Src/stm32wbxx_hal_rcc.o
 .text.LL_RCC_PLL_IsReady
                0x00000000080028f8       0x24 ./Drivers/STM32WBxx_HAL_Driver/Src/stm32wbxx_hal_rcc.o
 .text.LL_RCC_PLL_GetN
                0x000000000800291c       0x1a ./Drivers/STM32WBxx_HAL_Driver/Src/stm32wbxx_hal_rcc.o
 .text.LL_RCC_PLL_GetR
                0x0000000008002936       0x18 ./Drivers/STM32WBxx_HAL_Driver/Src/stm32wbxx_hal_rcc.o
 .text.LL_RCC_PLL_GetDivider
                0x000000000800294e       0x18 ./Drivers/STM32WBxx_HAL_Driver/Src/stm32wbxx_hal_rcc.o
 .text.LL_RCC_PLL_GetMainSource
                0x0000000008002966       0x18 ./Drivers/STM32WBxx_HAL_Driver/Src/stm32wbxx_hal_rcc.o
 .text.LL_RCC_IsActiveFlag_HPRE
                0x000000000800297e       0x24 ./Drivers/STM32WBxx_HAL_Driver/Src/stm32wbxx_hal_rcc.o
 .text.LL_RCC_IsActiveFlag_C2HPRE
                0x00000000080029a2       0x26 ./Drivers/STM32WBxx_HAL_Driver/Src/stm32wbxx_hal_rcc.o
 .text.LL_RCC_IsActiveFlag_SHDHPRE
                0x00000000080029c8       0x26 ./Drivers/STM32WBxx_HAL_Driver/Src/stm32wbxx_hal_rcc.o
 .text.LL_RCC_IsActiveFlag_PPRE1
                0x00000000080029ee       0x24 ./Drivers/STM32WBxx_HAL_Driver/Src/stm32wbxx_hal_rcc.o
 .text.LL_RCC_IsActiveFlag_PPRE2
                0x0000000008002a12       0x24 ./Drivers/STM32WBxx_HAL_Driver/Src/stm32wbxx_hal_rcc.o
 *fill*         0x0000000008002a36        0x2 
 .text.HAL_RCC_OscConfig
                0x0000000008002a38      0x71c ./Drivers/STM32WBxx_HAL_Driver/Src/stm32wbxx_hal_rcc.o
                0x0000000008002a38                HAL_RCC_OscConfig
 .text.HAL_RCC_ClockConfig
                0x0000000008003154      0x280 ./Drivers/STM32WBxx_HAL_Driver/Src/stm32wbxx_hal_rcc.o
                0x0000000008003154                HAL_RCC_ClockConfig
 .text.HAL_RCC_GetSysClockFreq
                0x00000000080033d4       0xd8 ./Drivers/STM32WBxx_HAL_Driver/Src/stm32wbxx_hal_rcc.o
                0x00000000080033d4                HAL_RCC_GetSysClockFreq
 .text.HAL_RCC_GetHCLKFreq
                0x00000000080034ac       0x28 ./Drivers/STM32WBxx_HAL_Driver/Src/stm32wbxx_hal_rcc.o
                0x00000000080034ac                HAL_RCC_GetHCLKFreq
 .text.RCC_SetFlashLatencyFromMSIRange
                0x00000000080034d4       0x70 ./Drivers/STM32WBxx_HAL_Driver/Src/stm32wbxx_hal_rcc.o
 .text.RCC_SetFlashLatency
                0x0000000008003544       0xf8 ./Drivers/STM32WBxx_HAL_Driver/Src/stm32wbxx_hal_rcc.o
 .text.LL_RCC_LSE_IsEnabled
                0x000000000800363c       0x24 ./Drivers/STM32WBxx_HAL_Driver/Src/stm32wbxx_hal_rcc_ex.o
 .text.LL_RCC_LSE_IsReady
                0x0000000008003660       0x24 ./Drivers/STM32WBxx_HAL_Driver/Src/stm32wbxx_hal_rcc_ex.o
 .text.LL_RCC_SetRFWKPClockSource
                0x0000000008003684       0x2c ./Drivers/STM32WBxx_HAL_Driver/Src/stm32wbxx_hal_rcc_ex.o
 .text.LL_RCC_SetSMPSClockSource
                0x00000000080036b0       0x28 ./Drivers/STM32WBxx_HAL_Driver/Src/stm32wbxx_hal_rcc_ex.o
 .text.LL_RCC_SetSMPSPrescaler
                0x00000000080036d8       0x28 ./Drivers/STM32WBxx_HAL_Driver/Src/stm32wbxx_hal_rcc_ex.o
 .text.LL_RCC_SetUSARTClockSource
                0x0000000008003700       0x2c ./Drivers/STM32WBxx_HAL_Driver/Src/stm32wbxx_hal_rcc_ex.o
 .text.LL_RCC_SetLPUARTClockSource
                0x000000000800372c       0x2c ./Drivers/STM32WBxx_HAL_Driver/Src/stm32wbxx_hal_rcc_ex.o
 .text.LL_RCC_SetI2CClockSource
                0x0000000008003758       0x3a ./Drivers/STM32WBxx_HAL_Driver/Src/stm32wbxx_hal_rcc_ex.o
 .text.LL_RCC_SetLPTIMClockSource
                0x0000000008003792       0x34 ./Drivers/STM32WBxx_HAL_Driver/Src/stm32wbxx_hal_rcc_ex.o
 .text.LL_RCC_SetSAIClockSource
                0x00000000080037c6       0x2c ./Drivers/STM32WBxx_HAL_Driver/Src/stm32wbxx_hal_rcc_ex.o
 .text.LL_RCC_SetRNGClockSource
                0x00000000080037f2       0x2c ./Drivers/STM32WBxx_HAL_Driver/Src/stm32wbxx_hal_rcc_ex.o
 .text.LL_RCC_SetCLK48ClockSource
                0x000000000800381e       0x2c ./Drivers/STM32WBxx_HAL_Driver/Src/stm32wbxx_hal_rcc_ex.o
 .text.LL_RCC_SetUSBClockSource
                0x000000000800384a       0x16 ./Drivers/STM32WBxx_HAL_Driver/Src/stm32wbxx_hal_rcc_ex.o
 .text.LL_RCC_SetADCClockSource
                0x0000000008003860       0x2c ./Drivers/STM32WBxx_HAL_Driver/Src/stm32wbxx_hal_rcc_ex.o
 .text.LL_RCC_SetRTCClockSource
                0x000000000800388c       0x2c ./Drivers/STM32WBxx_HAL_Driver/Src/stm32wbxx_hal_rcc_ex.o
 .text.LL_RCC_GetRTCClockSource
                0x00000000080038b8       0x1a ./Drivers/STM32WBxx_HAL_Driver/Src/stm32wbxx_hal_rcc_ex.o
 .text.LL_RCC_ForceBackupDomainReset
                0x00000000080038d2       0x22 ./Drivers/STM32WBxx_HAL_Driver/Src/stm32wbxx_hal_rcc_ex.o
 .text.LL_RCC_ReleaseBackupDomainReset
                0x00000000080038f4       0x22 ./Drivers/STM32WBxx_HAL_Driver/Src/stm32wbxx_hal_rcc_ex.o
 .text.LL_RCC_PLLSAI1_Enable
                0x0000000008003916       0x1e ./Drivers/STM32WBxx_HAL_Driver/Src/stm32wbxx_hal_rcc_ex.o
 .text.LL_RCC_PLLSAI1_Disable
                0x0000000008003934       0x1e ./Drivers/STM32WBxx_HAL_Driver/Src/stm32wbxx_hal_rcc_ex.o
 .text.LL_RCC_PLLSAI1_IsReady
                0x0000000008003952       0x24 ./Drivers/STM32WBxx_HAL_Driver/Src/stm32wbxx_hal_rcc_ex.o
 .text.HAL_RCCEx_PeriphCLKConfig
                0x0000000008003976      0x2ec ./Drivers/STM32WBxx_HAL_Driver/Src/stm32wbxx_hal_rcc_ex.o
                0x0000000008003976                HAL_RCCEx_PeriphCLKConfig
 .text.RCCEx_PLLSAI1_ConfigNP
                0x0000000008003c62       0xb6 ./Drivers/STM32WBxx_HAL_Driver/Src/stm32wbxx_hal_rcc_ex.o
 .text.RCCEx_PLLSAI1_ConfigNQ
                0x0000000008003d18       0xb6 ./Drivers/STM32WBxx_HAL_Driver/Src/stm32wbxx_hal_rcc_ex.o
 .text.RCCEx_PLLSAI1_ConfigNR
                0x0000000008003dce       0xb6 ./Drivers/STM32WBxx_HAL_Driver/Src/stm32wbxx_hal_rcc_ex.o
 .text.HAL_RTC_Init
                0x0000000008003e84      0x13c ./Drivers/STM32WBxx_HAL_Driver/Src/stm32wbxx_hal_rtc.o
                0x0000000008003e84                HAL_RTC_Init
 .text.HAL_RTC_WaitForSynchro
                0x0000000008003fc0       0x4c ./Drivers/STM32WBxx_HAL_Driver/Src/stm32wbxx_hal_rtc.o
                0x0000000008003fc0                HAL_RTC_WaitForSynchro
 .text.RTC_EnterInitMode
                0x000000000800400c       0x54 ./Drivers/STM32WBxx_HAL_Driver/Src/stm32wbxx_hal_rtc.o
                0x000000000800400c                RTC_EnterInitMode
 .text.HAL_RTCEx_SetWakeUpTimer_IT
                0x0000000008004060      0x178 ./Drivers/STM32WBxx_HAL_Driver/Src/stm32wbxx_hal_rtc_ex.o
                0x0000000008004060                HAL_RTCEx_SetWakeUpTimer_IT
 .text.aci_gap_set_non_discoverable
                0x00000000080041d8       0x48 ./Middlewares/ST/STM32_WPAN/ble/core/auto/ble_gap_aci.o
                0x00000000080041d8                aci_gap_set_non_discoverable
 .text.aci_gap_set_discoverable
                0x0000000008004220      0x1f4 ./Middlewares/ST/STM32_WPAN/ble/core/auto/ble_gap_aci.o
                0x0000000008004220                aci_gap_set_discoverable
 .text.aci_gap_set_io_capability
                0x0000000008004414       0xa8 ./Middlewares/ST/STM32_WPAN/ble/core/auto/ble_gap_aci.o
                0x0000000008004414                aci_gap_set_io_capability
 .text.aci_gap_set_authentication_requirement
                0x00000000080044bc      0x188 ./Middlewares/ST/STM32_WPAN/ble/core/auto/ble_gap_aci.o
                0x00000000080044bc                aci_gap_set_authentication_requirement
 .text.aci_gap_pass_key_resp
                0x0000000008004644       0xce ./Middlewares/ST/STM32_WPAN/ble/core/auto/ble_gap_aci.o
                0x0000000008004644                aci_gap_pass_key_resp
 .text.aci_gap_init
                0x0000000008004712      0x15a ./Middlewares/ST/STM32_WPAN/ble/core/auto/ble_gap_aci.o
                0x0000000008004712                aci_gap_init
 .text.aci_gap_update_adv_data
                0x000000000800486c       0xe4 ./Middlewares/ST/STM32_WPAN/ble/core/auto/ble_gap_aci.o
                0x000000000800486c                aci_gap_update_adv_data
 .text.aci_gap_configure_whitelist
                0x0000000008004950       0x48 ./Middlewares/ST/STM32_WPAN/ble/core/auto/ble_gap_aci.o
                0x0000000008004950                aci_gap_configure_whitelist
 .text.aci_gap_numeric_comparison_value_confirm_yesno
                0x0000000008004998       0xce ./Middlewares/ST/STM32_WPAN/ble/core/auto/ble_gap_aci.o
                0x0000000008004998                aci_gap_numeric_comparison_value_confirm_yesno
 .text.aci_gatt_init
                0x0000000008004a66       0x4a ./Middlewares/ST/STM32_WPAN/ble/core/auto/ble_gatt_aci.o
                0x0000000008004a66                aci_gatt_init
 .text.aci_gatt_add_service
                0x0000000008004ab0      0x1ac ./Middlewares/ST/STM32_WPAN/ble/core/auto/ble_gatt_aci.o
                0x0000000008004ab0                aci_gatt_add_service
 .text.aci_gatt_add_char
                0x0000000008004c5c      0x210 ./Middlewares/ST/STM32_WPAN/ble/core/auto/ble_gatt_aci.o
                0x0000000008004c5c                aci_gatt_add_char
 .text.aci_gatt_update_char_value
                0x0000000008004e6c      0x152 ./Middlewares/ST/STM32_WPAN/ble/core/auto/ble_gatt_aci.o
                0x0000000008004e6c                aci_gatt_update_char_value
 .text.aci_hal_write_config_data
                0x0000000008004fbe      0x10a ./Middlewares/ST/STM32_WPAN/ble/core/auto/ble_hal_aci.o
                0x0000000008004fbe                aci_hal_write_config_data
 .text.aci_hal_set_tx_power_level
                0x00000000080050c8       0xce ./Middlewares/ST/STM32_WPAN/ble/core/auto/ble_hal_aci.o
                0x00000000080050c8                aci_hal_set_tx_power_level
 .text.aci_hal_set_radio_activity_mask
                0x0000000008005196       0xa8 ./Middlewares/ST/STM32_WPAN/ble/core/auto/ble_hal_aci.o
                0x0000000008005196                aci_hal_set_radio_activity_mask
 .text.hci_reset
                0x000000000800523e       0x48 ./Middlewares/ST/STM32_WPAN/ble/core/auto/ble_hci_le.o
                0x000000000800523e                hci_reset
 .text.hci_le_set_default_phy
                0x0000000008005286       0xfa ./Middlewares/ST/STM32_WPAN/ble/core/auto/ble_hci_le.o
                0x0000000008005286                hci_le_set_default_phy
 .text.Osal_MemCpy
                0x0000000008005380       0x20 ./Middlewares/ST/STM32_WPAN/ble/core/template/osal.o
                0x0000000008005380                Osal_MemCpy
 .text.Osal_MemSet
                0x00000000080053a0       0x20 ./Middlewares/ST/STM32_WPAN/ble/core/template/osal.o
                0x00000000080053a0                Osal_MemSet
 .text.BAS_Init
                0x00000000080053c0        0xe ./Middlewares/ST/STM32_WPAN/ble/svc/Src/svc_ctl.o
                0x00000000080053c0                BAS_Init
 .text.BLS_Init
                0x00000000080053ce        0xe ./Middlewares/ST/STM32_WPAN/ble/svc/Src/svc_ctl.o
                0x00000000080053ce                BLS_Init
 .text.CRS_STM_Init
                0x00000000080053dc        0xe ./Middlewares/ST/STM32_WPAN/ble/svc/Src/svc_ctl.o
                0x00000000080053dc                CRS_STM_Init
 .text.DIS_Init
                0x00000000080053ea        0xe ./Middlewares/ST/STM32_WPAN/ble/svc/Src/svc_ctl.o
                0x00000000080053ea                DIS_Init
 .text.EDS_STM_Init
                0x00000000080053f8        0xe ./Middlewares/ST/STM32_WPAN/ble/svc/Src/svc_ctl.o
                0x00000000080053f8                EDS_STM_Init
 .text.HIDS_Init
                0x0000000008005406        0xe ./Middlewares/ST/STM32_WPAN/ble/svc/Src/svc_ctl.o
                0x0000000008005406                HIDS_Init
 .text.HRS_Init
                0x0000000008005414        0xe ./Middlewares/ST/STM32_WPAN/ble/svc/Src/svc_ctl.o
                0x0000000008005414                HRS_Init
 .text.HTS_Init
                0x0000000008005422        0xe ./Middlewares/ST/STM32_WPAN/ble/svc/Src/svc_ctl.o
                0x0000000008005422                HTS_Init
 .text.IAS_Init
                0x0000000008005430        0xe ./Middlewares/ST/STM32_WPAN/ble/svc/Src/svc_ctl.o
                0x0000000008005430                IAS_Init
 .text.LLS_Init
                0x000000000800543e        0xe ./Middlewares/ST/STM32_WPAN/ble/svc/Src/svc_ctl.o
                0x000000000800543e                LLS_Init
 .text.TPS_Init
                0x000000000800544c        0xe ./Middlewares/ST/STM32_WPAN/ble/svc/Src/svc_ctl.o
                0x000000000800544c                TPS_Init
 .text.MOTENV_STM_Init
                0x000000000800545a        0xe ./Middlewares/ST/STM32_WPAN/ble/svc/Src/svc_ctl.o
                0x000000000800545a                MOTENV_STM_Init
 .text.P2PS_STM_Init
                0x0000000008005468        0xe ./Middlewares/ST/STM32_WPAN/ble/svc/Src/svc_ctl.o
                0x0000000008005468                P2PS_STM_Init
 .text.ZDD_STM_Init
                0x0000000008005476        0xe ./Middlewares/ST/STM32_WPAN/ble/svc/Src/svc_ctl.o
                0x0000000008005476                ZDD_STM_Init
 .text.OTAS_STM_Init
                0x0000000008005484        0xe ./Middlewares/ST/STM32_WPAN/ble/svc/Src/svc_ctl.o
                0x0000000008005484                OTAS_STM_Init
 .text.MESH_Init
                0x0000000008005492        0xe ./Middlewares/ST/STM32_WPAN/ble/svc/Src/svc_ctl.o
                0x0000000008005492                MESH_Init
 .text.BVOPUS_STM_Init
                0x00000000080054a0        0xe ./Middlewares/ST/STM32_WPAN/ble/svc/Src/svc_ctl.o
                0x00000000080054a0                BVOPUS_STM_Init
 *fill*         0x00000000080054ae        0x2 
 .text.SVCCTL_Init
                0x00000000080054b0       0x20 ./Middlewares/ST/STM32_WPAN/ble/svc/Src/svc_ctl.o
                0x00000000080054b0                SVCCTL_Init
 .text.SVCCTL_SvcInit
                0x00000000080054d0       0x50 ./Middlewares/ST/STM32_WPAN/ble/svc/Src/svc_ctl.o
                0x00000000080054d0                SVCCTL_SvcInit
 .text.SVCCTL_RegisterSvcHandler
                0x0000000008005520       0x34 ./Middlewares/ST/STM32_WPAN/ble/svc/Src/svc_ctl.o
                0x0000000008005520                SVCCTL_RegisterSvcHandler
 .text.SVCCTL_UserEvtRx
                0x0000000008005554       0xa8 ./Middlewares/ST/STM32_WPAN/ble/svc/Src/svc_ctl.o
                0x0000000008005554                SVCCTL_UserEvtRx
 .text.SHCI_C2_BLE_Init
                0x00000000080055fc       0x2e ./Middlewares/ST/STM32_WPAN/interface/patterns/ble_thread/shci/shci.o
                0x00000000080055fc                SHCI_C2_BLE_Init
 .text.SHCI_C2_DEBUG_Init
                0x000000000800562a       0x2e ./Middlewares/ST/STM32_WPAN/interface/patterns/ble_thread/shci/shci.o
                0x000000000800562a                SHCI_C2_DEBUG_Init
 .text.SHCI_C2_Config
                0x0000000008005658       0x2a ./Middlewares/ST/STM32_WPAN/interface/patterns/ble_thread/shci/shci.o
                0x0000000008005658                SHCI_C2_Config
 *fill*         0x0000000008005682        0x2 
 .text.SHCI_GetWirelessFwInfo
                0x0000000008005684      0x15c ./Middlewares/ST/STM32_WPAN/interface/patterns/ble_thread/shci/shci.o
                0x0000000008005684                SHCI_GetWirelessFwInfo
 .text.hci_init
                0x00000000080057e0       0x38 ./Middlewares/ST/STM32_WPAN/interface/patterns/ble_thread/tl/hci_tl.o
                0x00000000080057e0                hci_init
 .text.hci_user_evt_proc
                0x0000000008005818       0x9c ./Middlewares/ST/STM32_WPAN/interface/patterns/ble_thread/tl/hci_tl.o
                0x0000000008005818                hci_user_evt_proc
 .text.hci_send_req
                0x00000000080058b4       0xfc ./Middlewares/ST/STM32_WPAN/interface/patterns/ble_thread/tl/hci_tl.o
                0x00000000080058b4                hci_send_req
 .text.TlInit   0x00000000080059b0       0x60 ./Middlewares/ST/STM32_WPAN/interface/patterns/ble_thread/tl/hci_tl.o
 .text.SendCmd  0x0000000008005a10       0x4c ./Middlewares/ST/STM32_WPAN/interface/patterns/ble_thread/tl/hci_tl.o
 .text.NotifyCmdStatus
                0x0000000008005a5c       0x40 ./Middlewares/ST/STM32_WPAN/interface/patterns/ble_thread/tl/hci_tl.o
 .text.TlEvtReceived
                0x0000000008005a9c       0x48 ./Middlewares/ST/STM32_WPAN/interface/patterns/ble_thread/tl/hci_tl.o
 .text.hci_register_io_bus
                0x0000000008005ae4       0x28 ./Middlewares/ST/STM32_WPAN/interface/patterns/ble_thread/tl/hci_tl_if.o
                0x0000000008005ae4                hci_register_io_bus
 .text.shci_init
                0x0000000008005b0c       0x38 ./Middlewares/ST/STM32_WPAN/interface/patterns/ble_thread/tl/shci_tl.o
                0x0000000008005b0c                shci_init
 .text.shci_user_evt_proc
                0x0000000008005b44       0x9c ./Middlewares/ST/STM32_WPAN/interface/patterns/ble_thread/tl/shci_tl.o
                0x0000000008005b44                shci_user_evt_proc
 .text.shci_send
                0x0000000008005be0       0x7c ./Middlewares/ST/STM32_WPAN/interface/patterns/ble_thread/tl/shci_tl.o
                0x0000000008005be0                shci_send
 .text.TlInit   0x0000000008005c5c       0x64 ./Middlewares/ST/STM32_WPAN/interface/patterns/ble_thread/tl/shci_tl.o
 .text.Cmd_SetStatus
                0x0000000008005cc0       0x50 ./Middlewares/ST/STM32_WPAN/interface/patterns/ble_thread/tl/shci_tl.o
 .text.TlCmdEvtReceived
                0x0000000008005d10       0x16 ./Middlewares/ST/STM32_WPAN/interface/patterns/ble_thread/tl/shci_tl.o
 *fill*         0x0000000008005d26        0x2 
 .text.TlUserEvtReceived
                0x0000000008005d28       0x24 ./Middlewares/ST/STM32_WPAN/interface/patterns/ble_thread/tl/shci_tl.o
 .text.shci_register_io_bus
                0x0000000008005d4c       0x28 ./Middlewares/ST/STM32_WPAN/interface/patterns/ble_thread/tl/shci_tl_if.o
                0x0000000008005d4c                shci_register_io_bus
 .text.TL_Enable
                0x0000000008005d74        0xc ./Middlewares/ST/STM32_WPAN/interface/patterns/ble_thread/tl/tl_mbox.o
                0x0000000008005d74                TL_Enable
 .text.TL_Init  0x0000000008005d80       0x74 ./Middlewares/ST/STM32_WPAN/interface/patterns/ble_thread/tl/tl_mbox.o
                0x0000000008005d80                TL_Init
 .text.TL_BLE_Init
                0x0000000008005df4       0x68 ./Middlewares/ST/STM32_WPAN/interface/patterns/ble_thread/tl/tl_mbox.o
                0x0000000008005df4                TL_BLE_Init
 .text.TL_BLE_SendCmd
                0x0000000008005e5c       0x38 ./Middlewares/ST/STM32_WPAN/interface/patterns/ble_thread/tl/tl_mbox.o
                0x0000000008005e5c                TL_BLE_SendCmd
 .text.HW_IPCC_BLE_RxEvtNot
                0x0000000008005e94       0x60 ./Middlewares/ST/STM32_WPAN/interface/patterns/ble_thread/tl/tl_mbox.o
                0x0000000008005e94                HW_IPCC_BLE_RxEvtNot
 .text.HW_IPCC_BLE_AclDataAckNot
                0x0000000008005ef4       0x14 ./Middlewares/ST/STM32_WPAN/interface/patterns/ble_thread/tl/tl_mbox.o
                0x0000000008005ef4                HW_IPCC_BLE_AclDataAckNot
 .text.TL_SYS_Init
                0x0000000008005f08       0x54 ./Middlewares/ST/STM32_WPAN/interface/patterns/ble_thread/tl/tl_mbox.o
                0x0000000008005f08                TL_SYS_Init
 .text.TL_SYS_SendCmd
                0x0000000008005f5c       0x38 ./Middlewares/ST/STM32_WPAN/interface/patterns/ble_thread/tl/tl_mbox.o
                0x0000000008005f5c                TL_SYS_SendCmd
 .text.HW_IPCC_SYS_CmdEvtNot
                0x0000000008005f94       0x2c ./Middlewares/ST/STM32_WPAN/interface/patterns/ble_thread/tl/tl_mbox.o
                0x0000000008005f94                HW_IPCC_SYS_CmdEvtNot
 .text.HW_IPCC_SYS_EvtNot
                0x0000000008005fc0       0x44 ./Middlewares/ST/STM32_WPAN/interface/patterns/ble_thread/tl/tl_mbox.o
                0x0000000008005fc0                HW_IPCC_SYS_EvtNot
 .text.TL_MM_Init
                0x0000000008006004       0x78 ./Middlewares/ST/STM32_WPAN/interface/patterns/ble_thread/tl/tl_mbox.o
                0x0000000008006004                TL_MM_Init
 .text.TL_MM_EvtDone
                0x000000000800607c       0x30 ./Middlewares/ST/STM32_WPAN/interface/patterns/ble_thread/tl/tl_mbox.o
                0x000000000800607c                TL_MM_EvtDone
 .text.SendFreeBuf
                0x00000000080060ac       0x40 ./Middlewares/ST/STM32_WPAN/interface/patterns/ble_thread/tl/tl_mbox.o
 .text.TL_TRACES_Init
                0x00000000080060ec       0x24 ./Middlewares/ST/STM32_WPAN/interface/patterns/ble_thread/tl/tl_mbox.o
                0x00000000080060ec                TL_TRACES_Init
 .text.HW_IPCC_TRACES_EvtNot
                0x0000000008006110       0x34 ./Middlewares/ST/STM32_WPAN/interface/patterns/ble_thread/tl/tl_mbox.o
                0x0000000008006110                HW_IPCC_TRACES_EvtNot
 .text.TL_TRACES_EvtReceived
                0x0000000008006144       0x14 ./Middlewares/ST/STM32_WPAN/interface/patterns/ble_thread/tl/tl_mbox.o
                0x0000000008006144                TL_TRACES_EvtReceived
 .text.OutputDbgTrace
                0x0000000008006158       0xac ./Middlewares/ST/STM32_WPAN/interface/patterns/ble_thread/tl/tl_mbox.o
 .text.OTP_Read
                0x0000000008006204       0x50 ./Middlewares/ST/STM32_WPAN/utilities/otp.o
                0x0000000008006204                OTP_Read
 .text.LST_init_head
                0x0000000008006254       0x20 ./Middlewares/ST/STM32_WPAN/utilities/stm_list.o
                0x0000000008006254                LST_init_head
 .text.LST_is_empty
                0x0000000008006274       0x44 ./Middlewares/ST/STM32_WPAN/utilities/stm_list.o
                0x0000000008006274                LST_is_empty
 .text.LST_insert_head
                0x00000000080062b8       0x4c ./Middlewares/ST/STM32_WPAN/utilities/stm_list.o
                0x00000000080062b8                LST_insert_head
 .text.LST_insert_tail
                0x0000000008006304       0x4c ./Middlewares/ST/STM32_WPAN/utilities/stm_list.o
                0x0000000008006304                LST_insert_tail
 .text.LST_remove_node
                0x0000000008006350       0x42 ./Middlewares/ST/STM32_WPAN/utilities/stm_list.o
                0x0000000008006350                LST_remove_node
 .text.LST_remove_head
                0x0000000008006392       0x3e ./Middlewares/ST/STM32_WPAN/utilities/stm_list.o
                0x0000000008006392                LST_remove_head
 .text.LL_FLASH_GetUDN
                0x00000000080063d0       0x18 ./STM32_WPAN/App/app_ble.o
 .text.LL_FLASH_GetDeviceID
                0x00000000080063e8       0x18 ./STM32_WPAN/App/app_ble.o
 .text.LL_FLASH_GetSTCompanyID
                0x0000000008006400       0x18 ./STM32_WPAN/App/app_ble.o
 .text.APP_BLE_Init
                0x0000000008006418       0xb0 ./STM32_WPAN/App/app_ble.o
                0x0000000008006418                APP_BLE_Init
 .text.SVCCTL_App_Notification
                0x00000000080064c8      0x180 ./STM32_WPAN/App/app_ble.o
                0x00000000080064c8                SVCCTL_App_Notification
 .text.Ble_Tl_Init
                0x0000000008006648       0x2c ./STM32_WPAN/App/app_ble.o
 .text.Ble_Hci_Gap_Gatt_Init
                0x0000000008006674      0x134 ./STM32_WPAN/App/app_ble.o
 .text.Adv_Request
                0x00000000080067a8       0x60 ./STM32_WPAN/App/app_ble.o
 .text.BleGetBdAddress
                0x0000000008006808       0x88 ./STM32_WPAN/App/app_ble.o
 .text.Adv_Cancel
                0x0000000008006890       0x34 ./STM32_WPAN/App/app_ble.o
 .text.hci_notify_asynch_evt
                0x00000000080068c4       0x18 ./STM32_WPAN/App/app_ble.o
                0x00000000080068c4                hci_notify_asynch_evt
 .text.hci_cmd_resp_release
                0x00000000080068dc       0x16 ./STM32_WPAN/App/app_ble.o
                0x00000000080068dc                hci_cmd_resp_release
 .text.hci_cmd_resp_wait
                0x00000000080068f2       0x16 ./STM32_WPAN/App/app_ble.o
                0x00000000080068f2                hci_cmd_resp_wait
 .text.BLE_UserEvtRx
                0x0000000008006908       0x38 ./STM32_WPAN/App/app_ble.o
 .text.BLE_StatusNot
                0x0000000008006940       0x36 ./STM32_WPAN/App/app_ble.o
 *fill*         0x0000000008006976        0x2 
 .text.myTask   0x0000000008006978       0x38 ./STM32_WPAN/App/custom_app.o
                0x0000000008006978                myTask
 .text.Custom_STM_App_Notification
                0x00000000080069b0       0x38 ./STM32_WPAN/App/custom_app.o
                0x00000000080069b0                Custom_STM_App_Notification
 .text.Custom_APP_Notification
                0x00000000080069e8       0x28 ./STM32_WPAN/App/custom_app.o
                0x00000000080069e8                Custom_APP_Notification
 .text.Custom_APP_Init
                0x0000000008006a10        0xe ./STM32_WPAN/App/custom_app.o
                0x0000000008006a10                Custom_APP_Init
 *fill*         0x0000000008006a1e        0x2 
 .text.Custom_Mycharnotify_Update_Char
                0x0000000008006a20       0x14 ./STM32_WPAN/App/custom_app.o
 .text.Custom_STM_Event_Handler
                0x0000000008006a34       0xe4 ./STM32_WPAN/App/custom_stm.o
 .text.SVCCTL_InitCustomSvc
                0x0000000008006b18      0x144 ./STM32_WPAN/App/custom_stm.o
                0x0000000008006b18                SVCCTL_InitCustomSvc
 .text.Custom_STM_App_Update_Char
                0x0000000008006c5c       0x64 ./STM32_WPAN/App/custom_stm.o
                0x0000000008006c5c                Custom_STM_App_Update_Char
 .text.LL_PWR_EnableBootC2
                0x0000000008006cc0       0x20 ./STM32_WPAN/Target/hw_ipcc.o
 .text.LL_C2_EXTI_EnableEvent_32_63
                0x0000000008006ce0       0x28 ./STM32_WPAN/Target/hw_ipcc.o
 .text.LL_EXTI_EnableRisingTrig_32_63
                0x0000000008006d08       0x24 ./STM32_WPAN/Target/hw_ipcc.o
 .text.LL_AHB3_GRP1_EnableClock
                0x0000000008006d2c       0x32 ./STM32_WPAN/Target/hw_ipcc.o
 .text.LL_C2_AHB3_GRP1_EnableClock
                0x0000000008006d5e       0x38 ./STM32_WPAN/Target/hw_ipcc.o
 .text.LL_C1_IPCC_EnableIT_TXF
                0x0000000008006d96       0x20 ./STM32_WPAN/Target/hw_ipcc.o
 .text.LL_C1_IPCC_EnableIT_RXO
                0x0000000008006db6       0x20 ./STM32_WPAN/Target/hw_ipcc.o
 .text.LL_C1_IPCC_EnableTransmitChannel
                0x0000000008006dd6       0x26 ./STM32_WPAN/Target/hw_ipcc.o
 .text.LL_C1_IPCC_DisableTransmitChannel
                0x0000000008006dfc       0x24 ./STM32_WPAN/Target/hw_ipcc.o
 .text.LL_C1_IPCC_EnableReceiveChannel
                0x0000000008006e20       0x24 ./STM32_WPAN/Target/hw_ipcc.o
 .text.LL_C1_IPCC_ClearFlag_CHx
                0x0000000008006e44       0x1c ./STM32_WPAN/Target/hw_ipcc.o
 .text.LL_C1_IPCC_SetFlag_CHx
                0x0000000008006e60       0x1e ./STM32_WPAN/Target/hw_ipcc.o
 .text.LL_C1_IPCC_IsActiveFlag_CHx
                0x0000000008006e7e       0x2a ./STM32_WPAN/Target/hw_ipcc.o
 .text.LL_C2_IPCC_IsActiveFlag_CHx
                0x0000000008006ea8       0x2a ./STM32_WPAN/Target/hw_ipcc.o
 *fill*         0x0000000008006ed2        0x2 
 .text.HW_IPCC_Rx_Handler
                0x0000000008006ed4       0x70 ./STM32_WPAN/Target/hw_ipcc.o
                0x0000000008006ed4                HW_IPCC_Rx_Handler
 .text.HW_IPCC_Tx_Handler
                0x0000000008006f44       0x74 ./STM32_WPAN/Target/hw_ipcc.o
                0x0000000008006f44                HW_IPCC_Tx_Handler
 .text.HW_IPCC_Enable
                0x0000000008006fb8       0x28 ./STM32_WPAN/Target/hw_ipcc.o
                0x0000000008006fb8                HW_IPCC_Enable
 .text.HW_IPCC_Init
                0x0000000008006fe0       0x2c ./STM32_WPAN/Target/hw_ipcc.o
                0x0000000008006fe0                HW_IPCC_Init
 .text.HW_IPCC_BLE_Init
                0x000000000800700c       0x14 ./STM32_WPAN/Target/hw_ipcc.o
                0x000000000800700c                HW_IPCC_BLE_Init
 .text.HW_IPCC_BLE_SendCmd
                0x0000000008007020       0x14 ./STM32_WPAN/Target/hw_ipcc.o
                0x0000000008007020                HW_IPCC_BLE_SendCmd
 .text.HW_IPCC_BLE_EvtHandler
                0x0000000008007034       0x18 ./STM32_WPAN/Target/hw_ipcc.o
 .text.HW_IPCC_BLE_AclDataEvtHandler
                0x000000000800704c       0x18 ./STM32_WPAN/Target/hw_ipcc.o
 .text.HW_IPCC_SYS_Init
                0x0000000008007064       0x14 ./STM32_WPAN/Target/hw_ipcc.o
                0x0000000008007064                HW_IPCC_SYS_Init
 .text.HW_IPCC_SYS_SendCmd
                0x0000000008007078       0x1c ./STM32_WPAN/Target/hw_ipcc.o
                0x0000000008007078                HW_IPCC_SYS_SendCmd
 .text.HW_IPCC_SYS_CmdEvtHandler
                0x0000000008007094       0x18 ./STM32_WPAN/Target/hw_ipcc.o
 .text.HW_IPCC_SYS_EvtHandler
                0x00000000080070ac       0x18 ./STM32_WPAN/Target/hw_ipcc.o
 .text.HW_IPCC_MM_SendFreeBuf
                0x00000000080070c4       0x44 ./STM32_WPAN/Target/hw_ipcc.o
                0x00000000080070c4                HW_IPCC_MM_SendFreeBuf
 .text.HW_IPCC_MM_FreeBufHandler
                0x0000000008007108       0x28 ./STM32_WPAN/Target/hw_ipcc.o
 .text.HW_IPCC_TRACES_Init
                0x0000000008007130       0x14 ./STM32_WPAN/Target/hw_ipcc.o
                0x0000000008007130                HW_IPCC_TRACES_Init
 .text.HW_IPCC_TRACES_EvtHandler
                0x0000000008007144       0x18 ./STM32_WPAN/Target/hw_ipcc.o
 .text.UTIL_LPM_Init
                0x000000000800715c       0x24 ./Utilities/lpm/tiny_lpm/stm32_lpm.o
                0x000000000800715c                UTIL_LPM_Init
 .text.UTIL_LPM_SetOffMode
                0x0000000008007180       0x60 ./Utilities/lpm/tiny_lpm/stm32_lpm.o
                0x0000000008007180                UTIL_LPM_SetOffMode
 .text.UTIL_SEQ_Run
                0x00000000080071e0      0x1d4 ./Utilities/sequencer/stm32_seq.o
                0x00000000080071e0                UTIL_SEQ_Run
 .text.UTIL_SEQ_RegTask
                0x00000000080073b4       0x44 ./Utilities/sequencer/stm32_seq.o
                0x00000000080073b4                UTIL_SEQ_RegTask
 .text.UTIL_SEQ_SetTask
                0x00000000080073f8       0x58 ./Utilities/sequencer/stm32_seq.o
                0x00000000080073f8                UTIL_SEQ_SetTask
 .text.UTIL_SEQ_PauseTask
                0x0000000008007450       0x40 ./Utilities/sequencer/stm32_seq.o
                0x0000000008007450                UTIL_SEQ_PauseTask
 .text.UTIL_SEQ_ResumeTask
                0x0000000008007490       0x40 ./Utilities/sequencer/stm32_seq.o
                0x0000000008007490                UTIL_SEQ_ResumeTask
 .text.UTIL_SEQ_SetEvt
                0x00000000080074d0       0x40 ./Utilities/sequencer/stm32_seq.o
                0x00000000080074d0                UTIL_SEQ_SetEvt
 .text.UTIL_SEQ_WaitEvt
                0x0000000008007510       0x9c ./Utilities/sequencer/stm32_seq.o
                0x0000000008007510                UTIL_SEQ_WaitEvt
 .text.UTIL_SEQ_PreIdle
                0x00000000080075ac        0xe ./Utilities/sequencer/stm32_seq.o
                0x00000000080075ac                UTIL_SEQ_PreIdle
 .text.UTIL_SEQ_PostIdle
                0x00000000080075ba        0xe ./Utilities/sequencer/stm32_seq.o
                0x00000000080075ba                UTIL_SEQ_PostIdle
 .text.SEQ_BitPosition
                0x00000000080075c8       0x74 ./Utilities/sequencer/stm32_seq.o
                0x00000000080075c8                SEQ_BitPosition
 .text.__libc_init_array
                0x000000000800763c       0x48 c:/st/stm32cubeide_1.4.0/stm32cubeide/plugins/com.st.stm32cube.ide.mcu.externaltools.gnu-tools-for-stm32.10.3-2021.10.win32_1.0.0.202111181127/tools/bin/../lib/gcc/arm-none-eabi/10.3.1/../../../../arm-none-eabi/lib/thumb/v7e-m+fp/hard\libc_nano.a(lib_a-init.o)
                0x000000000800763c                __libc_init_array
 .text.memcpy   0x0000000008007684       0x1c c:/st/stm32cubeide_1.4.0/stm32cubeide/plugins/com.st.stm32cube.ide.mcu.externaltools.gnu-tools-for-stm32.10.3-2021.10.win32_1.0.0.202111181127/tools/bin/../lib/gcc/arm-none-eabi/10.3.1/../../../../arm-none-eabi/lib/thumb/v7e-m+fp/hard\libc_nano.a(lib_a-memcpy-stub.o)
                0x0000000008007684                memcpy
 .text.memset   0x00000000080076a0       0x10 c:/st/stm32cubeide_1.4.0/stm32cubeide/plugins/com.st.stm32cube.ide.mcu.externaltools.gnu-tools-for-stm32.10.3-2021.10.win32_1.0.0.202111181127/tools/bin/../lib/gcc/arm-none-eabi/10.3.1/../../../../arm-none-eabi/lib/thumb/v7e-m+fp/hard\libc_nano.a(lib_a-memset.o)
                0x00000000080076a0                memset
 *(.glue_7)
 .glue_7        0x00000000080076b0        0x0 linker stubs
 *(.glue_7t)
 .glue_7t       0x00000000080076b0        0x0 linker stubs
 *(.eh_frame)
 .eh_frame      0x00000000080076b0        0x0 c:/st/stm32cubeide_1.4.0/stm32cubeide/plugins/com.st.stm32cube.ide.mcu.externaltools.gnu-tools-for-stm32.10.3-2021.10.win32_1.0.0.202111181127/tools/bin/../lib/gcc/arm-none-eabi/10.3.1/thumb/v7e-m+fp/hard/crtbegin.o
 *(.init)
 .init          0x00000000080076b0        0x4 c:/st/stm32cubeide_1.4.0/stm32cubeide/plugins/com.st.stm32cube.ide.mcu.externaltools.gnu-tools-for-stm32.10.3-2021.10.win32_1.0.0.202111181127/tools/bin/../lib/gcc/arm-none-eabi/10.3.1/thumb/v7e-m+fp/hard/crti.o
                0x00000000080076b0                _init
 .init          0x00000000080076b4        0x8 c:/st/stm32cubeide_1.4.0/stm32cubeide/plugins/com.st.stm32cube.ide.mcu.externaltools.gnu-tools-for-stm32.10.3-2021.10.win32_1.0.0.202111181127/tools/bin/../lib/gcc/arm-none-eabi/10.3.1/thumb/v7e-m+fp/hard/crtn.o
 *(.fini)
 .fini          0x00000000080076bc        0x4 c:/st/stm32cubeide_1.4.0/stm32cubeide/plugins/com.st.stm32cube.ide.mcu.externaltools.gnu-tools-for-stm32.10.3-2021.10.win32_1.0.0.202111181127/tools/bin/../lib/gcc/arm-none-eabi/10.3.1/thumb/v7e-m+fp/hard/crti.o
                0x00000000080076bc                _fini
 .fini          0x00000000080076c0        0x8 c:/st/stm32cubeide_1.4.0/stm32cubeide/plugins/com.st.stm32cube.ide.mcu.externaltools.gnu-tools-for-stm32.10.3-2021.10.win32_1.0.0.202111181127/tools/bin/../lib/gcc/arm-none-eabi/10.3.1/thumb/v7e-m+fp/hard/crtn.o
                0x00000000080076c8                . = ALIGN (0x4)
                0x00000000080076c8                _etext = .

.vfp11_veneer   0x00000000080076c8        0x0
 .vfp11_veneer  0x00000000080076c8        0x0 linker stubs

.v4_bx          0x00000000080076c8        0x0
 .v4_bx         0x00000000080076c8        0x0 linker stubs

.iplt           0x00000000080076c8        0x0
 .iplt          0x00000000080076c8        0x0 c:/st/stm32cubeide_1.4.0/stm32cubeide/plugins/com.st.stm32cube.ide.mcu.externaltools.gnu-tools-for-stm32.10.3-2021.10.win32_1.0.0.202111181127/tools/bin/../lib/gcc/arm-none-eabi/10.3.1/thumb/v7e-m+fp/hard/crtbegin.o

.rodata         0x00000000080076c8      0x270
                0x00000000080076c8                . = ALIGN (0x4)
 *(.rodata)
 .rodata        0x00000000080076c8       0x1b ./Core/Src/app_debug.o
 *fill*         0x00000000080076e3        0x1 
 .rodata        0x00000000080076e4       0x2c ./Drivers/STM32WBxx_HAL_Driver/Src/stm32wbxx_hal_rcc.o
 .rodata        0x0000000008007710       0x3d ./STM32_WPAN/App/app_ble.o
 *(.rodata*)
 *fill*         0x000000000800774d        0x3 
 .rodata.aGpioConfigList
                0x0000000008007750      0x130 ./Core/Src/app_debug.o
 .rodata.AHBPrescTable
                0x0000000008007880       0x40 ./Core/Src/system_stm32wbxx.o
                0x0000000008007880                AHBPrescTable
 .rodata.MSIRangeTable
                0x00000000080078c0       0x40 ./Core/Src/system_stm32wbxx.o
                0x00000000080078c0                MSIRangeTable
 .rodata.M_bd_addr
                0x0000000008007900        0x6 ./STM32_WPAN/App/app_ble.o
 *fill*         0x0000000008007906        0x2 
 .rodata.BLE_CFG_IR_VALUE
                0x0000000008007908       0x10 ./STM32_WPAN/App/app_ble.o
 .rodata.BLE_CFG_ER_VALUE
                0x0000000008007918       0x10 ./STM32_WPAN/App/app_ble.o
 .rodata.SEQ_clz_table_4bit
                0x0000000008007928       0x10 ./Utilities/sequencer/stm32_seq.o
                0x0000000008007938                . = ALIGN (0x4)

.rel.dyn        0x0000000008007938        0x0
 .rel.iplt      0x0000000008007938        0x0 c:/st/stm32cubeide_1.4.0/stm32cubeide/plugins/com.st.stm32cube.ide.mcu.externaltools.gnu-tools-for-stm32.10.3-2021.10.win32_1.0.0.202111181127/tools/bin/../lib/gcc/arm-none-eabi/10.3.1/thumb/v7e-m+fp/hard/crtbegin.o

.ARM.extab
 *(.ARM.extab* .gnu.linkonce.armextab.*)

.ARM            0x0000000008007938        0x0
                0x0000000008007938                __exidx_start = .
 *(.ARM.exidx*)
                0x0000000008007938                __exidx_end = .

.preinit_array  0x0000000008007938        0x0
                0x0000000008007938                PROVIDE (__preinit_array_start = .)
 *(.preinit_array*)
                0x0000000008007938                PROVIDE (__preinit_array_end = .)

.init_array     0x0000000008007938        0x4
                0x0000000008007938                PROVIDE (__init_array_start = .)
 *(SORT_BY_NAME(.init_array.*))
 *(.init_array*)
 .init_array    0x0000000008007938        0x4 c:/st/stm32cubeide_1.4.0/stm32cubeide/plugins/com.st.stm32cube.ide.mcu.externaltools.gnu-tools-for-stm32.10.3-2021.10.win32_1.0.0.202111181127/tools/bin/../lib/gcc/arm-none-eabi/10.3.1/thumb/v7e-m+fp/hard/crtbegin.o
                0x000000000800793c                PROVIDE (__init_array_end = .)

.fini_array     0x000000000800793c        0x4
                [!provide]                        PROVIDE (__fini_array_start = .)
 *(SORT_BY_NAME(.fini_array.*))
 *(.fini_array*)
 .fini_array    0x000000000800793c        0x4 c:/st/stm32cubeide_1.4.0/stm32cubeide/plugins/com.st.stm32cube.ide.mcu.externaltools.gnu-tools-for-stm32.10.3-2021.10.win32_1.0.0.202111181127/tools/bin/../lib/gcc/arm-none-eabi/10.3.1/thumb/v7e-m+fp/hard/crtbegin.o
                [!provide]                        PROVIDE (__fini_array_end = .)
                0x0000000008007940                _sidata = LOADADDR (.data)

.data           0x0000000020000004       0x1c load address 0x0000000008007940
                0x0000000020000004                . = ALIGN (0x4)
                0x0000000020000004                _sdata = .
 *(.data)
 *(.data*)
 .data.SystemCoreClock
                0x0000000020000004        0x4 ./Core/Src/system_stm32wbxx.o
                0x0000000020000004                SystemCoreClock
 .data.uwTickPrio
                0x0000000020000008        0x4 ./Drivers/STM32WBxx_HAL_Driver/Src/stm32wbxx_hal.o
                0x0000000020000008                uwTickPrio
 .data.uwTickFreq
                0x000000002000000c        0x1 ./Drivers/STM32WBxx_HAL_Driver/Src/stm32wbxx_hal.o
                0x000000002000000c                uwTickFreq
 *fill*         0x000000002000000d        0x3 
 .data.ad_data  0x0000000020000010        0x8 ./STM32_WPAN/App/app_ble.o
                0x0000000020000010                ad_data
 .data.TaskMask
                0x0000000020000018        0x4 ./Utilities/sequencer/stm32_seq.o
 .data.SuperMask
                0x000000002000001c        0x4 ./Utilities/sequencer/stm32_seq.o
 *(.RamFunc)
 *(.RamFunc*)
                0x0000000020000020                . = ALIGN (0x4)
                0x0000000020000020                _edata = .

.igot.plt       0x0000000020000020        0x0 load address 0x000000000800795c
 .igot.plt      0x0000000020000020        0x0 c:/st/stm32cubeide_1.4.0/stm32cubeide/plugins/com.st.stm32cube.ide.mcu.externaltools.gnu-tools-for-stm32.10.3-2021.10.win32_1.0.0.202111181127/tools/bin/../lib/gcc/arm-none-eabi/10.3.1/thumb/v7e-m+fp/hard/crtbegin.o

TIMERSERVER_CONTEXT
                0x0000000020000020       0x99 load address 0x000000000800795c
 TIMERSERVER_CONTEXT
                0x0000000020000020       0x99 ./Core/Src/hw_timerserver.o

BLE_DRIVER_CONTEXT
                0x00000000200000bc       0x3e load address 0x00000000080079f5
 BLE_DRIVER_CONTEXT
                0x00000000200000bc       0x21 ./Middlewares/ST/STM32_WPAN/ble/svc/Src/svc_ctl.o
                0x00000000200000bc                SVCCTL_EvtHandler
                0x00000000200000dc                SVCCTL_CltHandler
 *fill*         0x00000000200000dd        0x3 
 BLE_DRIVER_CONTEXT
                0x00000000200000e0       0x11 ./Middlewares/ST/STM32_WPAN/interface/patterns/ble_thread/tl/hci_tl.o
                0x00000000200000f0                UserEventFlow
 *fill*         0x00000000200000f1        0x3 
 BLE_DRIVER_CONTEXT
                0x00000000200000f4        0x6 ./STM32_WPAN/App/custom_stm.o

SYSTEM_DRIVER_CONTEXT
                0x00000000200000fc       0x11 load address 0x0000000008007a33
 SYSTEM_DRIVER_CONTEXT
                0x00000000200000fc       0x11 ./Middlewares/ST/STM32_WPAN/interface/patterns/ble_thread/tl/shci_tl.o
                0x000000002000010c                SHCI_TL_UserEventFlow

BLE_APP_CONTEXT
                0x0000000020000110       0x84 load address 0x0000000008007a44
 BLE_APP_CONTEXT
                0x0000000020000110       0x84 ./STM32_WPAN/App/app_ble.o
                0x0000000020000194                . = ALIGN (0x4)

.bss            0x0000000020000194      0x2a8 load address 0x0000000008007ac8
                0x0000000020000194                _sbss = .
                0x0000000020000194                __bss_start__ = _sbss
 *(.bss)
 .bss           0x0000000020000194       0x1c c:/st/stm32cubeide_1.4.0/stm32cubeide/plugins/com.st.stm32cube.ide.mcu.externaltools.gnu-tools-for-stm32.10.3-2021.10.win32_1.0.0.202111181127/tools/bin/../lib/gcc/arm-none-eabi/10.3.1/thumb/v7e-m+fp/hard/crtbegin.o
 *(.bss*)
 .bss.phrtc     0x00000000200001b0        0x4 ./Core/Src/hw_timerserver.o
 .bss.WakeupTimerDivider
                0x00000000200001b4        0x1 ./Core/Src/hw_timerserver.o
 .bss.AsynchPrescalerUserConfig
                0x00000000200001b5        0x1 ./Core/Src/hw_timerserver.o
 .bss.SynchPrescalerUserConfig
                0x00000000200001b6        0x2 ./Core/Src/hw_timerserver.o
 .bss.MaxWakeupTimerSetup
                0x00000000200001b8        0x2 ./Core/Src/hw_timerserver.o
 *fill*         0x00000000200001ba        0x2 
 .bss.hipcc     0x00000000200001bc       0x3c ./Core/Src/main.o
                0x00000000200001bc                hipcc
 .bss.hrtc      0x00000000200001f8       0x24 ./Core/Src/main.o
                0x00000000200001f8                hrtc
 .bss.uwTick    0x000000002000021c        0x4 ./Drivers/STM32WBxx_HAL_Driver/Src/stm32wbxx_hal.o
                0x000000002000021c                uwTick
 .bss.hciContext
                0x0000000020000220       0x20 ./Middlewares/ST/STM32_WPAN/interface/patterns/ble_thread/tl/hci_tl.o
 .bss.HciCmdEventQueue
                0x0000000020000240        0x8 ./Middlewares/ST/STM32_WPAN/interface/patterns/ble_thread/tl/hci_tl.o
 .bss.StatusNotCallBackFunction
                0x0000000020000248        0x4 ./Middlewares/ST/STM32_WPAN/interface/patterns/ble_thread/tl/hci_tl.o
 .bss.shciContext
                0x000000002000024c       0x20 ./Middlewares/ST/STM32_WPAN/interface/patterns/ble_thread/tl/shci_tl.o
 .bss.StatusNotCallBackFunction
                0x000000002000026c        0x4 ./Middlewares/ST/STM32_WPAN/interface/patterns/ble_thread/tl/shci_tl.o
 .bss.LocalFreeBufQueue
                0x0000000020000270        0x8 ./Middlewares/ST/STM32_WPAN/interface/patterns/ble_thread/tl/tl_mbox.o
 .bss.BLE_IoBusEvtCallBackFunction
                0x0000000020000278        0x4 ./Middlewares/ST/STM32_WPAN/interface/patterns/ble_thread/tl/tl_mbox.o
 .bss.BLE_IoBusAclDataTxAck
                0x000000002000027c        0x4 ./Middlewares/ST/STM32_WPAN/interface/patterns/ble_thread/tl/tl_mbox.o
 .bss.SYS_CMD_IoBusCallBackFunction
                0x0000000020000280        0x4 ./Middlewares/ST/STM32_WPAN/interface/patterns/ble_thread/tl/tl_mbox.o
 .bss.SYS_EVT_IoBusCallBackFunction
                0x0000000020000284        0x4 ./Middlewares/ST/STM32_WPAN/interface/patterns/ble_thread/tl/tl_mbox.o
 .bss.p_mem_manager_table.0
                0x0000000020000288        0x4 ./Middlewares/ST/STM32_WPAN/interface/patterns/ble_thread/tl/tl_mbox.o
 .bss.bd_addr_udn
                0x000000002000028c        0x6 ./STM32_WPAN/App/app_ble.o
 *fill*         0x0000000020000292        0x2 
 .bss.handleNotification
                0x0000000020000294        0x4 ./STM32_WPAN/App/app_ble.o
                0x0000000020000294                handleNotification
 .bss.UpdateCharData
                0x0000000020000298       0xf7 ./STM32_WPAN/App/custom_app.o
                0x0000000020000298                UpdateCharData
 *fill*         0x000000002000038f        0x1 
 .bss.FreeBufCb
                0x0000000020000390        0x4 ./STM32_WPAN/Target/hw_ipcc.o
 .bss.StopModeDisable
                0x0000000020000394        0x4 ./Utilities/lpm/tiny_lpm/stm32_lpm.o
 .bss.OffModeDisable
                0x0000000020000398        0x4 ./Utilities/lpm/tiny_lpm/stm32_lpm.o
 .bss.TaskSet   0x000000002000039c        0x4 ./Utilities/sequencer/stm32_seq.o
 .bss.EvtSet    0x00000000200003a0        0x4 ./Utilities/sequencer/stm32_seq.o
 .bss.EvtWaited
                0x00000000200003a4        0x4 ./Utilities/sequencer/stm32_seq.o
 .bss.CurrentTaskIdx
                0x00000000200003a8        0x4 ./Utilities/sequencer/stm32_seq.o
 .bss.TaskCb    0x00000000200003ac       0x80 ./Utilities/sequencer/stm32_seq.o
 .bss.TaskPrio  0x000000002000042c       0x10 ./Utilities/sequencer/stm32_seq.o
 *(COMMON)
                0x000000002000043c                . = ALIGN (0x4)
                0x000000002000043c                _ebss = .
                0x000000002000043c                __bss_end__ = _ebss

._user_heap_stack
                0x000000002000043c      0x604 load address 0x0000000008007ac8
                0x0000000020000440                . = ALIGN (0x8)
 *fill*         0x000000002000043c        0x4 
                [!provide]                        PROVIDE (end = .)
                0x0000000020000440                PROVIDE (_end = .)
                0x0000000020000640                . = (. + _Min_Heap_Size)
 *fill*         0x0000000020000440      0x200 
                0x0000000020000a40                . = (. + _Min_Stack_Size)
 *fill*         0x0000000020000640      0x400 
                0x0000000020000a40                . = ALIGN (0x8)

/DISCARD/
 libc.a(*)
 libm.a(*)
 libgcc.a(*)

.ARM.attributes
                0x0000000000000000       0x30
 *(.ARM.attributes)
 .ARM.attributes
                0x0000000000000000       0x1e c:/st/stm32cubeide_1.4.0/stm32cubeide/plugins/com.st.stm32cube.ide.mcu.externaltools.gnu-tools-for-stm32.10.3-2021.10.win32_1.0.0.202111181127/tools/bin/../lib/gcc/arm-none-eabi/10.3.1/thumb/v7e-m+fp/hard/crti.o
 .ARM.attributes
                0x000000000000001e       0x34 c:/st/stm32cubeide_1.4.0/stm32cubeide/plugins/com.st.stm32cube.ide.mcu.externaltools.gnu-tools-for-stm32.10.3-2021.10.win32_1.0.0.202111181127/tools/bin/../lib/gcc/arm-none-eabi/10.3.1/thumb/v7e-m+fp/hard/crtbegin.o
 .ARM.attributes
                0x0000000000000052       0x34 ./Core/Src/app_debug.o
 .ARM.attributes
                0x0000000000000086       0x34 ./Core/Src/app_entry.o
 .ARM.attributes
                0x00000000000000ba       0x34 ./Core/Src/hw_timerserver.o
 .ARM.attributes
                0x00000000000000ee       0x34 ./Core/Src/main.o
 .ARM.attributes
                0x0000000000000122       0x34 ./Core/Src/stm32wbxx_hal_msp.o
 .ARM.attributes
                0x0000000000000156       0x34 ./Core/Src/stm32wbxx_it.o
 .ARM.attributes
                0x000000000000018a       0x34 ./Core/Src/system_stm32wbxx.o
 .ARM.attributes
                0x00000000000001be       0x21 ./Core/Startup/startup_stm32wb55rgvx.o
 .ARM.attributes
                0x00000000000001df       0x34 ./Drivers/STM32WBxx_HAL_Driver/Src/stm32wbxx_hal.o
 .ARM.attributes
                0x0000000000000213       0x34 ./Drivers/STM32WBxx_HAL_Driver/Src/stm32wbxx_hal_cortex.o
 .ARM.attributes
                0x0000000000000247       0x34 ./Drivers/STM32WBxx_HAL_Driver/Src/stm32wbxx_hal_gpio.o
 .ARM.attributes
                0x000000000000027b       0x34 ./Drivers/STM32WBxx_HAL_Driver/Src/stm32wbxx_hal_hsem.o
 .ARM.attributes
                0x00000000000002af       0x34 ./Drivers/STM32WBxx_HAL_Driver/Src/stm32wbxx_hal_ipcc.o
 .ARM.attributes
                0x00000000000002e3       0x34 ./Drivers/STM32WBxx_HAL_Driver/Src/stm32wbxx_hal_pwr.o
 .ARM.attributes
                0x0000000000000317       0x34 ./Drivers/STM32WBxx_HAL_Driver/Src/stm32wbxx_hal_pwr_ex.o
 .ARM.attributes
                0x000000000000034b       0x34 ./Drivers/STM32WBxx_HAL_Driver/Src/stm32wbxx_hal_rcc.o
 .ARM.attributes
                0x000000000000037f       0x34 ./Drivers/STM32WBxx_HAL_Driver/Src/stm32wbxx_hal_rcc_ex.o
 .ARM.attributes
                0x00000000000003b3       0x34 ./Drivers/STM32WBxx_HAL_Driver/Src/stm32wbxx_hal_rtc.o
 .ARM.attributes
                0x00000000000003e7       0x34 ./Drivers/STM32WBxx_HAL_Driver/Src/stm32wbxx_hal_rtc_ex.o
 .ARM.attributes
                0x000000000000041b       0x34 ./Middlewares/ST/STM32_WPAN/ble/core/auto/ble_gap_aci.o
 .ARM.attributes
                0x000000000000044f       0x34 ./Middlewares/ST/STM32_WPAN/ble/core/auto/ble_gatt_aci.o
 .ARM.attributes
                0x0000000000000483       0x34 ./Middlewares/ST/STM32_WPAN/ble/core/auto/ble_hal_aci.o
 .ARM.attributes
                0x00000000000004b7       0x34 ./Middlewares/ST/STM32_WPAN/ble/core/auto/ble_hci_le.o
 .ARM.attributes
                0x00000000000004eb       0x34 ./Middlewares/ST/STM32_WPAN/ble/core/template/osal.o
 .ARM.attributes
                0x000000000000051f       0x34 ./Middlewares/ST/STM32_WPAN/ble/svc/Src/svc_ctl.o
 .ARM.attributes
                0x0000000000000553       0x34 ./Middlewares/ST/STM32_WPAN/interface/patterns/ble_thread/shci/shci.o
 .ARM.attributes
                0x0000000000000587       0x34 ./Middlewares/ST/STM32_WPAN/interface/patterns/ble_thread/tl/hci_tl.o
 .ARM.attributes
                0x00000000000005bb       0x34 ./Middlewares/ST/STM32_WPAN/interface/patterns/ble_thread/tl/hci_tl_if.o
 .ARM.attributes
                0x00000000000005ef       0x34 ./Middlewares/ST/STM32_WPAN/interface/patterns/ble_thread/tl/shci_tl.o
 .ARM.attributes
                0x0000000000000623       0x34 ./Middlewares/ST/STM32_WPAN/interface/patterns/ble_thread/tl/shci_tl_if.o
 .ARM.attributes
                0x0000000000000657       0x34 ./Middlewares/ST/STM32_WPAN/interface/patterns/ble_thread/tl/tl_mbox.o
 .ARM.attributes
                0x000000000000068b       0x34 ./Middlewares/ST/STM32_WPAN/utilities/otp.o
 .ARM.attributes
                0x00000000000006bf       0x34 ./Middlewares/ST/STM32_WPAN/utilities/stm_list.o
 .ARM.attributes
                0x00000000000006f3       0x34 ./STM32_WPAN/App/app_ble.o
 .ARM.attributes
                0x0000000000000727       0x34 ./STM32_WPAN/App/custom_app.o
 .ARM.attributes
                0x000000000000075b       0x34 ./STM32_WPAN/App/custom_stm.o
 .ARM.attributes
                0x000000000000078f       0x34 ./STM32_WPAN/Target/hw_ipcc.o
 .ARM.attributes
                0x00000000000007c3       0x34 ./Utilities/lpm/tiny_lpm/stm32_lpm.o
 .ARM.attributes
                0x00000000000007f7       0x34 ./Utilities/sequencer/stm32_seq.o
 .ARM.attributes
                0x000000000000082b       0x34 c:/st/stm32cubeide_1.4.0/stm32cubeide/plugins/com.st.stm32cube.ide.mcu.externaltools.gnu-tools-for-stm32.10.3-2021.10.win32_1.0.0.202111181127/tools/bin/../lib/gcc/arm-none-eabi/10.3.1/../../../../arm-none-eabi/lib/thumb/v7e-m+fp/hard\libc_nano.a(lib_a-init.o)
 .ARM.attributes
                0x000000000000085f       0x34 c:/st/stm32cubeide_1.4.0/stm32cubeide/plugins/com.st.stm32cube.ide.mcu.externaltools.gnu-tools-for-stm32.10.3-2021.10.win32_1.0.0.202111181127/tools/bin/../lib/gcc/arm-none-eabi/10.3.1/../../../../arm-none-eabi/lib/thumb/v7e-m+fp/hard\libc_nano.a(lib_a-memcpy-stub.o)
 .ARM.attributes
                0x0000000000000893       0x34 c:/st/stm32cubeide_1.4.0/stm32cubeide/plugins/com.st.stm32cube.ide.mcu.externaltools.gnu-tools-for-stm32.10.3-2021.10.win32_1.0.0.202111181127/tools/bin/../lib/gcc/arm-none-eabi/10.3.1/../../../../arm-none-eabi/lib/thumb/v7e-m+fp/hard\libc_nano.a(lib_a-memset.o)
 .ARM.attributes
                0x00000000000008c7       0x17 c:/st/stm32cubeide_1.4.0/stm32cubeide/plugins/com.st.stm32cube.ide.mcu.externaltools.gnu-tools-for-stm32.10.3-2021.10.win32_1.0.0.202111181127/tools/bin/../lib/gcc/arm-none-eabi/10.3.1/../../../../arm-none-eabi/lib/thumb/v7e-m+fp/hard\libc_nano.a(lib_a-strlen.o)
 .ARM.attributes
                0x00000000000008de       0x1e c:/st/stm32cubeide_1.4.0/stm32cubeide/plugins/com.st.stm32cube.ide.mcu.externaltools.gnu-tools-for-stm32.10.3-2021.10.win32_1.0.0.202111181127/tools/bin/../lib/gcc/arm-none-eabi/10.3.1/thumb/v7e-m+fp/hard/crtn.o

MAPPING_TABLE   0x0000000020030000       0x28
 *(MAPPING_TABLE)
 MAPPING_TABLE  0x0000000020030000       0x28 ./Middlewares/ST/STM32_WPAN/interface/patterns/ble_thread/tl/tl_mbox.o

MB_MEM1         0x0000000020030028      0x1b7
 *(MB_MEM1)
 MB_MEM1        0x0000000020030028       0xac ./Middlewares/ST/STM32_WPAN/interface/patterns/ble_thread/tl/tl_mbox.o
 MB_MEM1        0x00000000200300d4      0x10b ./STM32_WPAN/App/app_ble.o

MB_MEM2         0x00000000200301e0      0x877
                0x00000000200301e0                _sMB_MEM2 = .
 *(MB_MEM2)
 MB_MEM2        0x00000000200301e0        0x8 ./Core/Src/app_debug.o
 MB_MEM2        0x00000000200301e8      0x85e ./Core/Src/app_entry.o
 *fill*         0x0000000020030a46        0x2 
 MB_MEM2        0x0000000020030a48        0xf ./Middlewares/ST/STM32_WPAN/interface/patterns/ble_thread/tl/tl_mbox.o
                0x0000000020030a57                _eMB_MEM2 = .
OUTPUT(BLE_WB55_vid12_FromScratch.elf elf32-littlearm)
LOAD linker stubs
LOAD c:/st/stm32cubeide_1.4.0/stm32cubeide/plugins/com.st.stm32cube.ide.mcu.externaltools.gnu-tools-for-stm32.10.3-2021.10.win32_1.0.0.202111181127/tools/bin/../lib/gcc/arm-none-eabi/10.3.1/../../../../arm-none-eabi/lib/thumb/v7e-m+fp/hard\libc.a
LOAD c:/st/stm32cubeide_1.4.0/stm32cubeide/plugins/com.st.stm32cube.ide.mcu.externaltools.gnu-tools-for-stm32.10.3-2021.10.win32_1.0.0.202111181127/tools/bin/../lib/gcc/arm-none-eabi/10.3.1/../../../../arm-none-eabi/lib/thumb/v7e-m+fp/hard\libm.a
LOAD c:/st/stm32cubeide_1.4.0/stm32cubeide/plugins/com.st.stm32cube.ide.mcu.externaltools.gnu-tools-for-stm32.10.3-2021.10.win32_1.0.0.202111181127/tools/bin/../lib/gcc/arm-none-eabi/10.3.1/thumb/v7e-m+fp/hard\libgcc.a

.debug_info     0x0000000000000000    0x248f9
 .debug_info    0x0000000000000000      0xb5b ./Core/Src/app_debug.o
 .debug_info    0x0000000000000b5b     0x1ee2 ./Core/Src/app_entry.o
 .debug_info    0x0000000000002a3d     0x12c1 ./Core/Src/hw_timerserver.o
 .debug_info    0x0000000000003cfe     0x1222 ./Core/Src/main.o
 .debug_info    0x0000000000004f20      0xe65 ./Core/Src/stm32wbxx_hal_msp.o
 .debug_info    0x0000000000005d85      0x191 ./Core/Src/stm32wbxx_it.o
 .debug_info    0x0000000000005f16      0x741 ./Core/Src/system_stm32wbxx.o
 .debug_info    0x0000000000006657       0x22 ./Core/Startup/startup_stm32wb55rgvx.o
 .debug_info    0x0000000000006679     0x1379 ./Drivers/STM32WBxx_HAL_Driver/Src/stm32wbxx_hal.o
 .debug_info    0x00000000000079f2      0xd41 ./Drivers/STM32WBxx_HAL_Driver/Src/stm32wbxx_hal_cortex.o
 .debug_info    0x0000000000008733      0x6ef ./Drivers/STM32WBxx_HAL_Driver/Src/stm32wbxx_hal_gpio.o
 .debug_info    0x0000000000008e22      0x3e5 ./Drivers/STM32WBxx_HAL_Driver/Src/stm32wbxx_hal_hsem.o
 .debug_info    0x0000000000009207      0x82b ./Drivers/STM32WBxx_HAL_Driver/Src/stm32wbxx_hal_ipcc.o
 .debug_info    0x0000000000009a32      0x939 ./Drivers/STM32WBxx_HAL_Driver/Src/stm32wbxx_hal_pwr.o
 .debug_info    0x000000000000a36b     0x10e2 ./Drivers/STM32WBxx_HAL_Driver/Src/stm32wbxx_hal_pwr_ex.o
 .debug_info    0x000000000000b44d     0x15ef ./Drivers/STM32WBxx_HAL_Driver/Src/stm32wbxx_hal_rcc.o
 .debug_info    0x000000000000ca3c     0x1d71 ./Drivers/STM32WBxx_HAL_Driver/Src/stm32wbxx_hal_rcc_ex.o
 .debug_info    0x000000000000e7ad      0xdd1 ./Drivers/STM32WBxx_HAL_Driver/Src/stm32wbxx_hal_rtc.o
 .debug_info    0x000000000000f57e     0x1100 ./Drivers/STM32WBxx_HAL_Driver/Src/stm32wbxx_hal_rtc_ex.o
 .debug_info    0x000000000001067e     0x3826 ./Middlewares/ST/STM32_WPAN/ble/core/auto/ble_gap_aci.o
 .debug_info    0x0000000000013ea4     0x329b ./Middlewares/ST/STM32_WPAN/ble/core/auto/ble_gatt_aci.o
 .debug_info    0x000000000001713f      0xde6 ./Middlewares/ST/STM32_WPAN/ble/core/auto/ble_hal_aci.o
 .debug_info    0x0000000000017f25     0x42c3 ./Middlewares/ST/STM32_WPAN/ble/core/auto/ble_hci_le.o
 .debug_info    0x000000000001c1e8      0x1c5 ./Middlewares/ST/STM32_WPAN/ble/core/template/osal.o
 .debug_info    0x000000000001c3ad      0x4d8 ./Middlewares/ST/STM32_WPAN/ble/svc/Src/svc_ctl.o
 .debug_info    0x000000000001c885     0x19be ./Middlewares/ST/STM32_WPAN/interface/patterns/ble_thread/shci/shci.o
 .debug_info    0x000000000001e243      0x9d4 ./Middlewares/ST/STM32_WPAN/interface/patterns/ble_thread/tl/hci_tl.o
 .debug_info    0x000000000001ec17      0x1f6 ./Middlewares/ST/STM32_WPAN/interface/patterns/ble_thread/tl/hci_tl_if.o
 .debug_info    0x000000000001ee0d      0x82d ./Middlewares/ST/STM32_WPAN/interface/patterns/ble_thread/tl/shci_tl.o
 .debug_info    0x000000000001f63a      0x1f8 ./Middlewares/ST/STM32_WPAN/interface/patterns/ble_thread/tl/shci_tl_if.o
 .debug_info    0x000000000001f832      0xe02 ./Middlewares/ST/STM32_WPAN/interface/patterns/ble_thread/tl/tl_mbox.o
 .debug_info    0x0000000000020634       0xd4 ./Middlewares/ST/STM32_WPAN/utilities/otp.o
 .debug_info    0x0000000000020708      0x755 ./Middlewares/ST/STM32_WPAN/utilities/stm_list.o
 .debug_info    0x0000000000020e5d     0x1301 ./STM32_WPAN/App/app_ble.o
 .debug_info    0x000000000002215e      0x4b4 ./STM32_WPAN/App/custom_app.o
 .debug_info    0x0000000000022612      0x705 ./STM32_WPAN/App/custom_stm.o
 .debug_info    0x0000000000022d17      0xe7d ./STM32_WPAN/Target/hw_ipcc.o
 .debug_info    0x0000000000023b94      0x3f6 ./Utilities/lpm/tiny_lpm/stm32_lpm.o
 .debug_info    0x0000000000023f8a      0x96f ./Utilities/sequencer/stm32_seq.o

.debug_abbrev   0x0000000000000000     0x4ec6
 .debug_abbrev  0x0000000000000000      0x24c ./Core/Src/app_debug.o
 .debug_abbrev  0x000000000000024c      0x39d ./Core/Src/app_entry.o
 .debug_abbrev  0x00000000000005e9      0x311 ./Core/Src/hw_timerserver.o
 .debug_abbrev  0x00000000000008fa      0x2e6 ./Core/Src/main.o
 .debug_abbrev  0x0000000000000be0      0x20f ./Core/Src/stm32wbxx_hal_msp.o
 .debug_abbrev  0x0000000000000def       0x87 ./Core/Src/stm32wbxx_it.o
 .debug_abbrev  0x0000000000000e76      0x136 ./Core/Src/system_stm32wbxx.o
 .debug_abbrev  0x0000000000000fac       0x12 ./Core/Startup/startup_stm32wb55rgvx.o