../Drivers/STM32WBxx_HAL_Driver/Inc/stm32wbxx_ll_bus.h:539:22:LL_AHB2_GRP1_EnableClock	8	static
../Core/Src/main.c:85:6:programInit	0	static
../Core/Src/main.c:90:6:loop	32	static
../Core/Src/main.c:209:6:SystemClock_Config	112	static,ignoring_inline_asm
../Core/Src/main.c:263:6:PeriphCommonClock_Config	88	static,ignoring_inline_asm
../Core/Src/main.c:518:5:UART_Transmit	8	static
../Core/Src/main.c:140:5:main	64	static,ignoring_inline_asm
../Core/Src/main.c:534:6:Error_Handler	0	static,ignoring_inline_asm
