../Core/Src/stm32wbxx_hal_msp.c:63:6:HAL_MspInit	16	static
../Core/Src/stm32wbxx_hal_msp.c:90:6:HAL_I2C_MspInit	120	static
../Core/Src/stm32wbxx_hal_msp.c:136:6:HAL_I2C_MspDeInit	8	static
../Core/Src/stm32wbxx_hal_msp.c:167:6:HAL_IPCC_MspInit	16	static
../Core/Src/stm32wbxx_hal_msp.c:194:6:HAL_IPCC_MspDeInit	8	static
../Core/Src/stm32wbxx_hal_msp.c:220:6:HAL_RTC_MspInit	96	static
../Core/Src/stm32wbxx_hal_msp.c:257:6:HAL_RTC_MspDeInit	0	static
../Core/Src/stm32wbxx_hal_msp.c:283:6:HAL_UART_MspInit	120	static
../Core/Src/stm32wbxx_hal_msp.c:330:6:HAL_UART_MspDeInit	0	static
