../Drivers/STM32WBxx_HAL_Driver/Inc/stm32wbxx_ll_rcc.h:1666:22:LL_RCC_LSE_SetDriveCapability	16	static
../Drivers/STM32WBxx_HAL_Driver/Inc/stm32wbxx_ll_bus.h:539:22:LL_AHB2_GRP1_EnableClock	24	static
../Core/Src/main.c:94:6:drawLogo	24	static
../Core/Src/main.c:107:5:main	48	static
../Core/Src/main.c:195:6:SystemClock_Config	112	static
../Core/Src/main.c:249:6:PeriphCommonClock_Config	88	static
../Core/Src/main.c:274:13:MX_ADC1_Init	32	static
../Core/Src/main.c:332:13:MX_I2C1_Init	8	static
../Core/Src/main.c:380:13:MX_IPCC_Init	8	static
../Core/Src/main.c:406:13:MX_RF_Init	4	static
../Core/Src/main.c:427:13:MX_RTC_Init	8	static
../Core/Src/main.c:470:13:MX_USART1_UART_Init	8	static
../Core/Src/main.c:518:13:MX_GPIO_Init	32	static
../Core/Src/main.c:577:7:Get_ADC_Temp	16	static
../Core/Src/main.c:610:5:UART_Transmit	24	static
../Core/Src/main.c:633:6:OLED_Transmit_Line1	16	static
../Core/Src/main.c:647:6:OLED_Transmit_Line2	16	static
../Core/Src/main.c:661:6:OLED_Transmit_Line3	16	static
../Core/Src/main.c:673:6:Error_Handler	4	static,ignoring_inline_asm
