../Drivers/STM32WBxx_HAL_Driver/Inc/stm32wbxx_ll_rcc.h:1666:22:LL_RCC_LSE_SetDriveCapability	16	static
../Drivers/STM32WBxx_HAL_Driver/Inc/stm32wbxx_ll_bus.h:539:22:LL_AHB2_GRP1_EnableClock	24	static
../Core/Src/main.c:76:5:main	48	static
../Core/Src/main.c:143:6:SystemClock_Config	112	static
../Core/Src/main.c:197:6:PeriphCommonClock_Config	88	static
../Core/Src/main.c:222:13:MX_IPCC_Init	8	static
../Core/Src/main.c:248:13:MX_RF_Init	4	static
../Core/Src/main.c:269:13:MX_RTC_Init	8	static
../Core/Src/main.c:312:13:MX_USART1_UART_Init	8	static
../Core/Src/main.c:360:13:MX_GPIO_Init	32	static
../Core/Src/main.c:404:5:UART_Transmit	24	static
../Core/Src/main.c:420:6:Error_Handler	4	static,ignoring_inline_asm
