../Drivers/STM32WBxx_HAL_Driver/Inc/stm32wbxx_ll_rcc.h:1666:22:LL_RCC_LSE_SetDriveCapability	16	static
../Drivers/STM32WBxx_HAL_Driver/Inc/stm32wbxx_ll_bus.h:539:22:LL_AHB2_GRP1_EnableClock	24	static
../Core/Src/main.c:91:6:drawLogo	24	static
../Core/Src/main.c:104:5:main	48	static
../Core/Src/main.c:180:6:SystemClock_Config	112	static
../Core/Src/main.c:234:6:PeriphCommonClock_Config	88	static
../Core/Src/main.c:259:13:MX_I2C1_Init	8	static
../Core/Src/main.c:307:13:MX_IPCC_Init	8	static
../Core/Src/main.c:333:13:MX_RF_Init	4	static
../Core/Src/main.c:354:13:MX_RTC_Init	8	static
../Core/Src/main.c:397:13:MX_USART1_UART_Init	8	static
../Core/Src/main.c:445:13:MX_GPIO_Init	32	static
../Core/Src/main.c:497:5:UART_Transmit	24	static
../Core/Src/main.c:515:6:OLED_Transmit_Line1	16	static
../Core/Src/main.c:529:6:OLED_Transmit_Line2	16	static
../Core/Src/main.c:543:6:OLED_Transmit_Line3	16	static
../Core/Src/main.c:555:6:Error_Handler	4	static,ignoring_inline_asm
