../Drivers/STM32WBxx_HAL_Driver/Inc/stm32wbxx_ll_rcc.h:1666:22:LL_RCC_LSE_SetDriveCapability	16	static
../Drivers/STM32WBxx_HAL_Driver/Inc/stm32wbxx_ll_bus.h:539:22:LL_AHB2_GRP1_EnableClock	24	static
../Core/Src/main.c:95:6:drawLogo	24	static
../Core/Src/main.c:108:5:main	48	static
../Core/Src/main.c:196:6:SystemClock_Config	112	static
../Core/Src/main.c:250:6:PeriphCommonClock_Config	88	static
../Core/Src/main.c:275:13:MX_ADC1_Init	32	static
../Core/Src/main.c:333:13:MX_I2C1_Init	8	static
../Core/Src/main.c:381:13:MX_IPCC_Init	8	static
../Core/Src/main.c:407:13:MX_RF_Init	4	static
../Core/Src/main.c:428:13:MX_RTC_Init	8	static
../Core/Src/main.c:471:13:MX_USART1_UART_Init	8	static
../Core/Src/main.c:519:13:MX_GPIO_Init	32	static
../Core/Src/main.c:581:5:UART_Transmit	24	static
../Core/Src/main.c:604:6:OLED_Transmit_Line1	16	static
../Core/Src/main.c:618:6:OLED_Transmit_Line2	16	static
../Core/Src/main.c:632:6:OLED_Transmit_Line3	16	static
../Core/Src/main.c:644:6:Error_Handler	4	static,ignoring_inline_asm
