../Drivers/STM32WBxx_HAL_Driver/Inc/stm32wbxx_ll_rcc.h:1666:22:LL_RCC_LSE_SetDriveCapability	16	static
../Drivers/STM32WBxx_HAL_Driver/Inc/stm32wbxx_ll_bus.h:539:22:LL_AHB2_GRP1_EnableClock	24	static
../Core/Src/main.c:91:6:drawLogo	24	static
../Core/Src/main.c:133:5:main	48	static
../Core/Src/main.c:208:6:SystemClock_Config	112	static
../Core/Src/main.c:262:6:PeriphCommonClock_Config	88	static
../Core/Src/main.c:287:13:MX_I2C1_Init	8	static
../Core/Src/main.c:335:13:MX_IPCC_Init	8	static
../Core/Src/main.c:361:13:MX_RF_Init	4	static
../Core/Src/main.c:382:13:MX_RTC_Init	8	static
../Core/Src/main.c:425:13:MX_USART1_UART_Init	8	static
../Core/Src/main.c:473:13:MX_GPIO_Init	32	static
../Core/Src/main.c:517:5:UART_Transmit	24	static
../Core/Src/main.c:533:6:Error_Handler	4	static,ignoring_inline_asm
