../Drivers/STM32WBxx_HAL_Driver/Inc/stm32wbxx_ll_rcc.h:2864:22:LL_RCC_EnableRTC	4	static
../Drivers/STM32WBxx_HAL_Driver/Inc/stm32wbxx_ll_rcc.h:2874:22:LL_RCC_DisableRTC	4	static
../Drivers/STM32WBxx_HAL_Driver/Inc/stm32wbxx_ll_bus.h:539:22:LL_AHB2_GRP1_EnableClock	24	static
../Drivers/STM32WBxx_HAL_Driver/Inc/stm32wbxx_ll_bus.h:597:22:LL_AHB2_GRP1_DisableClock	16	static
../Drivers/STM32WBxx_HAL_Driver/Inc/stm32wbxx_ll_bus.h:744:22:LL_AHB3_GRP1_EnableClock	24	static
../Drivers/STM32WBxx_HAL_Driver/Inc/stm32wbxx_ll_bus.h:798:22:LL_AHB3_GRP1_DisableClock	16	static
../Drivers/STM32WBxx_HAL_Driver/Inc/stm32wbxx_ll_bus.h:939:22:LL_APB1_GRP1_EnableClock	24	static
../Drivers/STM32WBxx_HAL_Driver/Inc/stm32wbxx_ll_bus.h:1038:22:LL_APB1_GRP1_DisableClock	16	static
../Drivers/STM32WBxx_HAL_Driver/Inc/stm32wbxx_ll_bus.h:1274:22:LL_APB2_GRP1_EnableClock	24	static
../Drivers/STM32WBxx_HAL_Driver/Inc/stm32wbxx_ll_bus.h:1328:22:LL_APB2_GRP1_DisableClock	16	static
../Core/Src/stm32wbxx_hal_msp.c:63:6:HAL_MspInit	8	static
../Core/Src/stm32wbxx_hal_msp.c:90:6:HAL_ADC_MspInit	120	static
../Core/Src/stm32wbxx_hal_msp.c:134:6:HAL_ADC_MspDeInit	16	static
../Core/Src/stm32wbxx_hal_msp.c:162:6:HAL_I2C_MspInit	120	static
../Core/Src/stm32wbxx_hal_msp.c:208:6:HAL_I2C_MspDeInit	16	static
../Core/Src/stm32wbxx_hal_msp.c:239:6:HAL_IPCC_MspInit	16	static
../Core/Src/stm32wbxx_hal_msp.c:266:6:HAL_IPCC_MspDeInit	16	static
../Core/Src/stm32wbxx_hal_msp.c:292:6:HAL_RTC_MspInit	96	static
../Core/Src/stm32wbxx_hal_msp.c:329:6:HAL_RTC_MspDeInit	16	static
../Core/Src/stm32wbxx_hal_msp.c:355:6:HAL_UART_MspInit	120	static
../Core/Src/stm32wbxx_hal_msp.c:402:6:HAL_UART_MspDeInit	16	static
