Archive member included to satisfy reference by file (symbol)

c:/st/stm32cubeide_1.4.0/stm32cubeide/plugins/com.st.stm32cube.ide.mcu.externaltools.gnu-tools-for-stm32.10.3-2021.10.win32_1.0.0.202111181127/tools/bin/../lib/gcc/arm-none-eabi/10.3.1/../../../../arm-none-eabi/lib/thumb/v7e-m+fp/hard\libc_nano.a(lib_a-errno.o)
                              ./Core/Src/syscalls.o (__errno)
c:/st/stm32cubeide_1.4.0/stm32cubeide/plugins/com.st.stm32cube.ide.mcu.externaltools.gnu-tools-for-stm32.10.3-2021.10.win32_1.0.0.202111181127/tools/bin/../lib/gcc/arm-none-eabi/10.3.1/../../../../arm-none-eabi/lib/thumb/v7e-m+fp/hard\libc_nano.a(lib_a-exit.o)
                              c:/st/stm32cubeide_1.4.0/stm32cubeide/plugins/com.st.stm32cube.ide.mcu.externaltools.gnu-tools-for-stm32.10.3-2021.10.win32_1.0.0.202111181127/tools/bin/../lib/gcc/arm-none-eabi/10.3.1/../../../../arm-none-eabi/lib/thumb/v7e-m+fp/hard/crt0.o (exit)
c:/st/stm32cubeide_1.4.0/stm32cubeide/plugins/com.st.stm32cube.ide.mcu.externaltools.gnu-tools-for-stm32.10.3-2021.10.win32_1.0.0.202111181127/tools/bin/../lib/gcc/arm-none-eabi/10.3.1/../../../../arm-none-eabi/lib/thumb/v7e-m+fp/hard\libc_nano.a(lib_a-impure.o)
                              c:/st/stm32cubeide_1.4.0/stm32cubeide/plugins/com.st.stm32cube.ide.mcu.externaltools.gnu-tools-for-stm32.10.3-2021.10.win32_1.0.0.202111181127/tools/bin/../lib/gcc/arm-none-eabi/10.3.1/../../../../arm-none-eabi/lib/thumb/v7e-m+fp/hard\libc_nano.a(lib_a-exit.o) (_global_impure_ptr)
c:/st/stm32cubeide_1.4.0/stm32cubeide/plugins/com.st.stm32cube.ide.mcu.externaltools.gnu-tools-for-stm32.10.3-2021.10.win32_1.0.0.202111181127/tools/bin/../lib/gcc/arm-none-eabi/10.3.1/../../../../arm-none-eabi/lib/thumb/v7e-m+fp/hard\libc_nano.a(lib_a-init.o)
                              c:/st/stm32cubeide_1.4.0/stm32cubeide/plugins/com.st.stm32cube.ide.mcu.externaltools.gnu-tools-for-stm32.10.3-2021.10.win32_1.0.0.202111181127/tools/bin/../lib/gcc/arm-none-eabi/10.3.1/../../../../arm-none-eabi/lib/thumb/v7e-m+fp/hard/crt0.o (__libc_init_array)
c:/st/stm32cubeide_1.4.0/stm32cubeide/plugins/com.st.stm32cube.ide.mcu.externaltools.gnu-tools-for-stm32.10.3-2021.10.win32_1.0.0.202111181127/tools/bin/../lib/gcc/arm-none-eabi/10.3.1/../../../../arm-none-eabi/lib/thumb/v7e-m+fp/hard\libc_nano.a(lib_a-memcmp.o)
                              ./Middlewares/ST/STM32_WPAN/ble/core/template/osal.o (memcmp)
c:/st/stm32cubeide_1.4.0/stm32cubeide/plugins/com.st.stm32cube.ide.mcu.externaltools.gnu-tools-for-stm32.10.3-2021.10.win32_1.0.0.202111181127/tools/bin/../lib/gcc/arm-none-eabi/10.3.1/../../../../arm-none-eabi/lib/thumb/v7e-m+fp/hard\libc_nano.a(lib_a-memcpy-stub.o)
                              ./Core/Src/ssd1306.o (memcpy)
c:/st/stm32cubeide_1.4.0/stm32cubeide/plugins/com.st.stm32cube.ide.mcu.externaltools.gnu-tools-for-stm32.10.3-2021.10.win32_1.0.0.202111181127/tools/bin/../lib/gcc/arm-none-eabi/10.3.1/../../../../arm-none-eabi/lib/thumb/v7e-m+fp/hard\libc_nano.a(lib_a-memmove.o)
                              ./Core/Src/ssd1306_tests.o (memmove)
c:/st/stm32cubeide_1.4.0/stm32cubeide/plugins/com.st.stm32cube.ide.mcu.externaltools.gnu-tools-for-stm32.10.3-2021.10.win32_1.0.0.202111181127/tools/bin/../lib/gcc/arm-none-eabi/10.3.1/../../../../arm-none-eabi/lib/thumb/v7e-m+fp/hard\libc_nano.a(lib_a-memset.o)
                              c:/st/stm32cubeide_1.4.0/stm32cubeide/plugins/com.st.stm32cube.ide.mcu.externaltools.gnu-tools-for-stm32.10.3-2021.10.win32_1.0.0.202111181127/tools/bin/../lib/gcc/arm-none-eabi/10.3.1/../../../../arm-none-eabi/lib/thumb/v7e-m+fp/hard/crt0.o (memset)
c:/st/stm32cubeide_1.4.0/stm32cubeide/plugins/com.st.stm32cube.ide.mcu.externaltools.gnu-tools-for-stm32.10.3-2021.10.win32_1.0.0.202111181127/tools/bin/../lib/gcc/arm-none-eabi/10.3.1/../../../../arm-none-eabi/lib/thumb/v7e-m+fp/hard\libc_nano.a(lib_a-printf.o)
                              ./Middlewares/ST/STM32_WPAN/utilities/dbg_trace.o (printf)
c:/st/stm32cubeide_1.4.0/stm32cubeide/plugins/com.st.stm32cube.ide.mcu.externaltools.gnu-tools-for-stm32.10.3-2021.10.win32_1.0.0.202111181127/tools/bin/../lib/gcc/arm-none-eabi/10.3.1/../../../../arm-none-eabi/lib/thumb/v7e-m+fp/hard\libc_nano.a(lib_a-snprintf.o)
                              ./Core/Src/ssd1306_tests.o (snprintf)
c:/st/stm32cubeide_1.4.0/stm32cubeide/plugins/com.st.stm32cube.ide.mcu.externaltools.gnu-tools-for-stm32.10.3-2021.10.win32_1.0.0.202111181127/tools/bin/../lib/gcc/arm-none-eabi/10.3.1/../../../../arm-none-eabi/lib/thumb/v7e-m+fp/hard\libc_nano.a(lib_a-sprintf.o)
                              ./STM32_WPAN/App/custom_stm.o (sprintf)
c:/st/stm32cubeide_1.4.0/stm32cubeide/plugins/com.st.stm32cube.ide.mcu.externaltools.gnu-tools-for-stm32.10.3-2021.10.win32_1.0.0.202111181127/tools/bin/../lib/gcc/arm-none-eabi/10.3.1/../../../../arm-none-eabi/lib/thumb/v7e-m+fp/hard\libc_nano.a(lib_a-strcpy.o)
                              ./Core/Src/main.o (strcpy)
[...]
Memory Configuration

Name             Origin             Length             Attributes
FLASH            0x0000000008000000 0x0000000000080000 xr
RAM1             0x0000000020000004 0x000000000002fffc xrw
RAM_SHARED       0x0000000020030000 0x0000000000002800 xrw
*default*        0x0000000000000000 0xffffffffffffffff

Linker script and memory map

LOAD c:/st/stm32cubeide_1.4.0/stm32cubeide/plugins/com.st.stm32cube.ide.mcu.externaltools.gnu-tools-for-stm32.10.3-2021.10.win32_1.0.0.202111181127/tools/bin/../lib/gcc/arm-none-eabi/10.3.1/thumb/v7e-m+fp/hard/crti.o
LOAD c:/st/stm32cubeide_1.4.0/stm32cubeide/plugins/com.st.stm32cube.ide.mcu.externaltools.gnu-tools-for-stm32.10.3-2021.10.win32_1.0.0.202111181127/tools/bin/../lib/gcc/arm-none-eabi/10.3.1/thumb/v7e-m+fp/hard/crtbegin.o
LOAD c:/st/stm32cubeide_1.4.0/stm32cubeide/plugins/com.st.stm32cube.ide.mcu.externaltools.gnu-tools-for-stm32.10.3-2021.10.win32_1.0.0.202111181127/tools/bin/../lib/gcc/arm-none-eabi/10.3.1/../../../../arm-none-eabi/lib/thumb/v7e-m+fp/hard/crt0.o
LOAD ./Core/Src/BitmapLibrary.o
LOAD ./Core/Src/OLED.o
LOAD ./Core/Src/app_debug.o
LOAD ./Core/Src/app_entry.o
LOAD ./Core/Src/hw_timerserver.o
LOAD ./Core/Src/main.o
LOAD ./Core/Src/ssd1306.o
LOAD ./Core/Src/ssd1306_fonts.o
LOAD ./Core/Src/ssd1306_tests.o
LOAD ./Core/Src/stm32_lpm_if.o
LOAD ./Core/Src/stm32wbxx_hal_msp.o
LOAD ./Core/Src/stm32wbxx_it.o
LOAD ./Core/Src/syscalls.o
LOAD ./Core/Src/sysmem.o
LOAD ./Core/Src/system_stm32wbxx.o
LOAD ./Core/Startup/startup_stm32wb55rgvx.o
LOAD ./Drivers/STM32WBxx_HAL_Driver/Src/stm32wbxx_hal.o
LOAD ./Drivers/STM32WBxx_HAL_Driver/Src/stm32wbxx_hal_cortex.o
LOAD ./Drivers/STM32WBxx_HAL_Driver/Src/stm32wbxx_hal_dma.o
LOAD ./Drivers/STM32WBxx_HAL_Driver/Src/stm32wbxx_hal_dma_ex.o
LOAD ./Drivers/STM32WBxx_HAL_Driver/Src/stm32wbxx_hal_exti.o
LOAD ./Drivers/STM32WBxx_HAL_Driver/Src/stm32wbxx_hal_flash.o
LOAD ./Drivers/STM32WBxx_HAL_Driver/Src/stm32wbxx_hal_flash_ex.o
LOAD ./Drivers/STM32WBxx_HAL_Driver/Src/stm32wbxx_hal_gpio.o
LOAD ./Drivers/STM32WBxx_HAL_Driver/Src/stm32wbxx_hal_hsem.o
LOAD ./Drivers/STM32WBxx_HAL_Driver/Src/stm32wbxx_hal_i2c.o
LOAD ./Drivers/STM32WBxx_HAL_Driver/Src/stm32wbxx_hal_i2c_ex.o
LOAD ./Drivers/STM32WBxx_HAL_Driver/Src/stm32wbxx_hal_ipcc.o
LOAD ./Drivers/STM32WBxx_HAL_Driver/Src/stm32wbxx_hal_pwr.o
LOAD ./Drivers/STM32WBxx_HAL_Driver/Src/stm32wbxx_hal_pwr_ex.o
LOAD ./Drivers/STM32WBxx_HAL_Driver/Src/stm32wbxx_hal_rcc.o
LOAD ./Drivers/STM32WBxx_HAL_Driver/Src/stm32wbxx_hal_rcc_ex.o
LOAD ./Drivers/STM32WBxx_HAL_Driver/Src/stm32wbxx_hal_rtc.o
LOAD ./Drivers/STM32WBxx_HAL_Driver/Src/stm32wbxx_hal_rtc_ex.o
LOAD ./Drivers/STM32WBxx_HAL_Driver/Src/stm32wbxx_hal_tim.o
LOAD ./Drivers/STM32WBxx_HAL_Driver/Src/stm32wbxx_hal_tim_ex.o
LOAD ./Drivers/STM32WBxx_HAL_Driver/Src/stm32wbxx_hal_uart.o
LOAD ./Drivers/STM32WBxx_HAL_Driver/Src/stm32wbxx_hal_uart_ex.o
LOAD ./Middlewares/ST/STM32_WPAN/ble/core/auto/ble_events.o
LOAD ./Middlewares/ST/STM32_WPAN/ble/core/auto/ble_gap_aci.o
LOAD ./Middlewares/ST/STM32_WPAN/ble/core/auto/ble_gatt_aci.o
LOAD ./Middlewares/ST/STM32_WPAN/ble/core/auto/ble_hal_aci.o
LOAD ./Middlewares/ST/STM32_WPAN/ble/core/auto/ble_hci_le.o
LOAD ./Middlewares/ST/STM32_WPAN/ble/core/auto/ble_l2cap_aci.o
LOAD ./Middlewares/ST/STM32_WPAN/ble/core/template/osal.o
LOAD ./Middlewares/ST/STM32_WPAN/ble/svc/Src/svc_ctl.o
LOAD ./Middlewares/ST/STM32_WPAN/interface/patterns/ble_thread/shci/shci.o
LOAD ./Middlewares/ST/STM32_WPAN/interface/patterns/ble_thread/tl/hci_tl.o
LOAD ./Middlewares/ST/STM32_WPAN/interface/patterns/ble_thread/tl/hci_tl_if.o
LOAD ./Middlewares/ST/STM32_WPAN/interface/patterns/ble_thread/tl/shci_tl.o
LOAD ./Middlewares/ST/STM32_WPAN/interface/patterns/ble_thread/tl/shci_tl_if.o
LOAD ./Middlewares/ST/STM32_WPAN/interface/patterns/ble_thread/tl/tl_mbox.o
LOAD ./Middlewares/ST/STM32_WPAN/utilities/dbg_trace.o
LOAD ./Middlewares/ST/STM32_WPAN/utilities/otp.o
LOAD ./Middlewares/ST/STM32_WPAN/utilities/stm_list.o
LOAD ./Middlewares/ST/STM32_WPAN/utilities/stm_queue.o
LOAD ./STM32_WPAN/App/app_ble.o
LOAD ./STM32_WPAN/App/custom_app.o
LOAD ./STM32_WPAN/App/custom_stm.o
LOAD ./STM32_WPAN/Target/hw_ipcc.o
LOAD ./Utilities/lpm/tiny_lpm/stm32_lpm.o
LOAD ./Utilities/sequencer/stm32_seq.o
START GROUP
LOAD c:/st/stm32cubeide_1.4.0/stm32cubeide/plugins/com.st.stm32cube.ide.mcu.externaltools.gnu-tools-for-stm32.10.3-2021.10.win32_1.0.0.202111181127/tools/bin/../lib/gcc/arm-none-eabi/10.3.1/../../../../arm-none-eabi/lib/thumb/v7e-m+fp/hard\libc_nano.a
LOAD c:/st/stm32cubeide_1.4.0/stm32cubeide/plugins/com.st.stm32cube.ide.mcu.externaltools.gnu-tools-for-stm32.10.3-2021.10.win32_1.0.0.202111181127/tools/bin/../lib/gcc/arm-none-eabi/10.3.1/../../../../arm-none-eabi/lib/thumb/v7e-m+fp/hard\libm.a
END GROUP
START GROUP
LOAD c:/st/stm32cubeide_1.4.0/stm32cubeide/plugins/com.st.stm32cube.ide.mcu.externaltools.gnu-tools-for-stm32.10.3-2021.10.win32_1.0.0.202111181127/tools/bin/../lib/gcc/arm-none-eabi/10.3.1/thumb/v7e-m+fp/hard\libgcc.a
LOAD c:/st/stm32cubeide_1.4.0/stm32cubeide/plugins/com.st.stm32cube.ide.mcu.externaltools.gnu-tools-for-stm32.10.3-2021.10.win32_1.0.0.202111181127/tools/bin/../lib/gcc/arm-none-eabi/10.3.1/../../../../arm-none-eabi/lib/thumb/v7e-m+fp/hard\libc_nano.a
END GROUP
START GROUP
LOAD c:/st/stm32cubeide_1.4.0/stm32cubeide/plugins/com.st.stm32cube.ide.mcu.externaltools.gnu-tools-for-stm32.10.3-2021.10.win32_1.0.0.202111181127/tools/bin/../lib/gcc/arm-none-eabi/10.3.1/thumb/v7e-m+fp/hard\libgcc.a
LOAD c:/st/stm32cubeide_1.4.0/stm32cubeide/plugins/com.st.stm32cube.ide.mcu.externaltools.gnu-tools-for-stm32.10.3-2021.10.win32_1.0.0.202111181127/tools/bin/../lib/gcc/arm-none-eabi/10.3.1/../../../../arm-none-eabi/lib/thumb/v7e-m+fp/hard\libc_nano.a
LOAD c:/st/stm32cubeide_1.4.0/stm32cubeide/plugins/com.st.stm32cube.ide.mcu.externaltools.gnu-tools-for-stm32.10.3-2021.10.win32_1.0.0.202111181127/tools/bin/../lib/gcc/arm-none-eabi/10.3.1/../../../../arm-none-eabi/lib/thumb/v7e-m+fp/hard\libnosys.a
END GROUP
START GROUP
LOAD c:/st/stm32cubeide_1.4.0/stm32cubeide/plugins/com.st.stm32cube.ide.mcu.externaltools.gnu-tools-for-stm32.10.3-2021.10.win32_1.0.0.202111181127/tools/bin/../lib/gcc/arm-none-eabi/10.3.1/thumb/v7e-m+fp/hard\libgcc.a
LOAD c:/st/stm32cubeide_1.4.0/stm32cubeide/plugins/com.st.stm32cube.ide.mcu.externaltools.gnu-tools-for-stm32.10.3-2021.10.win32_1.0.0.202111181127/tools/bin/../lib/gcc/arm-none-eabi/10.3.1/../../../../arm-none-eabi/lib/thumb/v7e-m+fp/hard\libc_nano.a
LOAD c:/st/stm32cubeide_1.4.0/stm32cubeide/plugins/com.st.stm32cube.ide.mcu.externaltools.gnu-tools-for-stm32.10.3-2021.10.win32_1.0.0.202111181127/tools/bin/../lib/gcc/arm-none-eabi/10.3.1/../../../../arm-none-eabi/lib/thumb/v7e-m+fp/hard\libnosys.a
END GROUP
LOAD c:/st/stm32cubeide_1.4.0/stm32cubeide/plugins/com.st.stm32cube.ide.mcu.externaltools.gnu-tools-for-stm32.10.3-2021.10.win32_1.0.0.202111181127/tools/bin/../lib/gcc/arm-none-eabi/10.3.1/thumb/v7e-m+fp/hard/crtend.o
LOAD c:/st/stm32cubeide_1.4.0/stm32cubeide/plugins/com.st.stm32cube.ide.mcu.externaltools.gnu-tools-for-stm32.10.3-2021.10.win32_1.0.0.202111181127/tools/bin/../lib/gcc/arm-none-eabi/10.3.1/thumb/v7e-m+fp/hard/crtn.o
                0x0000000020030000                _estack = (ORIGIN (RAM1) + LENGTH (RAM1))
                0x0000000000000200                _Min_Heap_Size = 0x200
                0x0000000000000400                _Min_Stack_Size = 0x400

.isr_vector     0x0000000008000000      0x13c
                0x0000000008000000                . = ALIGN (0x4)
 *(.isr_vector)
 .isr_vector    0x0000000008000000      0x13c ./Core/Startup/startup_stm32wb55rgvx.o
                0x0000000008000000                g_pfnVectors
                0x000000000800013c                . = ALIGN (0x4)

.text           0x0000000008000140     0x575c
                0x0000000008000140                . = ALIGN (0x4)
 *(.text)
 .text          0x0000000008000140       0x40 c:/st/stm32cubeide_1.4.0/stm32cubeide/plugins/com.st.stm32cube.ide.mcu.externaltools.gnu-tools-for-stm32.10.3-2021.10.win32_1.0.0.202111181127/tools/bin/../lib/gcc/arm-none-eabi/10.3.1/thumb/v7e-m+fp/hard/crtbegin.o
 .text          0x0000000008000180       0x10 c:/st/stm32cubeide_1.4.0/stm32cubeide/plugins/com.st.stm32cube.ide.mcu.externaltools.gnu-tools-for-stm32.10.3-2021.10.win32_1.0.0.202111181127/tools/bin/../lib/gcc/arm-none-eabi/10.3.1/../../../../arm-none-eabi/lib/thumb/v7e-m+fp/hard\libc_nano.a(lib_a-strlen.o)
                0x0000000008000180                strlen
 .text          0x0000000008000190       0xa0 c:/st/stm32cubeide_1.4.0/stm32cubeide/plugins/com.st.stm32cube.ide.mcu.externaltools.gnu-tools-for-stm32.10.3-2021.10.win32_1.0.0.202111181127/tools/bin/../lib/gcc/arm-none-eabi/10.3.1/../../../../arm-none-eabi/lib/thumb/v7e-m+fp/hard\libc_nano.a(lib_a-memchr.o)
                0x0000000008000190                memchr
 .text          0x0000000008000230       0x30 c:/st/stm32cubeide_1.4.0/stm32cubeide/plugins/com.st.stm32cube.ide.mcu.externaltools.gnu-tools-for-stm32.10.3-2021.10.win32_1.0.0.202111181127/tools/bin/../lib/gcc/arm-none-eabi/10.3.1/thumb/v7e-m+fp/hard\libgcc.a(_aeabi_uldivmod.o)
                0x0000000008000230                __aeabi_uldivmod
 .text          0x0000000008000260      0x2d0 c:/st/stm32cubeide_1.4.0/stm32cubeide/plugins/com.st.stm32cube.ide.mcu.externaltools.gnu-tools-for-stm32.10.3-2021.10.win32_1.0.0.202111181127/tools/bin/../lib/gcc/arm-none-eabi/10.3.1/thumb/v7e-m+fp/hard\libgcc.a(_udivmoddi4.o)
                0x0000000008000260                __udivmoddi4
 .text          0x0000000008000530        0x4 c:/st/stm32cubeide_1.4.0/stm32cubeide/plugins/com.st.stm32cube.ide.mcu.externaltools.gnu-tools-for-stm32.10.3-2021.10.win32_1.0.0.202111181127/tools/bin/../lib/gcc/arm-none-eabi/10.3.1/thumb/v7e-m+fp/hard\libgcc.a(_dvmd_tls.o)
                0x0000000008000530                __aeabi_idiv0
                0x0000000008000530                __aeabi_ldiv0
 *(.text*)
 .text.drawBitmap
                0x0000000008000534       0xa8 ./Core/Src/BitmapLibrary.o
                0x0000000008000534                drawBitmap
 .text.writeLargeFont
                0x00000000080005dc       0x28 ./Core/Src/OLED.o
                0x00000000080005dc                writeLargeFont
 .text.writeMedFont
                0x0000000008000604       0x28 ./Core/Src/OLED.o
                0x0000000008000604                writeMedFont
 .text.writeSmFont
                0x000000000800062c       0x28 ./Core/Src/OLED.o
                0x000000000800062c                writeSmFont
 .text.writeTinyFont
                0x0000000008000654       0x28 ./Core/Src/OLED.o
                0x0000000008000654                writeTinyFont
 .text.clearScreen
                0x000000000800067c        0x6 ./Core/Src/OLED.o
                0x000000000800067c                clearScreen
 *fill*         0x0000000008000682        0x2 
 .text.APPD_EnableCPU2
                0x0000000008000684       0x38 ./Core/Src/app_debug.o
                0x0000000008000684                APPD_EnableCPU2
 .text.APPE_SysStatusNot
                0x00000000080006bc        0x2 ./Core/Src/app_entry.o
 *fill*         0x00000000080006be        0x2 
 .text.APPE_SysUserEvtRx
                0x00000000080006c0       0x68 ./Core/Src/app_entry.o
 .text.MX_APPE_Config
                0x0000000008000728       0xac ./Core/Src/app_entry.o
                0x0000000008000728                MX_APPE_Config
 .text.Init_Exti
                0x00000000080007d4       0x10 ./Core/Src/app_entry.o
                0x00000000080007d4                Init_Exti
 .text.MX_APPE_Init
                0x00000000080007e4       0xa8 ./Core/Src/app_entry.o
                0x00000000080007e4                MX_APPE_Init
 .text.HAL_Delay
                0x000000000800088c       0x34 ./Core/Src/app_entry.o
                0x000000000800088c                HAL_Delay
 .text.MX_APPE_Process
                0x00000000080008c0        0x8 ./Core/Src/app_entry.o
                0x00000000080008c0                MX_APPE_Process
 .text.UTIL_SEQ_Idle
                0x00000000080008c8        0x2 ./Core/Src/app_entry.o
                0x00000000080008c8                UTIL_SEQ_Idle
 .text.UTIL_SEQ_EvtIdle
                0x00000000080008ca        0x8 ./Core/Src/app_entry.o
                0x00000000080008ca                UTIL_SEQ_EvtIdle
 .text.shci_notify_asynch_evt
                0x00000000080008d2        0x8 ./Core/Src/app_entry.o
                0x00000000080008d2                shci_notify_asynch_evt
 .text.shci_cmd_resp_release
                0x00000000080008da        0x6 ./Core/Src/app_entry.o
                0x00000000080008da                shci_cmd_resp_release
 .text.shci_cmd_resp_wait
                0x00000000080008e0        0x6 ./Core/Src/app_entry.o
                0x00000000080008e0                shci_cmd_resp_wait
 *fill*         0x00000000080008e6        0x2 
 .text.ReadRtcSsrValue
                0x00000000080008e8       0x1c ./Core/Src/hw_timerserver.o
 .text.UnlinkTimer
                0x0000000008000904       0x6c ./Core/Src/hw_timerserver.o
 .text.ReturnTimeElapsed
                0x0000000008000970       0x50 ./Core/Src/hw_timerserver.o
 .text.RescheduleTimerList
                0x00000000080009c0      0x114 ./Core/Src/hw_timerserver.o
 .text.HW_TS_Init
                0x0000000008000ad4      0x128 ./Core/Src/hw_timerserver.o
                0x0000000008000ad4                HW_TS_Init
 .text.HW_TS_Stop
                0x0000000008000bfc       0xb0 ./Core/Src/hw_timerserver.o
                0x0000000008000bfc                HW_TS_Stop
 .text.HW_TS_Start
                0x0000000008000cac      0x138 ./Core/Src/hw_timerserver.o
                0x0000000008000cac                HW_TS_Start
 .text.HW_TS_RTC_Int_AppNot
                0x0000000008000de4        0x2 ./Core/Src/hw_timerserver.o
                0x0000000008000de4                HW_TS_RTC_Int_AppNot
 *fill*         0x0000000008000de6        0x2 
 .text.HW_TS_RTC_Wakeup_Handler
                0x0000000008000de8       0xc0 ./Core/Src/hw_timerserver.o
                0x0000000008000de8                HW_TS_RTC_Wakeup_Handler
 .text.LL_AHB2_GRP1_EnableClock
                0x0000000008000ea8       0x18 ./Core/Src/main.o
 .text.loop     0x0000000008000ec0      0x118 ./Core/Src/main.o
                0x0000000008000ec0                loop
 .text.SystemClock_Config
                0x0000000008000fd8       0x9a ./Core/Src/main.o
                0x0000000008000fd8                SystemClock_Config
 .text.PeriphCommonClock_Config
                0x0000000008001072       0x2c ./Core/Src/main.o
                0x0000000008001072                PeriphCommonClock_Config
 *fill*         0x000000000800109e        0x2 
 .text.UART_Transmit
                0x00000000080010a0       0x1c ./Core/Src/main.o
                0x00000000080010a0                UART_Transmit
 .text.startup.main
                0x00000000080010bc      0x1d4 ./Core/Src/main.o
                0x00000000080010bc                main
 .text.Error_Handler
                0x0000000008001290        0x4 ./Core/Src/main.o
                0x0000000008001290                Error_Handler
 .text.ssd1306_WriteCommand
                0x0000000008001294       0x2c ./Core/Src/ssd1306.o
                0x0000000008001294                ssd1306_WriteCommand
 .text.ssd1306_WriteData
                0x00000000080012c0       0x24 ./Core/Src/ssd1306.o
                0x00000000080012c0                ssd1306_WriteData
 .text.ssd1306_Fill
                0x00000000080012e4       0x20 ./Core/Src/ssd1306.o
                0x00000000080012e4                ssd1306_Fill
 .text.ssd1306_UpdateScreen
                0x0000000008001304       0x34 ./Core/Src/ssd1306.o
                0x0000000008001304                ssd1306_UpdateScreen
 .text.ssd1306_DrawPixel
                0x0000000008001338       0x48 ./Core/Src/ssd1306.o
                0x0000000008001338                ssd1306_DrawPixel
 .text.ssd1306_WriteChar
                0x0000000008001380       0xac ./Core/Src/ssd1306.o
                0x0000000008001380                ssd1306_WriteChar
 .text.ssd1306_WriteString
                0x000000000800142c       0x2a ./Core/Src/ssd1306.o
                0x000000000800142c                ssd1306_WriteString
 *fill*         0x0000000008001456        0x2 
 .text.ssd1306_SetCursor
                0x0000000008001458        0xc ./Core/Src/ssd1306.o
                0x0000000008001458                ssd1306_SetCursor
 .text.HAL_MspInit
                0x0000000008001464       0x2e ./Core/Src/stm32wbxx_hal_msp.o
                0x0000000008001464                HAL_MspInit
 *fill*         0x0000000008001492        0x2 
 .text.HAL_I2C_MspInit
                0x0000000008001494       0x88 ./Core/Src/stm32wbxx_hal_msp.o
                0x0000000008001494                HAL_I2C_MspInit
 .text.HAL_IPCC_MspInit
                0x000000000800151c       0x50 ./Core/Src/stm32wbxx_hal_msp.o
                0x000000000800151c                HAL_IPCC_MspInit
 .text.HAL_RTC_MspInit
                0x000000000800156c       0x6c ./Core/Src/stm32wbxx_hal_msp.o
                0x000000000800156c                HAL_RTC_MspInit
 .text.HAL_UART_MspInit
                0x00000000080015d8       0x80 ./Core/Src/stm32wbxx_hal_msp.o
                0x00000000080015d8                HAL_UART_MspInit
 .text.NMI_Handler
                0x0000000008001658        0x2 ./Core/Src/stm32wbxx_it.o
                0x0000000008001658                NMI_Handler
 .text.HardFault_Handler
                0x000000000800165a        0x2 ./Core/Src/stm32wbxx_it.o
                0x000000000800165a                HardFault_Handler
 .text.MemManage_Handler
                0x000000000800165c        0x2 ./Core/Src/stm32wbxx_it.o
                0x000000000800165c                MemManage_Handler
 .text.BusFault_Handler
                0x000000000800165e        0x2 ./Core/Src/stm32wbxx_it.o
                0x000000000800165e                BusFault_Handler
 .text.UsageFault_Handler
                0x0000000008001660        0x2 ./Core/Src/stm32wbxx_it.o
                0x0000000008001660                UsageFault_Handler
 .text.SVC_Handler
                0x0000000008001662        0x2 ./Core/Src/stm32wbxx_it.o
                0x0000000008001662                SVC_Handler
 .text.DebugMon_Handler
                0x0000000008001664        0x2 ./Core/Src/stm32wbxx_it.o
                0x0000000008001664                DebugMon_Handler
 .text.PendSV_Handler
                0x0000000008001666        0x2 ./Core/Src/stm32wbxx_it.o
                0x0000000008001666                PendSV_Handler
 .text.SysTick_Handler
                0x0000000008001668        0x4 ./Core/Src/stm32wbxx_it.o
                0x0000000008001668                SysTick_Handler
 .text.RTC_WKUP_IRQHandler
                0x000000000800166c        0x4 ./Core/Src/stm32wbxx_it.o
                0x000000000800166c                RTC_WKUP_IRQHandler
 .text.IPCC_C1_RX_IRQHandler
                0x0000000008001670        0x4 ./Core/Src/stm32wbxx_it.o
                0x0000000008001670                IPCC_C1_RX_IRQHandler
 .text.IPCC_C1_TX_IRQHandler
                0x0000000008001674        0x4 ./Core/Src/stm32wbxx_it.o
                0x0000000008001674                IPCC_C1_TX_IRQHandler
 .text.HSEM_IRQHandler
                0x0000000008001678        0x4 ./Core/Src/stm32wbxx_it.o
                0x0000000008001678                HSEM_IRQHandler
 .text._sbrk    0x000000000800167c       0x40 ./Core/Src/sysmem.o
                0x000000000800167c                _sbrk
 .text.SystemInit
                0x00000000080016bc       0x64 ./Core/Src/system_stm32wbxx.o
                0x00000000080016bc                SystemInit
 .text.data_initializers
                0x0000000008001720       0x18 ./Core/Startup/startup_stm32wb55rgvx.o
 .text.Reset_Handler
                0x0000000008001738       0x54 ./Core/Startup/startup_stm32wb55rgvx.o
                0x0000000008001738                Reset_Handler
 .text.Default_Handler
                0x000000000800178c        0x2 ./Core/Startup/startup_stm32wb55rgvx.o
                0x000000000800178c                RTC_Alarm_IRQHandler
                0x000000000800178c                EXTI2_IRQHandler
                0x000000000800178c                TIM1_CC_IRQHandler
                0x000000000800178c                TSC_IRQHandler
                0x000000000800178c                USB_HP_IRQHandler
                0x000000000800178c                EXTI3_IRQHandler
                0x000000000800178c                LPTIM2_IRQHandler
                0x000000000800178c                I2C3_ER_IRQHandler
                0x000000000800178c                EXTI0_IRQHandler
                0x000000000800178c                FPU_IRQHandler
                0x000000000800178c                TIM1_UP_TIM16_IRQHandler
                0x000000000800178c                AES1_IRQHandler
                0x000000000800178c                SPI1_IRQHandler
                0x000000000800178c                PWR_SOTF_BLEACT_802ACT_RFPHASE_IRQHandler
                0x000000000800178c                DMA2_Channel2_IRQHandler
                0x000000000800178c                DMA1_Channel4_IRQHandler
                0x000000000800178c                ADC1_IRQHandler
                0x000000000800178c                PKA_IRQHandler
                0x000000000800178c                DMA1_Channel7_IRQHandler
                0x000000000800178c                LCD_IRQHandler
                0x000000000800178c                DMA2_Channel1_IRQHandler
                0x000000000800178c                QUADSPI_IRQHandler
                0x000000000800178c                I2C1_EV_IRQHandler
                0x000000000800178c                DMAMUX1_OVR_IRQHandler
                0x000000000800178c                DMA1_Channel6_IRQHandler
                0x000000000800178c                DMA2_Channel4_IRQHandler
                0x000000000800178c                RCC_IRQHandler
                0x000000000800178c                DMA1_Channel1_IRQHandler
                0x000000000800178c                Default_Handler
                0x000000000800178c                DMA2_Channel7_IRQHandler
                0x000000000800178c                EXTI15_10_IRQHandler
                0x000000000800178c                C2SEV_PWR_C2H_IRQHandler
                0x000000000800178c                AES2_IRQHandler
                0x000000000800178c                I2C3_EV_IRQHandler
                0x000000000800178c                EXTI9_5_IRQHandler
                0x000000000800178c                PVD_PVM_IRQHandler
                0x000000000800178c                SPI2_IRQHandler
                0x000000000800178c                DMA2_Channel5_IRQHandler
                0x000000000800178c                CRS_IRQHandler
                0x000000000800178c                DMA1_Channel5_IRQHandler
                0x000000000800178c                USB_LP_IRQHandler
                0x000000000800178c                EXTI4_IRQHandler
                0x000000000800178c                RNG_IRQHandler
                0x000000000800178c                TIM1_TRG_COM_TIM17_IRQHandler
                0x000000000800178c                TAMP_STAMP_LSECSS_IRQHandler
                0x000000000800178c                DMA1_Channel3_IRQHandler
                0x000000000800178c                COMP_IRQHandler
                0x000000000800178c                WWDG_IRQHandler
                0x000000000800178c                LPUART1_IRQHandler
                0x000000000800178c                DMA2_Channel6_IRQHandler
                0x000000000800178c                TIM2_IRQHandler
                0x000000000800178c                TIM1_BRK_IRQHandler
                0x000000000800178c                EXTI1_IRQHandler
                0x000000000800178c                DMA1_Channel2_IRQHandler
                0x000000000800178c                FLASH_IRQHandler
                0x000000000800178c                USART1_IRQHandler
                0x000000000800178c                I2C1_ER_IRQHandler
                0x000000000800178c                LPTIM1_IRQHandler
                0x000000000800178c                SAI1_IRQHandler
                0x000000000800178c                DMA2_Channel3_IRQHandler
 *fill*         0x000000000800178e        0x2 
 .text.HAL_InitTick
                0x0000000008001790       0x4c ./Drivers/STM32WBxx_HAL_Driver/Src/stm32wbxx_hal.o
                0x0000000008001790                HAL_InitTick
 .text.HAL_Init
                0x00000000080017dc       0x2c ./Drivers/STM32WBxx_HAL_Driver/Src/stm32wbxx_hal.o
                0x00000000080017dc                HAL_Init
 .text.HAL_IncTick
                0x0000000008001808       0x18 ./Drivers/STM32WBxx_HAL_Driver/Src/stm32wbxx_hal.o
                0x0000000008001808                HAL_IncTick
 .text.HAL_GetTick
                0x0000000008001820        0xc ./Drivers/STM32WBxx_HAL_Driver/Src/stm32wbxx_hal.o
                0x0000000008001820                HAL_GetTick
 .text.HAL_GetTickPrio
                0x000000000800182c        0xc ./Drivers/STM32WBxx_HAL_Driver/Src/stm32wbxx_hal.o
                0x000000000800182c                HAL_GetTickPrio
 .text.HAL_GetTickFreq
                0x0000000008001838        0xc ./Drivers/STM32WBxx_HAL_Driver/Src/stm32wbxx_hal.o
                0x0000000008001838                HAL_GetTickFreq
 .text.HAL_NVIC_SetPriorityGrouping
                0x0000000008001844       0x24 ./Drivers/STM32WBxx_HAL_Driver/Src/stm32wbxx_hal_cortex.o
                0x0000000008001844                HAL_NVIC_SetPriorityGrouping
 .text.HAL_NVIC_SetPriority
                0x0000000008001868       0x64 ./Drivers/STM32WBxx_HAL_Driver/Src/stm32wbxx_hal_cortex.o
                0x0000000008001868                HAL_NVIC_SetPriority
 .text.HAL_NVIC_EnableIRQ
                0x00000000080018cc       0x1c ./Drivers/STM32WBxx_HAL_Driver/Src/stm32wbxx_hal_cortex.o
                0x00000000080018cc                HAL_NVIC_EnableIRQ
 .text.HAL_NVIC_DisableIRQ
                0x00000000080018e8       0x28 ./Drivers/STM32WBxx_HAL_Driver/Src/stm32wbxx_hal_cortex.o
                0x00000000080018e8                HAL_NVIC_DisableIRQ
 .text.HAL_SYSTICK_Config
                0x0000000008001910       0x28 ./Drivers/STM32WBxx_HAL_Driver/Src/stm32wbxx_hal_cortex.o
                0x0000000008001910                HAL_SYSTICK_Config
 .text.HAL_NVIC_SetPendingIRQ
                0x0000000008001938       0x20 ./Drivers/STM32WBxx_HAL_Driver/Src/stm32wbxx_hal_cortex.o
                0x0000000008001938                HAL_NVIC_SetPendingIRQ
 .text.HAL_NVIC_ClearPendingIRQ
                0x0000000008001958       0x20 ./Drivers/STM32WBxx_HAL_Driver/Src/stm32wbxx_hal_cortex.o
                0x0000000008001958                HAL_NVIC_ClearPendingIRQ
 .text.HAL_GPIO_Init
                0x0000000008001978      0x16c ./Drivers/STM32WBxx_HAL_Driver/Src/stm32wbxx_hal_gpio.o
                0x0000000008001978                HAL_GPIO_Init
 .text.HAL_GPIO_ReadPin
                0x0000000008001ae4        0xc ./Drivers/STM32WBxx_HAL_Driver/Src/stm32wbxx_hal_gpio.o
                0x0000000008001ae4                HAL_GPIO_ReadPin
 .text.HAL_GPIO_WritePin
                0x0000000008001af0        0xa ./Drivers/STM32WBxx_HAL_Driver/Src/stm32wbxx_hal_gpio.o
                0x0000000008001af0                HAL_GPIO_WritePin
 .text.HAL_GPIO_TogglePin
                0x0000000008001afa       0x12 ./Drivers/STM32WBxx_HAL_Driver/Src/stm32wbxx_hal_gpio.o
                0x0000000008001afa                HAL_GPIO_TogglePin
 .text.HAL_HSEM_FreeCallback
                0x0000000008001b0c        0x2 ./Drivers/STM32WBxx_HAL_Driver/Src/stm32wbxx_hal_hsem.o
                0x0000000008001b0c                HAL_HSEM_FreeCallback
 *fill*         0x0000000008001b0e        0x2 
 .text.HAL_HSEM_IRQHandler
                0x0000000008001b10       0x1c ./Drivers/STM32WBxx_HAL_Driver/Src/stm32wbxx_hal_hsem.o
                0x0000000008001b10                HAL_HSEM_IRQHandler
 .text.I2C_Flush_TXDR
                0x0000000008001b2c       0x1c ./Drivers/STM32WBxx_HAL_Driver/Src/stm32wbxx_hal_i2c.o
 .text.I2C_TransferConfig
                0x0000000008001b48       0x2c ./Drivers/STM32WBxx_HAL_Driver/Src/stm32wbxx_hal_i2c.o
 .text.I2C_IsErrorOccurred
                0x0000000008001b74       0xde ./Drivers/STM32WBxx_HAL_Driver/Src/stm32wbxx_hal_i2c.o
 .text.I2C_WaitOnTXISFlagUntilTimeout
                0x0000000008001c52       0x4e ./Drivers/STM32WBxx_HAL_Driver/Src/stm32wbxx_hal_i2c.o
 .text.I2C_WaitOnFlagUntilTimeout
                0x0000000008001ca0       0x54 ./Drivers/STM32WBxx_HAL_Driver/Src/stm32wbxx_hal_i2c.o
 .text.I2C_RequestMemoryWrite
                0x0000000008001cf4       0x6c ./Drivers/STM32WBxx_HAL_Driver/Src/stm32wbxx_hal_i2c.o
 .text.I2C_WaitOnSTOPFlagUntilTimeout
                0x0000000008001d60       0x4a ./Drivers/STM32WBxx_HAL_Driver/Src/stm32wbxx_hal_i2c.o
 .text.HAL_I2C_Init
                0x0000000008001daa       0xa2 ./Drivers/STM32WBxx_HAL_Driver/Src/stm32wbxx_hal_i2c.o
                0x0000000008001daa                HAL_I2C_Init
 .text.HAL_I2C_Mem_Write
                0x0000000008001e4c      0x16c ./Drivers/STM32WBxx_HAL_Driver/Src/stm32wbxx_hal_i2c.o
                0x0000000008001e4c                HAL_I2C_Mem_Write
 .text.HAL_I2CEx_ConfigAnalogFilter
                0x0000000008001fb8       0x4c ./Drivers/STM32WBxx_HAL_Driver/Src/stm32wbxx_hal_i2c_ex.o
                0x0000000008001fb8                HAL_I2CEx_ConfigAnalogFilter
 .text.HAL_I2CEx_ConfigDigitalFilter
                0x0000000008002004       0x4a ./Drivers/STM32WBxx_HAL_Driver/Src/stm32wbxx_hal_i2c_ex.o
                0x0000000008002004                HAL_I2CEx_ConfigDigitalFilter
 .text.HAL_IPCC_TxCallback
                0x000000000800204e        0x2 ./Drivers/STM32WBxx_HAL_Driver/Src/stm32wbxx_hal_ipcc.o
                0x000000000800204e                HAL_IPCC_TxCallback
 .text.HAL_IPCC_RxCallback
                0x0000000008002050        0x2 ./Drivers/STM32WBxx_HAL_Driver/Src/stm32wbxx_hal_ipcc.o
                0x0000000008002050                HAL_IPCC_RxCallback
 *fill*         0x0000000008002052        0x2 
 .text.IPCC_SetDefaultCallbacks
                0x0000000008002054       0x1c ./Drivers/STM32WBxx_HAL_Driver/Src/stm32wbxx_hal_ipcc.o
                0x0000000008002054                IPCC_SetDefaultCallbacks
 .text.HAL_IPCC_Init
                0x0000000008002070       0x44 ./Drivers/STM32WBxx_HAL_Driver/Src/stm32wbxx_hal_ipcc.o
                0x0000000008002070                HAL_IPCC_Init
 .text.HAL_PWR_EnableBkUpAccess
                0x00000000080020b4       0x10 ./Drivers/STM32WBxx_HAL_Driver/Src/stm32wbxx_hal_pwr.o
                0x00000000080020b4                HAL_PWR_EnableBkUpAccess
 .text.HAL_PWREx_GetVoltageRange
                0x00000000080020c4       0x10 ./Drivers/STM32WBxx_HAL_Driver/Src/stm32wbxx_hal_pwr_ex.o
                0x00000000080020c4                HAL_PWREx_GetVoltageRange
 .text.LL_RCC_HSE_IsReady
                0x00000000080020d4        0xc ./Drivers/STM32WBxx_HAL_Driver/Src/stm32wbxx_hal_rcc.o
 .text.LL_RCC_HSI_IsReady
                0x00000000080020e0        0xc ./Drivers/STM32WBxx_HAL_Driver/Src/stm32wbxx_hal_rcc.o
 .text.LL_RCC_LSI1_IsReady
                0x00000000080020ec        0xe ./Drivers/STM32WBxx_HAL_Driver/Src/stm32wbxx_hal_rcc.o
 .text.LL_RCC_MSI_IsReady
                0x00000000080020fa        0xc ./Drivers/STM32WBxx_HAL_Driver/Src/stm32wbxx_hal_rcc.o
 .text.LL_RCC_MSI_SetRange
                0x0000000008002106       0x10 ./Drivers/STM32WBxx_HAL_Driver/Src/stm32wbxx_hal_rcc.o
 .text.LL_RCC_MSI_SetCalibTrimming
                0x0000000008002116       0x12 ./Drivers/STM32WBxx_HAL_Driver/Src/stm32wbxx_hal_rcc.o
 .text.RCC_SetFlashLatencyFromMSIRange
                0x0000000008002128       0xe8 ./Drivers/STM32WBxx_HAL_Driver/Src/stm32wbxx_hal_rcc.o
 .text.HAL_RCC_GetSysClockFreq
                0x0000000008002210       0xa4 ./Drivers/STM32WBxx_HAL_Driver/Src/stm32wbxx_hal_rcc.o
                0x0000000008002210                HAL_RCC_GetSysClockFreq
 .text.HAL_RCC_GetHCLKFreq
                0x00000000080022b4       0x20 ./Drivers/STM32WBxx_HAL_Driver/Src/stm32wbxx_hal_rcc.o
                0x00000000080022b4                HAL_RCC_GetHCLKFreq
 .text.HAL_RCC_OscConfig
                0x00000000080022d4      0x5a8 ./Drivers/STM32WBxx_HAL_Driver/Src/stm32wbxx_hal_rcc.o
                0x00000000080022d4                HAL_RCC_OscConfig
 .text.HAL_RCC_ClockConfig
                0x000000000800287c      0x1f0 ./Drivers/STM32WBxx_HAL_Driver/Src/stm32wbxx_hal_rcc.o
                0x000000000800287c                HAL_RCC_ClockConfig
 .text.HAL_RCC_GetPCLK1Freq
                0x0000000008002a6c       0x24 ./Drivers/STM32WBxx_HAL_Driver/Src/stm32wbxx_hal_rcc.o
                0x0000000008002a6c                HAL_RCC_GetPCLK1Freq
 .text.HAL_RCC_GetPCLK2Freq
                0x0000000008002a90       0x24 ./Drivers/STM32WBxx_HAL_Driver/Src/stm32wbxx_hal_rcc.o
                0x0000000008002a90                HAL_RCC_GetPCLK2Freq
 .text.LL_RCC_LSE_IsReady
                0x0000000008002ab4        0xe ./Drivers/STM32WBxx_HAL_Driver/Src/stm32wbxx_hal_rcc_ex.o
 .text.LL_RCC_SetI2CClockSource
                0x0000000008002ac2       0x20 ./Drivers/STM32WBxx_HAL_Driver/Src/stm32wbxx_hal_rcc_ex.o
 .text.LL_RCC_PLLSAI1_Enable
                0x0000000008002ae2        0xe ./Drivers/STM32WBxx_HAL_Driver/Src/stm32wbxx_hal_rcc_ex.o
 .text.LL_RCC_PLLSAI1_Disable
                0x0000000008002af0        0xe ./Drivers/STM32WBxx_HAL_Driver/Src/stm32wbxx_hal_rcc_ex.o
 .text.LL_RCC_PLLSAI1_IsReady
                0x0000000008002afe        0xc ./Drivers/STM32WBxx_HAL_Driver/Src/stm32wbxx_hal_rcc_ex.o
 .text.HAL_RCCEx_PeriphCLKConfig
                0x0000000008002b0a      0x38a ./Drivers/STM32WBxx_HAL_Driver/Src/stm32wbxx_hal_rcc_ex.o
                0x0000000008002b0a                HAL_RCCEx_PeriphCLKConfig
 .text.HAL_RTC_WaitForSynchro
                0x0000000008002e94       0x30 ./Drivers/STM32WBxx_HAL_Driver/Src/stm32wbxx_hal_rtc.o
                0x0000000008002e94                HAL_RTC_WaitForSynchro
 .text.RTC_EnterInitMode
                0x0000000008002ec4       0x34 ./Drivers/STM32WBxx_HAL_Driver/Src/stm32wbxx_hal_rtc.o
                0x0000000008002ec4                RTC_EnterInitMode
 .text.HAL_RTC_Init
                0x0000000008002ef8       0xb8 ./Drivers/STM32WBxx_HAL_Driver/Src/stm32wbxx_hal_rtc.o
                0x0000000008002ef8                HAL_RTC_Init
 .text.HAL_RTCEx_SetWakeUpTimer_IT
                0x0000000008002fb0       0xf0 ./Drivers/STM32WBxx_HAL_Driver/Src/stm32wbxx_hal_rtc_ex.o
                0x0000000008002fb0                HAL_RTCEx_SetWakeUpTimer_IT
 .text.UART_SetConfig
                0x00000000080030a0      0x1f8 ./Drivers/STM32WBxx_HAL_Driver/Src/stm32wbxx_hal_uart.o
                0x00000000080030a0                UART_SetConfig
 .text.UART_AdvFeatureConfig
                0x0000000008003298       0xa8 ./Drivers/STM32WBxx_HAL_Driver/Src/stm32wbxx_hal_uart.o
                0x0000000008003298                UART_AdvFeatureConfig
 .text.UART_WaitOnFlagUntilTimeout
                0x0000000008003340       0xc4 ./Drivers/STM32WBxx_HAL_Driver/Src/stm32wbxx_hal_uart.o
                0x0000000008003340                UART_WaitOnFlagUntilTimeout
 .text.HAL_UART_Transmit
                0x0000000008003404       0xba ./Drivers/STM32WBxx_HAL_Driver/Src/stm32wbxx_hal_uart.o
                0x0000000008003404                HAL_UART_Transmit
 .text.UART_CheckIdleState
                0x00000000080034be       0x6a ./Drivers/STM32WBxx_HAL_Driver/Src/stm32wbxx_hal_uart.o
                0x00000000080034be                UART_CheckIdleState
 .text.HAL_UART_Init
                0x0000000008003528       0x60 ./Drivers/STM32WBxx_HAL_Driver/Src/stm32wbxx_hal_uart.o
                0x0000000008003528                HAL_UART_Init
 .text.UARTEx_SetNbDataToProcess
                0x0000000008003588       0x44 ./Drivers/STM32WBxx_HAL_Driver/Src/stm32wbxx_hal_uart_ex.o
 .text.HAL_UARTEx_DisableFifoMode
                0x00000000080035cc       0x36 ./Drivers/STM32WBxx_HAL_Driver/Src/stm32wbxx_hal_uart_ex.o
                0x00000000080035cc                HAL_UARTEx_DisableFifoMode
 .text.HAL_UARTEx_SetTxFifoThreshold
                0x0000000008003602       0x48 ./Drivers/STM32WBxx_HAL_Driver/Src/stm32wbxx_hal_uart_ex.o
                0x0000000008003602                HAL_UARTEx_SetTxFifoThreshold
 .text.HAL_UARTEx_SetRxFifoThreshold
                0x000000000800364a       0x48 ./Drivers/STM32WBxx_HAL_Driver/Src/stm32wbxx_hal_uart_ex.o
                0x000000000800364a                HAL_UARTEx_SetRxFifoThreshold
 *fill*         0x0000000008003692        0x2 
 .text.aci_gap_set_non_discoverable
                0x0000000008003694       0x3c ./Middlewares/ST/STM32_WPAN/ble/core/auto/ble_gap_aci.o
                0x0000000008003694                aci_gap_set_non_discoverable
 .text.aci_gap_set_discoverable
                0x00000000080036d0       0xb0 ./Middlewares/ST/STM32_WPAN/ble/core/auto/ble_gap_aci.o
                0x00000000080036d0                aci_gap_set_discoverable
 .text.aci_gap_set_io_capability
                0x0000000008003780       0x48 ./Middlewares/ST/STM32_WPAN/ble/core/auto/ble_gap_aci.o
                0x0000000008003780                aci_gap_set_io_capability
 .text.aci_gap_set_authentication_requirement
                0x00000000080037c8       0x7c ./Middlewares/ST/STM32_WPAN/ble/core/auto/ble_gap_aci.o
                0x00000000080037c8                aci_gap_set_authentication_requirement
 .text.aci_gap_pass_key_resp
                0x0000000008003844       0x4c ./Middlewares/ST/STM32_WPAN/ble/core/auto/ble_gap_aci.o
                0x0000000008003844                aci_gap_pass_key_resp
 .text.aci_gap_init
                0x0000000008003890       0x84 ./Middlewares/ST/STM32_WPAN/ble/core/auto/ble_gap_aci.o
                0x0000000008003890                aci_gap_init
 .text.aci_gap_update_adv_data
                0x0000000008003914       0x54 ./Middlewares/ST/STM32_WPAN/ble/core/auto/ble_gap_aci.o
                0x0000000008003914                aci_gap_update_adv_data
 .text.aci_gap_configure_whitelist
                0x0000000008003968       0x3c ./Middlewares/ST/STM32_WPAN/ble/core/auto/ble_gap_aci.o
                0x0000000008003968                aci_gap_configure_whitelist
 .text.aci_gap_numeric_comparison_value_confirm_yesno
                0x00000000080039a4       0x4c ./Middlewares/ST/STM32_WPAN/ble/core/auto/ble_gap_aci.o
                0x00000000080039a4                aci_gap_numeric_comparison_value_confirm_yesno
 .text.aci_gatt_init
                0x00000000080039f0       0x3c ./Middlewares/ST/STM32_WPAN/ble/core/auto/ble_gatt_aci.o
                0x00000000080039f0                aci_gatt_init
 .text.aci_gatt_add_service
                0x0000000008003a2c       0xa0 ./Middlewares/ST/STM32_WPAN/ble/core/auto/ble_gatt_aci.o
                0x0000000008003a2c                aci_gatt_add_service
 .text.aci_gatt_add_char
                0x0000000008003acc       0xb8 ./Middlewares/ST/STM32_WPAN/ble/core/auto/ble_gatt_aci.o
                0x0000000008003acc                aci_gatt_add_char
 .text.aci_gatt_update_char_value
                0x0000000008003b84       0x64 ./Middlewares/ST/STM32_WPAN/ble/core/auto/ble_gatt_aci.o
                0x0000000008003b84                aci_gatt_update_char_value
 .text.aci_hal_write_config_data
                0x0000000008003be8       0x5c ./Middlewares/ST/STM32_WPAN/ble/core/auto/ble_hal_aci.o
                0x0000000008003be8                aci_hal_write_config_data
 .text.aci_hal_set_tx_power_level
                0x0000000008003c44       0x4c ./Middlewares/ST/STM32_WPAN/ble/core/auto/ble_hal_aci.o
                0x0000000008003c44                aci_hal_set_tx_power_level
 .text.aci_hal_set_radio_activity_mask
                0x0000000008003c90       0x48 ./Middlewares/ST/STM32_WPAN/ble/core/auto/ble_hal_aci.o
                0x0000000008003c90                aci_hal_set_radio_activity_mask
 .text.hci_reset
                0x0000000008003cd8       0x3a ./Middlewares/ST/STM32_WPAN/ble/core/auto/ble_hci_le.o
                0x0000000008003cd8                hci_reset
 *fill*         0x0000000008003d12        0x2 
 .text.hci_le_set_default_phy
                0x0000000008003d14       0x50 ./Middlewares/ST/STM32_WPAN/ble/core/auto/ble_hci_le.o
                0x0000000008003d14                hci_le_set_default_phy
 .text.Osal_MemCpy
                0x0000000008003d64        0x4 ./Middlewares/ST/STM32_WPAN/ble/core/template/osal.o
                0x0000000008003d64                Osal_MemCpy
 .text.Osal_MemSet
                0x0000000008003d68        0x4 ./Middlewares/ST/STM32_WPAN/ble/core/template/osal.o
                0x0000000008003d68                Osal_MemSet
 .text.BAS_Init
                0x0000000008003d6c        0x2 ./Middlewares/ST/STM32_WPAN/ble/svc/Src/svc_ctl.o
                0x0000000008003d6c                BAS_Init
 .text.BLS_Init
                0x0000000008003d6e        0x2 ./Middlewares/ST/STM32_WPAN/ble/svc/Src/svc_ctl.o
                0x0000000008003d6e                BLS_Init
 .text.CRS_STM_Init
                0x0000000008003d70        0x2 ./Middlewares/ST/STM32_WPAN/ble/svc/Src/svc_ctl.o
                0x0000000008003d70                CRS_STM_Init
 .text.DIS_Init
                0x0000000008003d72        0x2 ./Middlewares/ST/STM32_WPAN/ble/svc/Src/svc_ctl.o
                0x0000000008003d72                DIS_Init
 .text.EDS_STM_Init
                0x0000000008003d74        0x2 ./Middlewares/ST/STM32_WPAN/ble/svc/Src/svc_ctl.o
                0x0000000008003d74                EDS_STM_Init
 .text.HIDS_Init
                0x0000000008003d76        0x2 ./Middlewares/ST/STM32_WPAN/ble/svc/Src/svc_ctl.o
                0x0000000008003d76                HIDS_Init
 .text.HRS_Init
                0x0000000008003d78        0x2 ./Middlewares/ST/STM32_WPAN/ble/svc/Src/svc_ctl.o
                0x0000000008003d78                HRS_Init
 .text.HTS_Init
                0x0000000008003d7a        0x2 ./Middlewares/ST/STM32_WPAN/ble/svc/Src/svc_ctl.o
                0x0000000008003d7a                HTS_Init
 .text.IAS_Init
                0x0000000008003d7c        0x2 ./Middlewares/ST/STM32_WPAN/ble/svc/Src/svc_ctl.o
                0x0000000008003d7c                IAS_Init
 .text.LLS_Init
                0x0000000008003d7e        0x2 ./Middlewares/ST/STM32_WPAN/ble/svc/Src/svc_ctl.o
                0x0000000008003d7e                LLS_Init
 .text.TPS_Init
                0x0000000008003d80        0x2 ./Middlewares/ST/STM32_WPAN/ble/svc/Src/svc_ctl.o
                0x0000000008003d80                TPS_Init
 .text.MOTENV_STM_Init
                0x0000000008003d82        0x2 ./Middlewares/ST/STM32_WPAN/ble/svc/Src/svc_ctl.o
                0x0000000008003d82                MOTENV_STM_Init
 .text.P2PS_STM_Init
                0x0000000008003d84        0x2 ./Middlewares/ST/STM32_WPAN/ble/svc/Src/svc_ctl.o
                0x0000000008003d84                P2PS_STM_Init
 .text.ZDD_STM_Init
                0x0000000008003d86        0x2 ./Middlewares/ST/STM32_WPAN/ble/svc/Src/svc_ctl.o
                0x0000000008003d86                ZDD_STM_Init
 .text.OTAS_STM_Init
                0x0000000008003d88        0x2 ./Middlewares/ST/STM32_WPAN/ble/svc/Src/svc_ctl.o
                0x0000000008003d88                OTAS_STM_Init
 .text.MESH_Init
                0x0000000008003d8a        0x2 ./Middlewares/ST/STM32_WPAN/ble/svc/Src/svc_ctl.o
                0x0000000008003d8a                MESH_Init
 .text.BVOPUS_STM_Init
                0x0000000008003d8c        0x2 ./Middlewares/ST/STM32_WPAN/ble/svc/Src/svc_ctl.o
                0x0000000008003d8c                BVOPUS_STM_Init
 .text.SVCCTL_SvcInit
                0x0000000008003d8e       0x4c ./Middlewares/ST/STM32_WPAN/ble/svc/Src/svc_ctl.o
                0x0000000008003d8e                SVCCTL_SvcInit
 *fill*         0x0000000008003dda        0x2 
 .text.SVCCTL_Init
                0x0000000008003ddc       0x18 ./Middlewares/ST/STM32_WPAN/ble/svc/Src/svc_ctl.o
                0x0000000008003ddc                SVCCTL_Init
 .text.SVCCTL_RegisterSvcHandler
                0x0000000008003df4       0x14 ./Middlewares/ST/STM32_WPAN/ble/svc/Src/svc_ctl.o
                0x0000000008003df4                SVCCTL_RegisterSvcHandler
 .text.SVCCTL_UserEvtRx
                0x0000000008003e08       0x48 ./Middlewares/ST/STM32_WPAN/ble/svc/Src/svc_ctl.o
                0x0000000008003e08                SVCCTL_UserEvtRx
 .text.SHCI_C2_BLE_Init
                0x0000000008003e50       0x1c ./Middlewares/ST/STM32_WPAN/interface/patterns/ble_thread/shci/shci.o
                0x0000000008003e50                SHCI_C2_BLE_Init
 .text.SHCI_C2_DEBUG_Init
                0x0000000008003e6c       0x1c ./Middlewares/ST/STM32_WPAN/interface/patterns/ble_thread/shci/shci.o
                0x0000000008003e6c                SHCI_C2_DEBUG_Init
 .text.SHCI_C2_Config
                0x0000000008003e88       0x1a ./Middlewares/ST/STM32_WPAN/interface/patterns/ble_thread/shci/shci.o
                0x0000000008003e88                SHCI_C2_Config
 *fill*         0x0000000008003ea2        0x2 
 .text.SHCI_GetWirelessFwInfo
                0x0000000008003ea4       0x7c ./Middlewares/ST/STM32_WPAN/interface/patterns/ble_thread/shci/shci.o
                0x0000000008003ea4                SHCI_GetWirelessFwInfo
 .text.hci_init
                0x0000000008003f20       0x54 ./Middlewares/ST/STM32_WPAN/interface/patterns/ble_thread/tl/hci_tl.o
                0x0000000008003f20                hci_init
 .text.hci_user_evt_proc
                0x0000000008003f74       0x6c ./Middlewares/ST/STM32_WPAN/interface/patterns/ble_thread/tl/hci_tl.o
                0x0000000008003f74                hci_user_evt_proc
 .text.hci_send_req
                0x0000000008003fe0       0xc8 ./Middlewares/ST/STM32_WPAN/interface/patterns/ble_thread/tl/hci_tl.o
                0x0000000008003fe0                hci_send_req
 .text.TlEvtReceived
                0x00000000080040a8       0x34 ./Middlewares/ST/STM32_WPAN/interface/patterns/ble_thread/tl/hci_tl.o
 .text.hci_register_io_bus
                0x00000000080040dc       0x14 ./Middlewares/ST/STM32_WPAN/interface/patterns/ble_thread/tl/hci_tl_if.o
                0x00000000080040dc                hci_register_io_bus
 .text.TlUserEvtReceived
                0x00000000080040f0       0x18 ./Middlewares/ST/STM32_WPAN/interface/patterns/ble_thread/tl/shci_tl.o
 .text.Cmd_SetStatus.constprop.0
                0x0000000008004108       0x18 ./Middlewares/ST/STM32_WPAN/interface/patterns/ble_thread/tl/shci_tl.o
 .text.shci_init
                0x0000000008004120       0x54 ./Middlewares/ST/STM32_WPAN/interface/patterns/ble_thread/tl/shci_tl.o
                0x0000000008004120                shci_init
 .text.shci_user_evt_proc
                0x0000000008004174       0x68 ./Middlewares/ST/STM32_WPAN/interface/patterns/ble_thread/tl/shci_tl.o
                0x0000000008004174                shci_user_evt_proc
 .text.shci_send
                0x00000000080041dc       0x6c ./Middlewares/ST/STM32_WPAN/interface/patterns/ble_thread/tl/shci_tl.o
                0x00000000080041dc                shci_send
 .text.TlCmdEvtReceived
                0x0000000008004248        0xa ./Middlewares/ST/STM32_WPAN/interface/patterns/ble_thread/tl/shci_tl.o
 *fill*         0x0000000008004252        0x2 
 .text.shci_register_io_bus
                0x0000000008004254       0x14 ./Middlewares/ST/STM32_WPAN/interface/patterns/ble_thread/tl/shci_tl_if.o
                0x0000000008004254                shci_register_io_bus
 .text.SendFreeBuf
                0x0000000008004268       0x30 ./Middlewares/ST/STM32_WPAN/interface/patterns/ble_thread/tl/tl_mbox.o
 .text.TL_Enable
                0x0000000008004298        0x4 ./Middlewares/ST/STM32_WPAN/interface/patterns/ble_thread/tl/tl_mbox.o
                0x0000000008004298                TL_Enable
 .text.TL_Init  0x000000000800429c       0x48 ./Middlewares/ST/STM32_WPAN/interface/patterns/ble_thread/tl/tl_mbox.o
                0x000000000800429c                TL_Init
 .text.TL_BLE_Init
                0x00000000080042e4       0x48 ./Middlewares/ST/STM32_WPAN/interface/patterns/ble_thread/tl/tl_mbox.o
                0x00000000080042e4                TL_BLE_Init
 .text.TL_BLE_SendCmd
                0x000000000800432c       0x1c ./Middlewares/ST/STM32_WPAN/interface/patterns/ble_thread/tl/tl_mbox.o
                0x000000000800432c                TL_BLE_SendCmd
 .text.HW_IPCC_BLE_RxEvtNot
                0x0000000008004348       0x2c ./Middlewares/ST/STM32_WPAN/interface/patterns/ble_thread/tl/tl_mbox.o
                0x0000000008004348                HW_IPCC_BLE_RxEvtNot
 .text.HW_IPCC_BLE_AclDataAckNot
                0x0000000008004374        0xc ./Middlewares/ST/STM32_WPAN/interface/patterns/ble_thread/tl/tl_mbox.o
                0x0000000008004374                HW_IPCC_BLE_AclDataAckNot
 .text.TL_SYS_Init
                0x0000000008004380       0x3c ./Middlewares/ST/STM32_WPAN/interface/patterns/ble_thread/tl/tl_mbox.o
                0x0000000008004380                TL_SYS_Init
 .text.TL_SYS_SendCmd
                0x00000000080043bc       0x1c ./Middlewares/ST/STM32_WPAN/interface/patterns/ble_thread/tl/tl_mbox.o
                0x00000000080043bc                TL_SYS_SendCmd
 .text.HW_IPCC_SYS_CmdEvtNot
                0x00000000080043d8       0x18 ./Middlewares/ST/STM32_WPAN/interface/patterns/ble_thread/tl/tl_mbox.o
                0x00000000080043d8                HW_IPCC_SYS_CmdEvtNot
 .text.HW_IPCC_SYS_EvtNot
                0x00000000080043f0       0x2c ./Middlewares/ST/STM32_WPAN/interface/patterns/ble_thread/tl/tl_mbox.o
                0x00000000080043f0                HW_IPCC_SYS_EvtNot
 .text.TL_MM_Init
                0x000000000800441c       0x40 ./Middlewares/ST/STM32_WPAN/interface/patterns/ble_thread/tl/tl_mbox.o
                0x000000000800441c                TL_MM_Init
 .text.TL_MM_EvtDone
                0x000000000800445c       0x1c ./Middlewares/ST/STM32_WPAN/interface/patterns/ble_thread/tl/tl_mbox.o
                0x000000000800445c                TL_MM_EvtDone
 .text.TL_TRACES_Init
                0x0000000008004478       0x20 ./Middlewares/ST/STM32_WPAN/interface/patterns/ble_thread/tl/tl_mbox.o
                0x0000000008004478                TL_TRACES_Init
 .text.TL_TRACES_EvtReceived
                0x0000000008004498        0x2 ./Middlewares/ST/STM32_WPAN/interface/patterns/ble_thread/tl/tl_mbox.o
                0x0000000008004498                TL_TRACES_EvtReceived
 *fill*         0x000000000800449a        0x2 
 .text.HW_IPCC_TRACES_EvtNot
                0x000000000800449c       0x24 ./Middlewares/ST/STM32_WPAN/interface/patterns/ble_thread/tl/tl_mbox.o
                0x000000000800449c                HW_IPCC_TRACES_EvtNot
 .text.OTP_Read
                0x00000000080044c0       0x20 ./Middlewares/ST/STM32_WPAN/utilities/otp.o
                0x00000000080044c0                OTP_Read
 .text.LST_init_head
                0x00000000080044e0        0x6 ./Middlewares/ST/STM32_WPAN/utilities/stm_list.o
                0x00000000080044e0                LST_init_head
 .text.LST_is_empty
                0x00000000080044e6       0x14 ./Middlewares/ST/STM32_WPAN/utilities/stm_list.o
                0x00000000080044e6                LST_is_empty
 .text.LST_insert_head
                0x00000000080044fa       0x18 ./Middlewares/ST/STM32_WPAN/utilities/stm_list.o
                0x00000000080044fa                LST_insert_head
 .text.LST_insert_tail
                0x0000000008004512       0x18 ./Middlewares/ST/STM32_WPAN/utilities/stm_list.o
                0x0000000008004512                LST_insert_tail
 .text.LST_remove_node
                0x000000000800452a       0x16 ./Middlewares/ST/STM32_WPAN/utilities/stm_list.o
                0x000000000800452a                LST_remove_node
 .text.LST_remove_head
                0x0000000008004540       0x18 ./Middlewares/ST/STM32_WPAN/utilities/stm_list.o
                0x0000000008004540                LST_remove_head
 .text.Adv_Cancel
                0x0000000008004558       0x1c ./STM32_WPAN/App/app_ble.o
 .text.BLE_UserEvtRx
                0x0000000008004574       0x16 ./STM32_WPAN/App/app_ble.o
 .text.BLE_StatusNot
                0x000000000800458a       0x14 ./STM32_WPAN/App/app_ble.o
 *fill*         0x000000000800459e        0x2 
 .text.Adv_Request.constprop.0
                0x00000000080045a0       0x3c ./STM32_WPAN/App/app_ble.o
 .text.APP_BLE_Init
                0x00000000080045dc      0x1b8 ./STM32_WPAN/App/app_ble.o
                0x00000000080045dc                APP_BLE_Init
 .text.SVCCTL_App_Notification
                0x0000000008004794       0x98 ./STM32_WPAN/App/app_ble.o
                0x0000000008004794                SVCCTL_App_Notification
 .text.hci_notify_asynch_evt
                0x000000000800482c        0x8 ./STM32_WPAN/App/app_ble.o
                0x000000000800482c                hci_notify_asynch_evt
 .text.hci_cmd_resp_release
                0x0000000008004834        0x6 ./STM32_WPAN/App/app_ble.o
                0x0000000008004834                hci_cmd_resp_release
 .text.hci_cmd_resp_wait
                0x000000000800483a        0x6 ./STM32_WPAN/App/app_ble.o
                0x000000000800483a                hci_cmd_resp_wait
 .text.myTask   0x0000000008004840       0x50 ./STM32_WPAN/App/custom_app.o
                0x0000000008004840                myTask
 .text.Custom_STM_App_Notification
                0x0000000008004890        0x2 ./STM32_WPAN/App/custom_app.o
                0x0000000008004890                Custom_STM_App_Notification
 .text.Custom_APP_Notification
                0x0000000008004892        0x2 ./STM32_WPAN/App/custom_app.o
                0x0000000008004892                Custom_APP_Notification
 .text.Custom_APP_Init
                0x0000000008004894        0x2 ./STM32_WPAN/App/custom_app.o
                0x0000000008004894                Custom_APP_Init
 *fill*         0x0000000008004896        0x2 
 .text.Custom_STM_Event_Handler
                0x0000000008004898       0x94 ./STM32_WPAN/App/custom_stm.o
 .text.SVCCTL_InitCustomSvc
                0x000000000800492c      0x188 ./STM32_WPAN/App/custom_stm.o
                0x000000000800492c                SVCCTL_InitCustomSvc
 .text.Custom_STM_App_Update_Char
                0x0000000008004ab4       0x30 ./STM32_WPAN/App/custom_stm.o
                0x0000000008004ab4                Custom_STM_App_Update_Char
 .text.HW_IPCC_Enable
                0x0000000008004ae4       0x50 ./STM32_WPAN/Target/hw_ipcc.o
                0x0000000008004ae4                HW_IPCC_Enable
 .text.HW_IPCC_Init
                0x0000000008004b34       0x40 ./STM32_WPAN/Target/hw_ipcc.o
                0x0000000008004b34                HW_IPCC_Init
 .text.HW_IPCC_BLE_Init
                0x0000000008004b74       0x10 ./STM32_WPAN/Target/hw_ipcc.o
                0x0000000008004b74                HW_IPCC_BLE_Init
 .text.HW_IPCC_BLE_SendCmd
                0x0000000008004b84       0x10 ./STM32_WPAN/Target/hw_ipcc.o
                0x0000000008004b84                HW_IPCC_BLE_SendCmd
 .text.HW_IPCC_SYS_Init
                0x0000000008004b94       0x10 ./STM32_WPAN/Target/hw_ipcc.o
                0x0000000008004b94                HW_IPCC_SYS_Init
 .text.HW_IPCC_SYS_SendCmd
                0x0000000008004ba4       0x18 ./STM32_WPAN/Target/hw_ipcc.o
                0x0000000008004ba4                HW_IPCC_SYS_SendCmd
 .text.HW_IPCC_Tx_Handler
                0x0000000008004bbc       0x64 ./STM32_WPAN/Target/hw_ipcc.o
                0x0000000008004bbc                HW_IPCC_Tx_Handler
 .text.HW_IPCC_MM_SendFreeBuf
                0x0000000008004c20       0x2c ./STM32_WPAN/Target/hw_ipcc.o
                0x0000000008004c20                HW_IPCC_MM_SendFreeBuf
 .text.HW_IPCC_TRACES_Init
                0x0000000008004c4c       0x10 ./STM32_WPAN/Target/hw_ipcc.o
                0x0000000008004c4c                HW_IPCC_TRACES_Init
 .text.HW_IPCC_Rx_Handler
                0x0000000008004c5c       0x48 ./STM32_WPAN/Target/hw_ipcc.o
                0x0000000008004c5c                HW_IPCC_Rx_Handler
 .text.UTIL_LPM_Init
                0x0000000008004ca4       0x14 ./Utilities/lpm/tiny_lpm/stm32_lpm.o
                0x0000000008004ca4                UTIL_LPM_Init
 .text.UTIL_LPM_SetOffMode
                0x0000000008004cb8       0x2c ./Utilities/lpm/tiny_lpm/stm32_lpm.o
                0x0000000008004cb8                UTIL_LPM_SetOffMode
 .text.UTIL_SEQ_SetTask
                0x0000000008004ce4       0x2c ./Utilities/sequencer/stm32_seq.o
                0x0000000008004ce4                UTIL_SEQ_SetTask
 .text.UTIL_SEQ_PauseTask
                0x0000000008004d10       0x1c ./Utilities/sequencer/stm32_seq.o
                0x0000000008004d10                UTIL_SEQ_PauseTask
 .text.UTIL_SEQ_ResumeTask
                0x0000000008004d2c       0x18 ./Utilities/sequencer/stm32_seq.o
                0x0000000008004d2c                UTIL_SEQ_ResumeTask
 .text.UTIL_SEQ_SetEvt
                0x0000000008004d44       0x18 ./Utilities/sequencer/stm32_seq.o
                0x0000000008004d44                UTIL_SEQ_SetEvt
 .text.UTIL_SEQ_PreIdle
                0x0000000008004d5c        0x2 ./Utilities/sequencer/stm32_seq.o
                0x0000000008004d5c                UTIL_SEQ_PreIdle
 .text.UTIL_SEQ_PostIdle
                0x0000000008004d5e        0x2 ./Utilities/sequencer/stm32_seq.o
                0x0000000008004d5e                UTIL_SEQ_PostIdle
 .text.SEQ_BitPosition
                0x0000000008004d60       0x40 ./Utilities/sequencer/stm32_seq.o
                0x0000000008004d60                SEQ_BitPosition
 .text.UTIL_SEQ_Run
                0x0000000008004da0      0x118 ./Utilities/sequencer/stm32_seq.o
                0x0000000008004da0                UTIL_SEQ_Run
 .text.UTIL_SEQ_WaitEvt
                0x0000000008004eb8       0x5c ./Utilities/sequencer/stm32_seq.o
                0x0000000008004eb8                UTIL_SEQ_WaitEvt
 .text.UTIL_SEQ_RegTask
                0x0000000008004f14       0x20 ./Utilities/sequencer/stm32_seq.o
                0x0000000008004f14                UTIL_SEQ_RegTask
 .text.__errno  0x0000000008004f34        0xc c:/st/stm32cubeide_1.4.0/stm32cubeide/plugins/com.st.stm32cube.ide.mcu.externaltools.gnu-tools-for-stm32.10.3-2021.10.win32_1.0.0.202111181127/tools/bin/../lib/gcc/arm-none-eabi/10.3.1/../../../../arm-none-eabi/lib/thumb/v7e-m+fp/hard\libc_nano.a(lib_a-errno.o)
                0x0000000008004f34                __errno
 .text.__libc_init_array
                0x0000000008004f40       0x48 c:/st/stm32cubeide_1.4.0/stm32cubeide/plugins/com.st.stm32cube.ide.mcu.externaltools.gnu-tools-for-stm32.10.3-2021.10.win32_1.0.0.202111181127/tools/bin/../lib/gcc/arm-none-eabi/10.3.1/../../../../arm-none-eabi/lib/thumb/v7e-m+fp/hard\libc_nano.a(lib_a-init.o)
                0x0000000008004f40                __libc_init_array
 .text.memcpy   0x0000000008004f88       0x1c c:/st/stm32cubeide_1.4.0/stm32cubeide/plugins/com.st.stm32cube.ide.mcu.externaltools.gnu-tools-for-stm32.10.3-2021.10.win32_1.0.0.202111181127/tools/bin/../lib/gcc/arm-none-eabi/10.3.1/../../../../arm-none-eabi/lib/thumb/v7e-m+fp/hard\libc_nano.a(lib_a-memcpy-stub.o)
                0x0000000008004f88                memcpy
 .text.memmove  0x0000000008004fa4       0x34 c:/st/stm32cubeide_1.4.0/stm32cubeide/plugins/com.st.stm32cube.ide.mcu.externaltools.gnu-tools-for-stm32.10.3-2021.10.win32_1.0.0.202111181127/tools/bin/../lib/gcc/arm-none-eabi/10.3.1/../../../../arm-none-eabi/lib/thumb/v7e-m+fp/hard\libc_nano.a(lib_a-memmove.o)
                0x0000000008004fa4                memmove
 .text.memset   0x0000000008004fd8       0x10 c:/st/stm32cubeide_1.4.0/stm32cubeide/plugins/com.st.stm32cube.ide.mcu.externaltools.gnu-tools-for-stm32.10.3-2021.10.win32_1.0.0.202111181127/tools/bin/../lib/gcc/arm-none-eabi/10.3.1/../../../../arm-none-eabi/lib/thumb/v7e-m+fp/hard\libc_nano.a(lib_a-memset.o)
                0x0000000008004fd8                memset
 .text.sprintf  0x0000000008004fe8       0x40 c:/st/stm32cubeide_1.4.0/stm32cubeide/plugins/com.st.stm32cube.ide.mcu.externaltools.gnu-tools-for-stm32.10.3-2021.10.win32_1.0.0.202111181127/tools/bin/../lib/gcc/arm-none-eabi/10.3.1/../../../../arm-none-eabi/lib/thumb/v7e-m+fp/hard\libc_nano.a(lib_a-sprintf.o)
                0x0000000008004fe8                siprintf
                0x0000000008004fe8                sprintf
 .text.strcpy   0x0000000008005028       0x10 c:/st/stm32cubeide_1.4.0/stm32cubeide/plugins/com.st.stm32cube.ide.mcu.externaltools.gnu-tools-for-stm32.10.3-2021.10.win32_1.0.0.202111181127/tools/bin/../lib/gcc/arm-none-eabi/10.3.1/../../../../arm-none-eabi/lib/thumb/v7e-m+fp/hard\libc_nano.a(lib_a-strcpy.o)
                0x0000000008005028                strcpy
 .text.__retarget_lock_acquire_recursive
                0x0000000008005038        0x2 c:/st/stm32cubeide_1.4.0/stm32cubeide/plugins/com.st.stm32cube.ide.mcu.externaltools.gnu-tools-for-stm32.10.3-2021.10.win32_1.0.0.202111181127/tools/bin/../lib/gcc/arm-none-eabi/10.3.1/../../../../arm-none-eabi/lib/thumb/v7e-m+fp/hard\libc_nano.a(lib_a-lock.o)
                0x0000000008005038                __retarget_lock_acquire_recursive
 .text.__retarget_lock_release_recursive
                0x000000000800503a        0x2 c:/st/stm32cubeide_1.4.0/stm32cubeide/plugins/com.st.stm32cube.ide.mcu.externaltools.gnu-tools-for-stm32.10.3-2021.10.win32_1.0.0.202111181127/tools/bin/../lib/gcc/arm-none-eabi/10.3.1/../../../../arm-none-eabi/lib/thumb/v7e-m+fp/hard\libc_nano.a(lib_a-lock.o)
                0x000000000800503a                __retarget_lock_release_recursive
 .text.sbrk_aligned
                0x000000000800503c       0x40 c:/st/stm32cubeide_1.4.0/stm32cubeide/plugins/com.st.stm32cube.ide.mcu.externaltools.gnu-tools-for-stm32.10.3-2021.10.win32_1.0.0.202111181127/tools/bin/../lib/gcc/arm-none-eabi/10.3.1/../../../../arm-none-eabi/lib/thumb/v7e-m+fp/hard\libc_nano.a(lib_a-nano-mallocr.o)
 .text._malloc_r
                0x000000000800507c       0xe8 c:/st/stm32cubeide_1.4.0/stm32cubeide/plugins/com.st.stm32cube.ide.mcu.externaltools.gnu-tools-for-stm32.10.3-2021.10.win32_1.0.0.202111181127/tools/bin/../lib/gcc/arm-none-eabi/10.3.1/../../../../arm-none-eabi/lib/thumb/v7e-m+fp/hard\libc_nano.a(lib_a-nano-mallocr.o)
                0x000000000800507c                _malloc_r
 .text.__ssputs_r
                0x0000000008005164       0xb6 c:/st/stm32cubeide_1.4.0/stm32cubeide/plugins/com.st.stm32cube.ide.mcu.externaltools.gnu-tools-for-stm32.10.3-2021.10.win32_1.0.0.202111181127/tools/bin/../lib/gcc/arm-none-eabi/10.3.1/../../../../arm-none-eabi/lib/thumb/v7e-m+fp/hard\libc_nano.a(lib_a-nano-svfprintf.o)
                0x0000000008005164                __ssputs_r
 *fill*         0x000000000800521a        0x2 
 .text._svfprintf_r
                0x000000000800521c      0x200 c:/st/stm32cubeide_1.4.0/stm32cubeide/plugins/com.st.stm32cube.ide.mcu.externaltools.gnu-tools-for-stm32.10.3-2021.10.win32_1.0.0.202111181127/tools/bin/../lib/gcc/arm-none-eabi/10.3.1/../../../../arm-none-eabi/lib/thumb/v7e-m+fp/hard\libc_nano.a(lib_a-nano-svfprintf.o)
                0x000000000800521c                _svfiprintf_r
                0x000000000800521c                _svfprintf_r
 .text._printf_common
                0x000000000800541c       0xda c:/st/stm32cubeide_1.4.0/stm32cubeide/plugins/com.st.stm32cube.ide.mcu.externaltools.gnu-tools-for-stm32.10.3-2021.10.win32_1.0.0.202111181127/tools/bin/../lib/gcc/arm-none-eabi/10.3.1/../../../../arm-none-eabi/lib/thumb/v7e-m+fp/hard\libc_nano.a(lib_a-nano-vfprintf_i.o)
                0x000000000800541c                _printf_common
 *fill*         0x00000000080054f6        0x2 
 .text._printf_i
                0x00000000080054f8      0x24c c:/st/stm32cubeide_1.4.0/stm32cubeide/plugins/com.st.stm32cube.ide.mcu.externaltools.gnu-tools-for-stm32.10.3-2021.10.win32_1.0.0.202111181127/tools/bin/../lib/gcc/arm-none-eabi/10.3.1/../../../../arm-none-eabi/lib/thumb/v7e-m+fp/hard\libc_nano.a(lib_a-nano-vfprintf_i.o)
                0x00000000080054f8                _printf_i
 .text._sbrk_r  0x0000000008005744       0x20 c:/st/stm32cubeide_1.4.0/stm32cubeide/plugins/com.st.stm32cube.ide.mcu.externaltools.gnu-tools-for-stm32.10.3-2021.10.win32_1.0.0.202111181127/tools/bin/../lib/gcc/arm-none-eabi/10.3.1/../../../../arm-none-eabi/lib/thumb/v7e-m+fp/hard\libc_nano.a(lib_a-sbrkr.o)
                0x0000000008005744                _sbrk_r
 .text.__malloc_lock
                0x0000000008005764        0xc c:/st/stm32cubeide_1.4.0/stm32cubeide/plugins/com.st.stm32cube.ide.mcu.externaltools.gnu-tools-for-stm32.10.3-2021.10.win32_1.0.0.202111181127/tools/bin/../lib/gcc/arm-none-eabi/10.3.1/../../../../arm-none-eabi/lib/thumb/v7e-m+fp/hard\libc_nano.a(lib_a-mlock.o)
                0x0000000008005764                __malloc_lock
 .text.__malloc_unlock
                0x0000000008005770        0xc c:/st/stm32cubeide_1.4.0/stm32cubeide/plugins/com.st.stm32cube.ide.mcu.externaltools.gnu-tools-for-stm32.10.3-2021.10.win32_1.0.0.202111181127/tools/bin/../lib/gcc/arm-none-eabi/10.3.1/../../../../arm-none-eabi/lib/thumb/v7e-m+fp/hard\libc_nano.a(lib_a-mlock.o)
                0x0000000008005770                __malloc_unlock
 .text._free_r  0x000000000800577c       0x98 c:/st/stm32cubeide_1.4.0/stm32cubeide/plugins/com.st.stm32cube.ide.mcu.externaltools.gnu-tools-for-stm32.10.3-2021.10.win32_1.0.0.202111181127/tools/bin/../lib/gcc/arm-none-eabi/10.3.1/../../../../arm-none-eabi/lib/thumb/v7e-m+fp/hard\libc_nano.a(lib_a-nano-freer.o)
                0x000000000800577c                _free_r
 .text._realloc_r
                0x0000000008005814       0x5e c:/st/stm32cubeide_1.4.0/stm32cubeide/plugins/com.st.stm32cube.ide.mcu.externaltools.gnu-tools-for-stm32.10.3-2021.10.win32_1.0.0.202111181127/tools/bin/../lib/gcc/arm-none-eabi/10.3.1/../../../../arm-none-eabi/lib/thumb/v7e-m+fp/hard\libc_nano.a(lib_a-nano-reallocr.o)
                0x0000000008005814                _realloc_r
 .text._malloc_usable_size_r
                0x0000000008005872       0x10 c:/st/stm32cubeide_1.4.0/stm32cubeide/plugins/com.st.stm32cube.ide.mcu.externaltools.gnu-tools-for-stm32.10.3-2021.10.win32_1.0.0.202111181127/tools/bin/../lib/gcc/arm-none-eabi/10.3.1/../../../../arm-none-eabi/lib/thumb/v7e-m+fp/hard\libc_nano.a(lib_a-nano-msizer.o)
                0x0000000008005872                _malloc_usable_size_r
 *(.glue_7)
 .glue_7        0x0000000008005882        0x0 linker stubs
 *(.glue_7t)
 .glue_7t       0x0000000008005882        0x0 linker stubs
 *(.eh_frame)
 *fill*         0x0000000008005882        0x2 
 .eh_frame      0x0000000008005884        0x0 c:/st/stm32cubeide_1.4.0/stm32cubeide/plugins/com.st.stm32cube.ide.mcu.externaltools.gnu-tools-for-stm32.10.3-2021.10.win32_1.0.0.202111181127/tools/bin/../lib/gcc/arm-none-eabi/10.3.1/thumb/v7e-m+fp/hard/crtbegin.o
 *(.init)
 .init          0x0000000008005884        0x4 c:/st/stm32cubeide_1.4.0/stm32cubeide/plugins/com.st.stm32cube.ide.mcu.externaltools.gnu-tools-for-stm32.10.3-2021.10.win32_1.0.0.202111181127/tools/bin/../lib/gcc/arm-none-eabi/10.3.1/thumb/v7e-m+fp/hard/crti.o
                0x0000000008005884                _init
 .init          0x0000000008005888        0x8 c:/st/stm32cubeide_1.4.0/stm32cubeide/plugins/com.st.stm32cube.ide.mcu.externaltools.gnu-tools-for-stm32.10.3-2021.10.win32_1.0.0.202111181127/tools/bin/../lib/gcc/arm-none-eabi/10.3.1/thumb/v7e-m+fp/hard/crtn.o
 *(.fini)
 .fini          0x0000000008005890        0x4 c:/st/stm32cubeide_1.4.0/stm32cubeide/plugins/com.st.stm32cube.ide.mcu.externaltools.gnu-tools-for-stm32.10.3-2021.10.win32_1.0.0.202111181127/tools/bin/../lib/gcc/arm-none-eabi/10.3.1/thumb/v7e-m+fp/hard/crti.o
                0x0000000008005890                _fini
 .fini          0x0000000008005894        0x8 c:/st/stm32cubeide_1.4.0/stm32cubeide/plugins/com.st.stm32cube.ide.mcu.externaltools.gnu-tools-for-stm32.10.3-2021.10.win32_1.0.0.202111181127/tools/bin/../lib/gcc/arm-none-eabi/10.3.1/thumb/v7e-m+fp/hard/crtn.o
                0x000000000800589c                . = ALIGN (0x4)
                0x000000000800589c                _etext = .

.vfp11_veneer   0x000000000800589c        0x0
 .vfp11_veneer  0x000000000800589c        0x0 linker stubs

.v4_bx          0x000000000800589c        0x0
 .v4_bx         0x000000000800589c        0x0 linker stubs

.iplt           0x000000000800589c        0x0
 .iplt          0x000000000800589c        0x0 c:/st/stm32cubeide_1.4.0/stm32cubeide/plugins/com.st.stm32cube.ide.mcu.externaltools.gnu-tools-for-stm32.10.3-2021.10.win32_1.0.0.202111181127/tools/bin/../lib/gcc/arm-none-eabi/10.3.1/thumb/v7e-m+fp/hard/crtbegin.o

.rodata         0x000000000800589c     0x32d8
                0x000000000800589c                . = ALIGN (0x4)
 *(.rodata)
 .rodata        0x000000000800589c       0x1b ./Core/Src/app_debug.o
 *fill*         0x00000000080058b7        0x1 
 .rodata        0x00000000080058b8       0x20 ./Drivers/STM32WBxx_HAL_Driver/Src/stm32wbxx_hal_rcc.o
 .rodata        0x00000000080058d8       0x31 ./STM32_WPAN/App/app_ble.o
 *(.rodata*)
 .rodata.aGpioConfigList
                0x0000000008005909      0x130 ./Core/Src/app_debug.o
 .rodata.loop.str1.1
                0x0000000008005a39       0x25 ./Core/Src/main.o
 .rodata.main.str1.1
                0x0000000008005a5e       0x13 ./Core/Src/main.o
 .rodata.JaktoolLogoBMP
                0x0000000008005a71      0x13b ./Core/Src/main.o
 .rodata.Font11x18
                0x0000000008005bac      0xd5c ./Core/Src/ssd1306_fonts.o
 .rodata.Font16x26
                0x0000000008006908     0x134c ./Core/Src/ssd1306_fonts.o
 .rodata.Font6x8
                0x0000000008007c54      0x5f0 ./Core/Src/ssd1306_fonts.o
 .rodata.Font7x10
                0x0000000008008244      0x76c ./Core/Src/ssd1306_fonts.o
 .rodata.AHBPrescTable
                0x00000000080089b0       0x40 ./Core/Src/system_stm32wbxx.o
                0x00000000080089b0                AHBPrescTable
 .rodata.APBPrescTable
                0x00000000080089f0       0x20 ./Core/Src/system_stm32wbxx.o
                0x00000000080089f0                APBPrescTable
 .rodata.MSIRangeTable
                0x0000000008008a10       0x40 ./Core/Src/system_stm32wbxx.o
                0x0000000008008a10                MSIRangeTable
 .rodata.CSWTCH.62
                0x0000000008008a50        0x3 ./Drivers/STM32WBxx_HAL_Driver/Src/stm32wbxx_hal_uart.o
 *fill*         0x0000000008008a53        0x1 
 .rodata.UARTPrescTable
                0x0000000008008a54       0x18 ./Drivers/STM32WBxx_HAL_Driver/Src/stm32wbxx_hal_uart.o
                0x0000000008008a54                UARTPrescTable
 .rodata.denominator.0
                0x0000000008008a6c        0x8 ./Drivers/STM32WBxx_HAL_Driver/Src/stm32wbxx_hal_uart_ex.o
 .rodata.numerator.1
                0x0000000008008a74        0x8 ./Drivers/STM32WBxx_HAL_Driver/Src/stm32wbxx_hal_uart_ex.o
 .rodata.APP_BLE_Init.str1.1
                0x0000000008008a7c        0x9 ./STM32_WPAN/App/app_ble.o
 .rodata.BLE_CFG_ER_VALUE
                0x0000000008008a85       0x10 ./STM32_WPAN/App/app_ble.o
 .rodata.BLE_CFG_IR_VALUE
                0x0000000008008a95       0x10 ./STM32_WPAN/App/app_ble.o
 .rodata.M_bd_addr
                0x0000000008008aa5        0x6 ./STM32_WPAN/App/app_ble.o
 .rodata.myTask.str1.1
                0x0000000008008aab       0x12 ./STM32_WPAN/App/custom_app.o
 .rodata.Custom_STM_Event_Handler.str1.1
                0x0000000008008abd       0x12 ./STM32_WPAN/App/custom_stm.o
 .rodata.SEQ_clz_table_4bit
                0x0000000008008acf       0x10 ./Utilities/sequencer/stm32_seq.o
 *fill*         0x0000000008008adf        0x1 
 .rodata.__sf_fake_stderr
                0x0000000008008ae0       0x20 c:/st/stm32cubeide_1.4.0/stm32cubeide/plugins/com.st.stm32cube.ide.mcu.externaltools.gnu-tools-for-stm32.10.3-2021.10.win32_1.0.0.202111181127/tools/bin/../lib/gcc/arm-none-eabi/10.3.1/../../../../arm-none-eabi/lib/thumb/v7e-m+fp/hard\libc_nano.a(lib_a-findfp.o)
                0x0000000008008ae0                __sf_fake_stderr
 .rodata.__sf_fake_stdin
                0x0000000008008b00       0x20 c:/st/stm32cubeide_1.4.0/stm32cubeide/plugins/com.st.stm32cube.ide.mcu.externaltools.gnu-tools-for-stm32.10.3-2021.10.win32_1.0.0.202111181127/tools/bin/../lib/gcc/arm-none-eabi/10.3.1/../../../../arm-none-eabi/lib/thumb/v7e-m+fp/hard\libc_nano.a(lib_a-findfp.o)
                0x0000000008008b00                __sf_fake_stdin
 .rodata.__sf_fake_stdout
                0x0000000008008b20       0x20 c:/st/stm32cubeide_1.4.0/stm32cubeide/plugins/com.st.stm32cube.ide.mcu.externaltools.gnu-tools-for-stm32.10.3-2021.10.win32_1.0.0.202111181127/tools/bin/../lib/gcc/arm-none-eabi/10.3.1/../../../../arm-none-eabi/lib/thumb/v7e-m+fp/hard\libc_nano.a(lib_a-findfp.o)
                0x0000000008008b20                __sf_fake_stdout
 .rodata._svfprintf_r.str1.1
                0x0000000008008b40       0x11 c:/st/stm32cubeide_1.4.0/stm32cubeide/plugins/com.st.stm32cube.ide.mcu.externaltools.gnu-tools-for-stm32.10.3-2021.10.win32_1.0.0.202111181127/tools/bin/../lib/gcc/arm-none-eabi/10.3.1/../../../../arm-none-eabi/lib/thumb/v7e-m+fp/hard\libc_nano.a(lib_a-nano-svfprintf.o)
 .rodata._printf_i.str1.1
                0x0000000008008b51       0x22 c:/st/stm32cubeide_1.4.0/stm32cubeide/plugins/com.st.stm32cube.ide.mcu.externaltools.gnu-tools-for-stm32.10.3-2021.10.win32_1.0.0.202111181127/tools/bin/../lib/gcc/arm-none-eabi/10.3.1/../../../../arm-none-eabi/lib/thumb/v7e-m+fp/hard\libc_nano.a(lib_a-nano-vfprintf_i.o)
                0x0000000008008b74                . = ALIGN (0x4)
 *fill*         0x0000000008008b73        0x1 

.ARM.extab
 *(.ARM.extab* .gnu.linkonce.armextab.*)

.ARM            0x0000000008008b74        0x8
                0x0000000008008b74                __exidx_start = .
 *(.ARM.exidx*)
 .ARM.exidx     0x0000000008008b74        0x8 c:/st/stm32cubeide_1.4.0/stm32cubeide/plugins/com.st.stm32cube.ide.mcu.externaltools.gnu-tools-for-stm32.10.3-2021.10.win32_1.0.0.202111181127/tools/bin/../lib/gcc/arm-none-eabi/10.3.1/thumb/v7e-m+fp/hard\libgcc.a(_udivmoddi4.o)
                0x0000000008008b7c                __exidx_end = .

.rel.dyn        0x0000000008008b7c        0x0
 .rel.iplt      0x0000000008008b7c        0x0 c:/st/stm32cubeide_1.4.0/stm32cubeide/plugins/com.st.stm32cube.ide.mcu.externaltools.gnu-tools-for-stm32.10.3-2021.10.win32_1.0.0.202111181127/tools/bin/../lib/gcc/arm-none-eabi/10.3.1/thumb/v7e-m+fp/hard/crtbegin.o

.preinit_array  0x0000000008008b7c        0x0
                0x0000000008008b7c                PROVIDE (__preinit_array_start = .)
 *(.preinit_array*)
                0x0000000008008b7c                PROVIDE (__preinit_array_end = .)

.init_array     0x0000000008008b7c        0x4
                0x0000000008008b7c                PROVIDE (__init_array_start = .)
 *(SORT_BY_NAME(.init_array.*))
 *(.init_array*)
 .init_array    0x0000000008008b7c        0x4 c:/st/stm32cubeide_1.4.0/stm32cubeide/plugins/com.st.stm32cube.ide.mcu.externaltools.gnu-tools-for-stm32.10.3-2021.10.win32_1.0.0.202111181127/tools/bin/../lib/gcc/arm-none-eabi/10.3.1/thumb/v7e-m+fp/hard/crtbegin.o
                0x0000000008008b80                PROVIDE (__init_array_end = .)

.fini_array     0x0000000008008b80        0x4
                [!provide]                        PROVIDE (__fini_array_start = .)
 *(SORT_BY_NAME(.fini_array.*))
 *(.fini_array*)
 .fini_array    0x0000000008008b80        0x4 c:/st/stm32cubeide_1.4.0/stm32cubeide/plugins/com.st.stm32cube.ide.mcu.externaltools.gnu-tools-for-stm32.10.3-2021.10.win32_1.0.0.202111181127/tools/bin/../lib/gcc/arm-none-eabi/10.3.1/thumb/v7e-m+fp/hard/crtbegin.o
                [!provide]                        PROVIDE (__fini_array_end = .)
                0x0000000008008b84                _sidata = LOADADDR (.data)

.data           0x0000000020000004       0xa0 load address 0x0000000008008b84
                0x0000000020000004                . = ALIGN (0x4)
                0x0000000020000004                _sdata = .
 *(.data)
 *(.data*)
 .data.Font_11x18
                0x0000000020000004        0x8 ./Core/Src/ssd1306_fonts.o
                0x0000000020000004                Font_11x18
 .data.Font_16x26
                0x000000002000000c        0x8 ./Core/Src/ssd1306_fonts.o
                0x000000002000000c                Font_16x26
 .data.Font_6x8
                0x0000000020000014        0x8 ./Core/Src/ssd1306_fonts.o
                0x0000000020000014                Font_6x8
 .data.Font_7x10
                0x000000002000001c        0x8 ./Core/Src/ssd1306_fonts.o
                0x000000002000001c                Font_7x10
 .data.SystemCoreClock
                0x0000000020000024        0x4 ./Core/Src/system_stm32wbxx.o
                0x0000000020000024                SystemCoreClock
 .data.uwTickFreq
                0x0000000020000028        0x1 ./Drivers/STM32WBxx_HAL_Driver/Src/stm32wbxx_hal.o
                0x0000000020000028                uwTickFreq
 *fill*         0x0000000020000029        0x3 
 .data.uwTickPrio
                0x000000002000002c        0x4 ./Drivers/STM32WBxx_HAL_Driver/Src/stm32wbxx_hal.o
                0x000000002000002c                uwTickPrio
 .data.ad_data  0x0000000020000030        0x8 ./STM32_WPAN/App/app_ble.o
                0x0000000020000030                ad_data
 .data.SuperMask
                0x0000000020000038        0x4 ./Utilities/sequencer/stm32_seq.o
 .data.TaskMask
                0x000000002000003c        0x4 ./Utilities/sequencer/stm32_seq.o
 .data._impure_ptr
                0x0000000020000040        0x4 c:/st/stm32cubeide_1.4.0/stm32cubeide/plugins/com.st.stm32cube.ide.mcu.externaltools.gnu-tools-for-stm32.10.3-2021.10.win32_1.0.0.202111181127/tools/bin/../lib/gcc/arm-none-eabi/10.3.1/../../../../arm-none-eabi/lib/thumb/v7e-m+fp/hard\libc_nano.a(lib_a-impure.o)
                0x0000000020000040                _impure_ptr
 .data.impure_data
                0x0000000020000044       0x60 c:/st/stm32cubeide_1.4.0/stm32cubeide/plugins/com.st.stm32cube.ide.mcu.externaltools.gnu-tools-for-stm32.10.3-2021.10.win32_1.0.0.202111181127/tools/bin/../lib/gcc/arm-none-eabi/10.3.1/../../../../arm-none-eabi/lib/thumb/v7e-m+fp/hard\libc_nano.a(lib_a-impure.o)
 *(.RamFunc)
 *(.RamFunc*)
                0x00000000200000a4                . = ALIGN (0x4)
                0x00000000200000a4                _edata = .

.igot.plt       0x00000000200000a4        0x0 load address 0x0000000008008c24
 .igot.plt      0x00000000200000a4        0x0 c:/st/stm32cubeide_1.4.0/stm32cubeide/plugins/com.st.stm32cube.ide.mcu.externaltools.gnu-tools-for-stm32.10.3-2021.10.win32_1.0.0.202111181127/tools/bin/../lib/gcc/arm-none-eabi/10.3.1/thumb/v7e-m+fp/hard/crtbegin.o

TIMERSERVER_CONTEXT
                0x00000000200000a4       0x99 load address 0x0000000008008c24
 TIMERSERVER_CONTEXT
                0x00000000200000a4       0x99 ./Core/Src/hw_timerserver.o

BLE_DRIVER_CONTEXT
                0x0000000020000140       0x38 load address 0x0000000008008cbd
 BLE_DRIVER_CONTEXT
                0x0000000020000140       0x21 ./Middlewares/ST/STM32_WPAN/ble/svc/Src/svc_ctl.o
                0x0000000020000140                SVCCTL_EvtHandler
                0x0000000020000160                SVCCTL_CltHandler
 *fill*         0x0000000020000161        0x3 
 BLE_DRIVER_CONTEXT
                0x0000000020000164        0xe ./Middlewares/ST/STM32_WPAN/interface/patterns/ble_thread/tl/hci_tl.o
                0x0000000020000170                UserEventFlow
 BLE_DRIVER_CONTEXT
                0x0000000020000172        0x6 ./STM32_WPAN/App/custom_stm.o

SYSTEM_DRIVER_CONTEXT
                0x0000000020000178       0x11 load address 0x0000000008008cf5
 SYSTEM_DRIVER_CONTEXT
                0x0000000020000178       0x11 ./Middlewares/ST/STM32_WPAN/interface/patterns/ble_thread/tl/shci_tl.o
                0x0000000020000188                SHCI_TL_UserEventFlow

BLE_APP_CONTEXT
                0x000000002000018c       0x84 load address 0x0000000008008d06
 BLE_APP_CONTEXT
                0x000000002000018c       0x84 ./STM32_WPAN/App/app_ble.o
                0x0000000020000210                . = ALIGN (0x4)

.bss            0x0000000020000210      0x7e0 load address 0x0000000008008d8a
                0x0000000020000210                _sbss = .
                0x0000000020000210                __bss_start__ = _sbss
 *(.bss)
 .bss           0x0000000020000210       0x1c c:/st/stm32cubeide_1.4.0/stm32cubeide/plugins/com.st.stm32cube.ide.mcu.externaltools.gnu-tools-for-stm32.10.3-2021.10.win32_1.0.0.202111181127/tools/bin/../lib/gcc/arm-none-eabi/10.3.1/thumb/v7e-m+fp/hard/crtbegin.o
 *(.bss*)
 .bss.AsynchPrescalerUserConfig
                0x000000002000022c        0x1 ./Core/Src/hw_timerserver.o
 *fill*         0x000000002000022d        0x1 
 .bss.MaxWakeupTimerSetup
                0x000000002000022e        0x2 ./Core/Src/hw_timerserver.o
 .bss.SynchPrescalerUserConfig
                0x0000000020000230        0x2 ./Core/Src/hw_timerserver.o
 .bss.WakeupTimerDivider
                0x0000000020000232        0x1 ./Core/Src/hw_timerserver.o
 *fill*         0x0000000020000233        0x1 
 .bss.phrtc     0x0000000020000234        0x4 ./Core/Src/hw_timerserver.o
 .bss.hi2c1     0x0000000020000238       0x4c ./Core/Src/main.o
                0x0000000020000238                hi2c1
 .bss.hipcc     0x0000000020000284       0x3c ./Core/Src/main.o
                0x0000000020000284                hipcc
 .bss.hrtc      0x00000000200002c0       0x24 ./Core/Src/main.o
                0x00000000200002c0                hrtc
 .bss.huart1    0x00000000200002e4       0x90 ./Core/Src/main.o
                0x00000000200002e4                huart1
 .bss.SSD1306   0x0000000020000374        0x8 ./Core/Src/ssd1306.o
 .bss.SSD1306_Buffer
                0x000000002000037c      0x400 ./Core/Src/ssd1306.o
 .bss.__sbrk_heap_end
                0x000000002000077c        0x4 ./Core/Src/sysmem.o
 .bss.uwTick    0x0000000020000780        0x4 ./Drivers/STM32WBxx_HAL_Driver/Src/stm32wbxx_hal.o
                0x0000000020000780                uwTick
 .bss.HciCmdEventQueue
                0x0000000020000784        0x8 ./Middlewares/ST/STM32_WPAN/interface/patterns/ble_thread/tl/hci_tl.o
 .bss.StatusNotCallBackFunction
                0x000000002000078c        0x4 ./Middlewares/ST/STM32_WPAN/interface/patterns/ble_thread/tl/hci_tl.o
 .bss.hciContext
                0x0000000020000790       0x20 ./Middlewares/ST/STM32_WPAN/interface/patterns/ble_thread/tl/hci_tl.o
 .bss.StatusNotCallBackFunction
                0x00000000200007b0        0x4 ./Middlewares/ST/STM32_WPAN/interface/patterns/ble_thread/tl/shci_tl.o
 .bss.shciContext
                0x00000000200007b4       0x20 ./Middlewares/ST/STM32_WPAN/interface/patterns/ble_thread/tl/shci_tl.o
 .bss.BLE_IoBusAclDataTxAck
                0x00000000200007d4        0x4 ./Middlewares/ST/STM32_WPAN/interface/patterns/ble_thread/tl/tl_mbox.o
 .bss.BLE_IoBusEvtCallBackFunction
                0x00000000200007d8        0x4 ./Middlewares/ST/STM32_WPAN/interface/patterns/ble_thread/tl/tl_mbox.o
 .bss.LocalFreeBufQueue
                0x00000000200007dc        0x8 ./Middlewares/ST/STM32_WPAN/interface/patterns/ble_thread/tl/tl_mbox.o
 .bss.SYS_CMD_IoBusCallBackFunction
                0x00000000200007e4        0x4 ./Middlewares/ST/STM32_WPAN/interface/patterns/ble_thread/tl/tl_mbox.o
 .bss.SYS_EVT_IoBusCallBackFunction
                0x00000000200007e8        0x4 ./Middlewares/ST/STM32_WPAN/interface/patterns/ble_thread/tl/tl_mbox.o
 .bss.bd_addr_udn
                0x00000000200007ec        0x6 ./STM32_WPAN/App/app_ble.o
 .bss.handleNotification
                0x00000000200007f2        0x4 ./STM32_WPAN/App/app_ble.o
                0x00000000200007f2                handleNotification
 .bss.NOTIFY_MSG
                0x00000000200007f6       0x23 ./STM32_WPAN/App/custom_app.o
                0x00000000200007f6                NOTIFY_MSG
 .bss.UpdateCharData
                0x0000000020000819       0xf7 ./STM32_WPAN/App/custom_app.o
                0x0000000020000819                UpdateCharData
 .bss.BLE_MSG   0x0000000020000910       0x23 ./STM32_WPAN/App/custom_stm.o
                0x0000000020000910                BLE_MSG
 *fill*         0x0000000020000933        0x1 
 .bss.FreeBufCb
                0x0000000020000934        0x4 ./STM32_WPAN/Target/hw_ipcc.o
 .bss.OffModeDisable
                0x0000000020000938        0x4 ./Utilities/lpm/tiny_lpm/stm32_lpm.o
 .bss.StopModeDisable
                0x000000002000093c        0x4 ./Utilities/lpm/tiny_lpm/stm32_lpm.o
 .bss.CurrentTaskIdx
                0x0000000020000940        0x4 ./Utilities/sequencer/stm32_seq.o
 .bss.EvtSet    0x0000000020000944        0x4 ./Utilities/sequencer/stm32_seq.o
 .bss.EvtWaited
                0x0000000020000948        0x4 ./Utilities/sequencer/stm32_seq.o
 .bss.TaskCb    0x000000002000094c       0x80 ./Utilities/sequencer/stm32_seq.o
 .bss.TaskPrio  0x00000000200009cc       0x10 ./Utilities/sequencer/stm32_seq.o
 .bss.TaskSet   0x00000000200009dc        0x4 ./Utilities/sequencer/stm32_seq.o
 .bss.__lock___malloc_recursive_mutex
                0x00000000200009e0        0x1 c:/st/stm32cubeide_1.4.0/stm32cubeide/plugins/com.st.stm32cube.ide.mcu.externaltools.gnu-tools-for-stm32.10.3-2021.10.win32_1.0.0.202111181127/tools/bin/../lib/gcc/arm-none-eabi/10.3.1/../../../../arm-none-eabi/lib/thumb/v7e-m+fp/hard\libc_nano.a(lib_a-lock.o)
                0x00000000200009e0                __lock___malloc_recursive_mutex
 *fill*         0x00000000200009e1        0x3 
 .bss.__malloc_free_list
                0x00000000200009e4        0x4 c:/st/stm32cubeide_1.4.0/stm32cubeide/plugins/com.st.stm32cube.ide.mcu.externaltools.gnu-tools-for-stm32.10.3-2021.10.win32_1.0.0.202111181127/tools/bin/../lib/gcc/arm-none-eabi/10.3.1/../../../../arm-none-eabi/lib/thumb/v7e-m+fp/hard\libc_nano.a(lib_a-nano-mallocr.o)
                0x00000000200009e4                __malloc_free_list
 .bss.__malloc_sbrk_start
                0x00000000200009e8        0x4 c:/st/stm32cubeide_1.4.0/stm32cubeide/plugins/com.st.stm32cube.ide.mcu.externaltools.gnu-tools-for-stm32.10.3-2021.10.win32_1.0.0.202111181127/tools/bin/../lib/gcc/arm-none-eabi/10.3.1/../../../../arm-none-eabi/lib/thumb/v7e-m+fp/hard\libc_nano.a(lib_a-nano-mallocr.o)
                0x00000000200009e8                __malloc_sbrk_start
 .bss.errno     0x00000000200009ec        0x4 c:/st/stm32cubeide_1.4.0/stm32cubeide/plugins/com.st.stm32cube.ide.mcu.externaltools.gnu-tools-for-stm32.10.3-2021.10.win32_1.0.0.202111181127/tools/bin/../lib/gcc/arm-none-eabi/10.3.1/../../../../arm-none-eabi/lib/thumb/v7e-m+fp/hard\libc_nano.a(lib_a-reent.o)
                0x00000000200009ec                errno
 *(COMMON)
                0x00000000200009f0                . = ALIGN (0x4)
                0x00000000200009f0                _ebss = .
                0x00000000200009f0                __bss_end__ = _ebss

._user_heap_stack
                0x00000000200009f0      0x600 load address 0x0000000008008d8a
                0x00000000200009f0                . = ALIGN (0x8)
                [!provide]                        PROVIDE (end = .)
                0x00000000200009f0                PROVIDE (_end = .)
                0x0000000020000bf0                . = (. + _Min_Heap_Size)
 *fill*         0x00000000200009f0      0x200 
                0x0000000020000ff0                . = (. + _Min_Stack_Size)
 *fill*         0x0000000020000bf0      0x400 
                0x0000000020000ff0                . = ALIGN (0x8)

/DISCARD/
 libc.a(*)
 libm.a(*)
 libgcc.a(*)

.ARM.attributes
                0x0000000000000000       0x30
 *(.ARM.attributes)
 .ARM.attributes
                0x0000000000000000       0x1e c:/st/stm32cubeide_1.4.0/stm32cubeide/plugins/com.st.stm32cube.ide.mcu.externaltools.gnu-tools-for-stm32.10.3-2021.10.win32_1.0.0.202111181127/tools/bin/../lib/gcc/arm-none-eabi/10.3.1/thumb/v7e-m+fp/hard/crti.o
 .ARM.attributes
                0x000000000000001e       0x34 c:/st/stm32cubeide_1.4.0/stm32cubeide/plugins/com.st.stm32cube.ide.mcu.externaltools.gnu-tools-for-stm32.10.3-2021.10.win32_1.0.0.202111181127/tools/bin/../lib/gcc/arm-none-eabi/10.3.1/thumb/v7e-m+fp/hard/crtbegin.o
 .ARM.attributes
                0x0000000000000052       0x34 ./Core/Src/BitmapLibrary.o
 .ARM.attributes
                0x0000000000000086       0x34 ./Core/Src/OLED.o
 .ARM.attributes
                0x00000000000000ba       0x34 ./Core/Src/app_debug.o
 .ARM.attributes
                0x00000000000000ee       0x34 ./Core/Src/app_entry.o
 .ARM.attributes
                0x0000000000000122       0x34 ./Core/Src/hw_timerserver.o
 .ARM.attributes
                0x0000000000000156       0x34 ./Core/Src/main.o
 .ARM.attributes
                0x000000000000018a       0x34 ./Core/Src/ssd1306.o
 .ARM.attributes
                0x00000000000001be       0x34 ./Core/Src/ssd1306_fonts.o
 .ARM.attributes
                0x00000000000001f2       0x34 ./Core/Src/stm32wbxx_hal_msp.o
 .ARM.attributes
                0x0000000000000226       0x34 ./Core/Src/stm32wbxx_it.o
 .ARM.attributes
                0x000000000000025a       0x34 ./Core/Src/sysmem.o
 .ARM.attributes
                0x000000000000028e       0x34 ./Core/Src/system_stm32wbxx.o
 .ARM.attributes
                0x00000000000002c2       0x21 ./Core/Startup/startup_stm32wb55rgvx.o
 .ARM.attributes
                0x00000000000002e3       0x34 ./Drivers/STM32WBxx_HAL_Driver/Src/stm32wbxx_hal.o
 .ARM.attributes
                0x0000000000000317       0x34 ./Drivers/STM32WBxx_HAL_Driver/Src/stm32wbxx_hal_cortex.o
 .ARM.attributes
                0x000000000000034b       0x34 ./Drivers/STM32WBxx_HAL_Driver/Src/stm32wbxx_hal_gpio.o
 .ARM.attributes
                0x000000000000037f       0x34 ./Drivers/STM32WBxx_HAL_Driver/Src/stm32wbxx_hal_hsem.o
 .ARM.attributes
                0x00000000000003b3       0x34 ./Drivers/STM32WBxx_HAL_Driver/Src/stm32wbxx_hal_i2c.o
 .ARM.attributes
                0x00000000000003e7       0x34 ./Drivers/STM32WBxx_HAL_Driver/Src/stm32wbxx_hal_i2c_ex.o
 .ARM.attributes
                0x000000000000041b       0x34 ./Drivers/STM32WBxx_HAL_Driver/Src/stm32wbxx_hal_ipcc.o
 .ARM.attributes
                0x000000000000044f       0x34 ./Drivers/STM32WBxx_HAL_Driver/Src/stm32wbxx_hal_pwr.o
 .ARM.attributes
                0x0000000000000483       0x34 ./Drivers/STM32WBxx_HAL_Driver/Src/stm32wbxx_hal_pwr_ex.o
 .ARM.attributes
                0x00000000000004b7       0x34 ./Drivers/STM32WBxx_HAL_Driver/Src/stm32wbxx_hal_rcc.o
 .ARM.attributes
                0x00000000000004eb       0x34 ./Drivers/STM32WBxx_HAL_Driver/Src/stm32wbxx_hal_rcc_ex.o
 .ARM.attributes
                0x000000000000051f       0x34 ./Drivers/STM32WBxx_HAL_Driver/Src/stm32wbxx_hal_rtc.o
 .ARM.attributes
                0x0000000000000553       0x34 ./Drivers/STM32WBxx_HAL_Driver/Src/stm32wbxx_hal_rtc_ex.o
 .ARM.attributes
                0x0000000000000587       0x34 ./Drivers/STM32WBxx_HAL_Driver/Src/stm32wbxx_hal_uart.o
 .ARM.attributes
                0x00000000000005bb       0x34 ./Drivers/STM32WBxx_HAL_Driver/Src/stm32wbxx_hal_uart_ex.o
 .ARM.attributes
                0x00000000000005ef       0x34 ./Middlewares/ST/STM32_WPAN/ble/core/auto/ble_gap_aci.o
 .ARM.attributes
                0x0000000000000623       0x34 ./Middlewares/ST/STM32_WPAN/ble/core/auto/ble_gatt_aci.o
 .ARM.attributes
                0x0000000000000657       0x34 ./Middlewares/ST/STM32_WPAN/ble/core/auto/ble_hal_aci.o
 .ARM.attributes
                0x000000000000068b       0x34 ./Middlewares/ST/STM32_WPAN/ble/core/auto/ble_hci_le.o
 .ARM.attributes
                0x00000000000006bf       0x34 ./Middlewares/ST/STM32_WPAN/ble/core/template/osal.o
 .ARM.attributes
                0x00000000000006f3       0x34 ./Middlewares/ST/STM32_WPAN/ble/svc/Src/svc_ctl.o
 .ARM.attributes
                0x0000000000000727       0x34 ./Middlewares/ST/STM32_WPAN/interface/patterns/ble_thread/shci/shci.o
 .ARM.attributes
                0x000000000000075b       0x34 ./Middlewares/ST/STM32_WPAN/interface/patterns/ble_thread/tl/hci_tl.o
 .ARM.attributes
                0x000000000000078f       0x34 ./Middlewares/ST/STM32_WPAN/interface/patterns/ble_thread/tl/hci_tl_if.o
 .ARM.attributes
                0x00000000000007c3       0x34 ./Middlewares/ST/STM32_WPAN/interface/patterns/ble_thread/tl/shci_tl.o
 .ARM.attributes
                0x00000000000007f7       0x34 ./Middlewares/ST/STM32_WPAN/interface/patterns/ble_thread/tl/shci_tl_if.o
 .ARM.attributes
                0x000000000000082b       0x34 ./Middlewares/ST/STM32_WPAN/interface/patterns/ble_thread/tl/tl_mbox.o
 .ARM.attributes
                0x000000000000085f       0x34 ./Middlewares/ST/STM32_WPAN/utilities/otp.o
 .ARM.attributes
                0x0000000000000893       0x34 ./Middlewares/ST/STM32_WPAN/utilities/stm_list.o
 .ARM.attributes
                0x00000000000008c7       0x34 ./STM32_WPAN/App/app_ble.o
 .ARM.attributes
                0x00000000000008fb       0x34 ./STM32_WPAN/App/custom_app.o
 .ARM.attributes
                0x000000000000092f       0x34 ./STM32_WPAN/App/custom_stm.o
 .ARM.attributes
                0x0000000000000963       0x34 ./STM32_WPAN/Target/hw_ipcc.o
 .ARM.attributes
                0x0000000000000997       0x34 ./Utilities/lpm/tiny_lpm/stm32_lpm.o
 .ARM.attributes
                0x00000000000009cb       0x34 ./Utilities/sequencer/stm32_seq.o
 .ARM.attributes
                0x00000000000009ff       0x34 c:/st/stm32cubeide_1.4.0/stm32cubeide/plugins/com.st.stm32cube.ide.mcu.externaltools.gnu-tools-for-stm32.10.3-2021.10.win32_1.0.0.202111181127/tools/bin/../lib/gcc/arm-none-eabi/10.3.1/../../../../arm-none-eabi/lib/thumb/v7e-m+fp/hard\libc_nano.a(lib_a-errno.o)
 .ARM.attributes